../Core/Programmer/util/led.c:17:6:LED_Toggle	8	static
../Core/Programmer/util/led.c:21:6:LED_On	8	static
../Core/Programmer/util/led.c:25:6:LED_Off	8	static
../Core/Programmer/util/led.c:30:6:LED_HandleBootState	16	static
../Core/Programmer/util/led.c:72:6:LED_HandleProgrammingState	8	static
../Core/Programmer/util/led.c:84:6:LED_HandleCompleteState	8	static
../Core/Programmer/util/led.c:92:6:LED_HandleFailedState	8	static
../Core/Programmer/util/led.c:100:6:LED_Handler	8	static
../Core/Programmer/util/led.c:142:6:LED_SetState	0	static
