../Core/Programmer/util/w25qxx.c:61:17:w25qxx_transmit	8	static
../Core/Programmer/util/w25qxx.c:72:17:w25qxx_receive	8	static
../Core/Programmer/util/w25qxx.c:80:10:w25qxx_read_id	24	static
../Core/Programmer/util/w25qxx.c:94:9:w25qxx_get_status	24	static
../Core/Programmer/util/w25qxx.c:107:17:w25qxx_write_enable	24	static
../Core/Programmer/util/w25qxx.c:120:17:w25qxx_wait_for_ready	24	static
../Core/Programmer/util/w25qxx.c:137:17:w25qxx_init	24	static
../Core/Programmer/util/w25qxx.c:209:17:w25qxx_read	32	static
../Core/Programmer/util/w25qxx.c:234:17:w25qxx_write	64	static
../Core/Programmer/util/w25qxx.c:282:17:w25qxx_erase	40	static
../Core/Programmer/util/w25qxx.c:322:17:w25qxx_chip_erase	16	static
