Archive member included to satisfy reference by file (symbol)

C:/ST/STM32CubeIDE_1.14.1/STM32CubeIDE/plugins/com.st.stm32cube.ide.mcu.externaltools.gnu-tools-for-stm32.12.3.rel1.win32_1.0.200.202406191623/tools/bin/../lib/gcc/arm-none-eabi/12.3.1/../../../../arm-none-eabi/lib/thumb/v7e-m+fp/hard\libc_nano.a(libc_a-exit.o)
                              C:/ST/STM32CubeIDE_1.14.1/STM32CubeIDE/plugins/com.st.stm32cube.ide.mcu.externaltools.gnu-tools-for-stm32.12.3.rel1.win32_1.0.200.202406191623/tools/bin/../lib/gcc/arm-none-eabi/12.3.1/../../../../arm-none-eabi/lib/thumb/v7e-m+fp/hard/crt0.o (exit)
C:/ST/STM32CubeIDE_1.14.1/STM32CubeIDE/plugins/com.st.stm32cube.ide.mcu.externaltools.gnu-tools-for-stm32.12.3.rel1.win32_1.0.200.202406191623/tools/bin/../lib/gcc/arm-none-eabi/12.3.1/../../../../arm-none-eabi/lib/thumb/v7e-m+fp/hard\libc_nano.a(libc_a-findfp.o)
                              C:/ST/STM32CubeIDE_1.14.1/STM32CubeIDE/plugins/com.st.stm32cube.ide.mcu.externaltools.gnu-tools-for-stm32.12.3.rel1.win32_1.0.200.202406191623/tools/bin/../lib/gcc/arm-none-eabi/12.3.1/../../../../arm-none-eabi/lib/thumb/v7e-m+fp/hard\libc_nano.a(libc_a-exit.o) (__stdio_exit_handler)
C:/ST/STM32CubeIDE_1.14.1/STM32CubeIDE/plugins/com.st.stm32cube.ide.mcu.externaltools.gnu-tools-for-stm32.12.3.rel1.win32_1.0.200.202406191623/tools/bin/../lib/gcc/arm-none-eabi/12.3.1/../../../../arm-none-eabi/lib/thumb/v7e-m+fp/hard\libc_nano.a(libc_a-fwalk.o)
                              C:/ST/STM32CubeIDE_1.14.1/STM32CubeIDE/plugins/com.st.stm32cube.ide.mcu.externaltools.gnu-tools-for-stm32.12.3.rel1.win32_1.0.200.202406191623/tools/bin/../lib/gcc/arm-none-eabi/12.3.1/../../../../arm-none-eabi/lib/thumb/v7e-m+fp/hard\libc_nano.a(libc_a-findfp.o) (_fwalk_sglue)
C:/ST/STM32CubeIDE_1.14.1/STM32CubeIDE/plugins/com.st.stm32cube.ide.mcu.externaltools.gnu-tools-for-stm32.12.3.rel1.win32_1.0.200.202406191623/tools/bin/../lib/gcc/arm-none-eabi/12.3.1/../../../../arm-none-eabi/lib/thumb/v7e-m+fp/hard\libc_nano.a(libc_a-printf.o)
                              ./Core/Programmer/swd/utils.o (printf)
C:/ST/STM32CubeIDE_1.14.1/STM32CubeIDE/plugins/com.st.stm32cube.ide.mcu.externaltools.gnu-tools-for-stm32.12.3.rel1.win32_1.0.200.202406191623/tools/bin/../lib/gcc/arm-none-eabi/12.3.1/../../../../arm-none-eabi/lib/thumb/v7e-m+fp/hard\libc_nano.a(libc_a-putchar.o)
                              ./Core/Programmer/util/w25qxx.o (putchar)
C:/ST/STM32CubeIDE_1.14.1/STM32CubeIDE/plugins/com.st.stm32cube.ide.mcu.externaltools.gnu-tools-for-stm32.12.3.rel1.win32_1.0.200.202406191623/tools/bin/../lib/gcc/arm-none-eabi/12.3.1/../../../../arm-none-eabi/lib/thumb/v7e-m+fp/hard\libc_nano.a(libc_a-puts.o)
                              ./Core/Programmer/target/Target.o (puts)
C:/ST/STM32CubeIDE_1.14.1/STM32CubeIDE/plugins/com.st.stm32cube.ide.mcu.externaltools.gnu-tools-for-stm32.12.3.rel1.win32_1.0.200.202406191623/tools/bin/../lib/gcc/arm-none-eabi/12.3.1/../../../../arm-none-eabi/lib/thumb/v7e-m+fp/hard\libc_nano.a(libc_a-stdio.o)
                              C:/ST/STM32CubeIDE_1.14.1/STM32CubeIDE/plugins/com.st.stm32cube.ide.mcu.externaltools.gnu-tools-for-stm32.12.3.rel1.win32_1.0.200.202406191623/tools/bin/../lib/gcc/arm-none-eabi/12.3.1/../../../../arm-none-eabi/lib/thumb/v7e-m+fp/hard\libc_nano.a(libc_a-findfp.o) (__sread)
C:/ST/STM32CubeIDE_1.14.1/STM32CubeIDE/plugins/com.st.stm32cube.ide.mcu.externaltools.gnu-tools-for-stm32.12.3.rel1.win32_1.0.200.202406191623/tools/bin/../lib/gcc/arm-none-eabi/12.3.1/../../../../arm-none-eabi/lib/thumb/v7e-m+fp/hard\libc_nano.a(libc_a-wbuf.o)
                              C:/ST/STM32CubeIDE_1.14.1/STM32CubeIDE/plugins/com.st.stm32cube.ide.mcu.externaltools.gnu-tools-for-stm32.12.3.rel1.win32_1.0.200.202406191623/tools/bin/../lib/gcc/arm-none-eabi/12.3.1/../../../../arm-none-eabi/lib/thumb/v7e-m+fp/hard\libc_nano.a(libc_a-puts.o) (__swbuf_r)
C:/ST/STM32CubeIDE_1.14.1/STM32CubeIDE/plugins/com.st.stm32cube.ide.mcu.externaltools.gnu-tools-for-stm32.12.3.rel1.win32_1.0.200.202406191623/tools/bin/../lib/gcc/arm-none-eabi/12.3.1/../../../../arm-none-eabi/lib/thumb/v7e-m+fp/hard\libc_nano.a(libc_a-wsetup.o)
                              C:/ST/STM32CubeIDE_1.14.1/STM32CubeIDE/plugins/com.st.stm32cube.ide.mcu.externaltools.gnu-tools-for-stm32.12.3.rel1.win32_1.0.200.202406191623/tools/bin/../lib/gcc/arm-none-eabi/12.3.1/../../../../arm-none-eabi/lib/thumb/v7e-m+fp/hard\libc_nano.a(libc_a-puts.o) (__swsetup_r)
C:/ST/STM32CubeIDE_1.14.1/STM32CubeIDE/plugins/com.st.stm32cube.ide.mcu.externaltools.gnu-tools-for-stm32.12.3.rel1.win32_1.0.200.202406191623/tools/bin/../lib/gcc/arm-none-eabi/12.3.1/../../../../arm-none-eabi/lib/thumb/v7e-m+fp/hard\libc_nano.a(libc_a-memset.o)
[...]
Memory Configuration

Name             Origin             Length             Attributes
CCMRAM           0x10000000         0x00010000         xrw
RAM              0x20000000         0x00030000         xrw
FLASH            0x08000000         0x00200000         xr
*default*        0x00000000         0xffffffff

Linker script and memory map

LOAD C:/ST/STM32CubeIDE_1.14.1/STM32CubeIDE/plugins/com.st.stm32cube.ide.mcu.externaltools.gnu-tools-for-stm32.12.3.rel1.win32_1.0.200.202406191623/tools/bin/../lib/gcc/arm-none-eabi/12.3.1/thumb/v7e-m+fp/hard/crti.o
LOAD C:/ST/STM32CubeIDE_1.14.1/STM32CubeIDE/plugins/com.st.stm32cube.ide.mcu.externaltools.gnu-tools-for-stm32.12.3.rel1.win32_1.0.200.202406191623/tools/bin/../lib/gcc/arm-none-eabi/12.3.1/thumb/v7e-m+fp/hard/crtbegin.o
LOAD C:/ST/STM32CubeIDE_1.14.1/STM32CubeIDE/plugins/com.st.stm32cube.ide.mcu.externaltools.gnu-tools-for-stm32.12.3.rel1.win32_1.0.200.202406191623/tools/bin/../lib/gcc/arm-none-eabi/12.3.1/../../../../arm-none-eabi/lib/thumb/v7e-m+fp/hard/crt0.o
LOAD ./Core/Programmer/swd/dap.o
LOAD ./Core/Programmer/swd/delay.o
LOAD ./Core/Programmer/swd/errors.o
LOAD ./Core/Programmer/swd/utils.o
LOAD ./Core/Programmer/target/Target.o
LOAD ./Core/Programmer/target/stm32c0_flash.o
LOAD ./Core/Programmer/target/stm32h7_flash.o
LOAD ./Core/Programmer/util/buzzer.o
LOAD ./Core/Programmer/util/ihex_parser.o
LOAD ./Core/Programmer/util/led.o
LOAD ./Core/Programmer/util/w25qxx.o
LOAD ./Core/Src/main.o
LOAD ./Core/Src/stm32f4xx_hal_msp.o
LOAD ./Core/Src/stm32f4xx_it.o
LOAD ./Core/Src/syscalls.o
LOAD ./Core/Src/sysmem.o
LOAD ./Core/Src/system_stm32f4xx.o
LOAD ./Core/Startup/startup_stm32f427vitx.o
LOAD ./Drivers/STM32F4xx_HAL_Driver/Src/stm32f4xx_hal.o
LOAD ./Drivers/STM32F4xx_HAL_Driver/Src/stm32f4xx_hal_cortex.o
LOAD ./Drivers/STM32F4xx_HAL_Driver/Src/stm32f4xx_hal_dma.o
LOAD ./Drivers/STM32F4xx_HAL_Driver/Src/stm32f4xx_hal_dma_ex.o
LOAD ./Drivers/STM32F4xx_HAL_Driver/Src/stm32f4xx_hal_exti.o
LOAD ./Drivers/STM32F4xx_HAL_Driver/Src/stm32f4xx_hal_flash.o
LOAD ./Drivers/STM32F4xx_HAL_Driver/Src/stm32f4xx_hal_flash_ex.o
LOAD ./Drivers/STM32F4xx_HAL_Driver/Src/stm32f4xx_hal_flash_ramfunc.o
LOAD ./Drivers/STM32F4xx_HAL_Driver/Src/stm32f4xx_hal_gpio.o
LOAD ./Drivers/STM32F4xx_HAL_Driver/Src/stm32f4xx_hal_pcd.o
LOAD ./Drivers/STM32F4xx_HAL_Driver/Src/stm32f4xx_hal_pcd_ex.o
LOAD ./Drivers/STM32F4xx_HAL_Driver/Src/stm32f4xx_hal_pwr.o
LOAD ./Drivers/STM32F4xx_HAL_Driver/Src/stm32f4xx_hal_pwr_ex.o
LOAD ./Drivers/STM32F4xx_HAL_Driver/Src/stm32f4xx_hal_rcc.o
LOAD ./Drivers/STM32F4xx_HAL_Driver/Src/stm32f4xx_hal_rcc_ex.o
LOAD ./Drivers/STM32F4xx_HAL_Driver/Src/stm32f4xx_hal_sd.o
LOAD ./Drivers/STM32F4xx_HAL_Driver/Src/stm32f4xx_hal_spi.o
LOAD ./Drivers/STM32F4xx_HAL_Driver/Src/stm32f4xx_hal_tim.o
LOAD ./Drivers/STM32F4xx_HAL_Driver/Src/stm32f4xx_hal_tim_ex.o
LOAD ./Drivers/STM32F4xx_HAL_Driver/Src/stm32f4xx_hal_uart.o
LOAD ./Drivers/STM32F4xx_HAL_Driver/Src/stm32f4xx_ll_sdmmc.o
LOAD ./Drivers/STM32F4xx_HAL_Driver/Src/stm32f4xx_ll_usb.o
LOAD ./FATFS/App/fatfs.o
LOAD ./FATFS/Target/bsp_driver_sd.o
LOAD ./FATFS/Target/fatfs_platform.o
LOAD ./FATFS/Target/sd_diskio.o
LOAD ./Middlewares/ST/STM32_USB_Device_Library/Class/MSC/Src/usbd_msc.o
LOAD ./Middlewares/ST/STM32_USB_Device_Library/Class/MSC/Src/usbd_msc_bot.o
LOAD ./Middlewares/ST/STM32_USB_Device_Library/Class/MSC/Src/usbd_msc_data.o
LOAD ./Middlewares/ST/STM32_USB_Device_Library/Class/MSC/Src/usbd_msc_scsi.o
LOAD ./Middlewares/ST/STM32_USB_Device_Library/Core/Src/usbd_core.o
LOAD ./Middlewares/ST/STM32_USB_Device_Library/Core/Src/usbd_ctlreq.o
LOAD ./Middlewares/ST/STM32_USB_Device_Library/Core/Src/usbd_ioreq.o
LOAD ./Middlewares/Third_Party/FatFs/src/diskio.o
LOAD ./Middlewares/Third_Party/FatFs/src/ff.o
LOAD ./Middlewares/Third_Party/FatFs/src/ff_gen_drv.o
LOAD ./Middlewares/Third_Party/FatFs/src/option/ccsbcs.o
LOAD ./Middlewares/Third_Party/FatFs/src/option/syscall.o
LOAD ./USB_DEVICE/App/usb_device.o
LOAD ./USB_DEVICE/App/usbd_desc.o
LOAD ./USB_DEVICE/App/usbd_storage_if.o
LOAD ./USB_DEVICE/Target/usbd_conf.o
START GROUP
LOAD C:/ST/STM32CubeIDE_1.14.1/STM32CubeIDE/plugins/com.st.stm32cube.ide.mcu.externaltools.gnu-tools-for-stm32.12.3.rel1.win32_1.0.200.202406191623/tools/bin/../lib/gcc/arm-none-eabi/12.3.1/../../../../arm-none-eabi/lib/thumb/v7e-m+fp/hard\libc_nano.a
LOAD C:/ST/STM32CubeIDE_1.14.1/STM32CubeIDE/plugins/com.st.stm32cube.ide.mcu.externaltools.gnu-tools-for-stm32.12.3.rel1.win32_1.0.200.202406191623/tools/bin/../lib/gcc/arm-none-eabi/12.3.1/../../../../arm-none-eabi/lib/thumb/v7e-m+fp/hard\libm.a
END GROUP
START GROUP
LOAD C:/ST/STM32CubeIDE_1.14.1/STM32CubeIDE/plugins/com.st.stm32cube.ide.mcu.externaltools.gnu-tools-for-stm32.12.3.rel1.win32_1.0.200.202406191623/tools/bin/../lib/gcc/arm-none-eabi/12.3.1/thumb/v7e-m+fp/hard\libgcc.a
LOAD C:/ST/STM32CubeIDE_1.14.1/STM32CubeIDE/plugins/com.st.stm32cube.ide.mcu.externaltools.gnu-tools-for-stm32.12.3.rel1.win32_1.0.200.202406191623/tools/bin/../lib/gcc/arm-none-eabi/12.3.1/../../../../arm-none-eabi/lib/thumb/v7e-m+fp/hard\libc_nano.a
END GROUP
START GROUP
LOAD C:/ST/STM32CubeIDE_1.14.1/STM32CubeIDE/plugins/com.st.stm32cube.ide.mcu.externaltools.gnu-tools-for-stm32.12.3.rel1.win32_1.0.200.202406191623/tools/bin/../lib/gcc/arm-none-eabi/12.3.1/thumb/v7e-m+fp/hard\libgcc.a
LOAD C:/ST/STM32CubeIDE_1.14.1/STM32CubeIDE/plugins/com.st.stm32cube.ide.mcu.externaltools.gnu-tools-for-stm32.12.3.rel1.win32_1.0.200.202406191623/tools/bin/../lib/gcc/arm-none-eabi/12.3.1/../../../../arm-none-eabi/lib/thumb/v7e-m+fp/hard\libc_nano.a
LOAD C:/ST/STM32CubeIDE_1.14.1/STM32CubeIDE/plugins/com.st.stm32cube.ide.mcu.externaltools.gnu-tools-for-stm32.12.3.rel1.win32_1.0.200.202406191623/tools/bin/../lib/gcc/arm-none-eabi/12.3.1/../../../../arm-none-eabi/lib/thumb/v7e-m+fp/hard\libnosys.a
END GROUP
START GROUP
LOAD C:/ST/STM32CubeIDE_1.14.1/STM32CubeIDE/plugins/com.st.stm32cube.ide.mcu.externaltools.gnu-tools-for-stm32.12.3.rel1.win32_1.0.200.202406191623/tools/bin/../lib/gcc/arm-none-eabi/12.3.1/thumb/v7e-m+fp/hard\libgcc.a
LOAD C:/ST/STM32CubeIDE_1.14.1/STM32CubeIDE/plugins/com.st.stm32cube.ide.mcu.externaltools.gnu-tools-for-stm32.12.3.rel1.win32_1.0.200.202406191623/tools/bin/../lib/gcc/arm-none-eabi/12.3.1/../../../../arm-none-eabi/lib/thumb/v7e-m+fp/hard\libc_nano.a
LOAD C:/ST/STM32CubeIDE_1.14.1/STM32CubeIDE/plugins/com.st.stm32cube.ide.mcu.externaltools.gnu-tools-for-stm32.12.3.rel1.win32_1.0.200.202406191623/tools/bin/../lib/gcc/arm-none-eabi/12.3.1/../../../../arm-none-eabi/lib/thumb/v7e-m+fp/hard\libnosys.a
END GROUP
LOAD C:/ST/STM32CubeIDE_1.14.1/STM32CubeIDE/plugins/com.st.stm32cube.ide.mcu.externaltools.gnu-tools-for-stm32.12.3.rel1.win32_1.0.200.202406191623/tools/bin/../lib/gcc/arm-none-eabi/12.3.1/thumb/v7e-m+fp/hard/crtend.o
LOAD C:/ST/STM32CubeIDE_1.14.1/STM32CubeIDE/plugins/com.st.stm32cube.ide.mcu.externaltools.gnu-tools-for-stm32.12.3.rel1.win32_1.0.200.202406191623/tools/bin/../lib/gcc/arm-none-eabi/12.3.1/thumb/v7e-m+fp/hard/crtn.o
                0x20030000                        _estack = (ORIGIN (RAM) + LENGTH (RAM))
                0x00002000                        _Min_Heap_Size = 0x2000
                0x00002000                        _Min_Stack_Size = 0x2000

.isr_vector     0x08000000      0x1ac
                0x08000000                        . = ALIGN (0x4)
 *(.isr_vector)
 .isr_vector    0x08000000      0x1ac ./Core/Startup/startup_stm32f427vitx.o
                0x08000000                g_pfnVectors
                0x080001ac                        . = ALIGN (0x4)

.text           0x080001ac     0xd730
                0x080001ac                        . = ALIGN (0x4)
 *(.text)
 .text          0x080001ac       0x40 C:/ST/STM32CubeIDE_1.14.1/STM32CubeIDE/plugins/com.st.stm32cube.ide.mcu.externaltools.gnu-tools-for-stm32.12.3.rel1.win32_1.0.200.202406191623/tools/bin/../lib/gcc/arm-none-eabi/12.3.1/thumb/v7e-m+fp/hard/crtbegin.o
 .text          0x080001ec       0x30 C:/ST/STM32CubeIDE_1.14.1/STM32CubeIDE/plugins/com.st.stm32cube.ide.mcu.externaltools.gnu-tools-for-stm32.12.3.rel1.win32_1.0.200.202406191623/tools/bin/../lib/gcc/arm-none-eabi/12.3.1/thumb/v7e-m+fp/hard\libgcc.a(_aeabi_uldivmod.o)
                0x080001ec                __aeabi_uldivmod
 .text          0x0800021c      0x2bc C:/ST/STM32CubeIDE_1.14.1/STM32CubeIDE/plugins/com.st.stm32cube.ide.mcu.externaltools.gnu-tools-for-stm32.12.3.rel1.win32_1.0.200.202406191623/tools/bin/../lib/gcc/arm-none-eabi/12.3.1/thumb/v7e-m+fp/hard\libgcc.a(_udivmoddi4.o)
                0x0800021c                __udivmoddi4
 .text          0x080004d8        0x4 C:/ST/STM32CubeIDE_1.14.1/STM32CubeIDE/plugins/com.st.stm32cube.ide.mcu.externaltools.gnu-tools-for-stm32.12.3.rel1.win32_1.0.200.202406191623/tools/bin/../lib/gcc/arm-none-eabi/12.3.1/thumb/v7e-m+fp/hard\libgcc.a(_dvmd_tls.o)
                0x080004d8                __aeabi_idiv0
                0x080004d8                __aeabi_ldiv0
 *(.text*)
 .text.main     0x080004dc       0x34 ./Core/Src/main.o
                0x080004dc                main
 .text.SystemClock_Config
                0x08000510       0xd8 ./Core/Src/main.o
                0x08000510                SystemClock_Config
 .text.MX_SDIO_SD_Init
                0x080005e8       0x44 ./Core/Src/main.o
 .text.MX_SPI1_Init
                0x0800062c       0x6c ./Core/Src/main.o
 .text.MX_TIM1_Init
                0x08000698      0x140 ./Core/Src/main.o
 .text.MX_TIM2_Init
                0x080007d8       0x98 ./Core/Src/main.o
 .text.MX_USART1_UART_Init
                0x08000870       0x54 ./Core/Src/main.o
 .text.MX_DMA_Init
                0x080008c4       0x50 ./Core/Src/main.o
 .text.MX_GPIO_Init
                0x08000914      0x1b0 ./Core/Src/main.o
 .text.Error_Handler
                0x08000ac4        0xc ./Core/Src/main.o
                0x08000ac4                Error_Handler
 .text.HAL_MspInit
                0x08000ad0       0x50 ./Core/Src/stm32f4xx_hal_msp.o
                0x08000ad0                HAL_MspInit
 .text.HAL_SD_MspInit
                0x08000b20      0x1e0 ./Core/Src/stm32f4xx_hal_msp.o
                0x08000b20                HAL_SD_MspInit
 .text.HAL_SPI_MspInit
                0x08000d00       0xb0 ./Core/Src/stm32f4xx_hal_msp.o
                0x08000d00                HAL_SPI_MspInit
 .text.HAL_TIM_Base_MspInit
                0x08000db0       0x88 ./Core/Src/stm32f4xx_hal_msp.o
                0x08000db0                HAL_TIM_Base_MspInit
 .text.HAL_TIM_MspPostInit
                0x08000e38       0x74 ./Core/Src/stm32f4xx_hal_msp.o
                0x08000e38                HAL_TIM_MspPostInit
 .text.HAL_UART_MspInit
                0x08000eac       0xa0 ./Core/Src/stm32f4xx_hal_msp.o
                0x08000eac                HAL_UART_MspInit
 .text.NMI_Handler
                0x08000f4c        0x8 ./Core/Src/stm32f4xx_it.o
                0x08000f4c                NMI_Handler
 .text.HardFault_Handler
                0x08000f54        0x8 ./Core/Src/stm32f4xx_it.o
                0x08000f54                HardFault_Handler
 .text.MemManage_Handler
                0x08000f5c        0x8 ./Core/Src/stm32f4xx_it.o
                0x08000f5c                MemManage_Handler
 .text.BusFault_Handler
                0x08000f64        0x8 ./Core/Src/stm32f4xx_it.o
                0x08000f64                BusFault_Handler
 .text.UsageFault_Handler
                0x08000f6c        0x8 ./Core/Src/stm32f4xx_it.o
                0x08000f6c                UsageFault_Handler
 .text.SVC_Handler
                0x08000f74        0xe ./Core/Src/stm32f4xx_it.o
                0x08000f74                SVC_Handler
 .text.DebugMon_Handler
                0x08000f82        0xe ./Core/Src/stm32f4xx_it.o
                0x08000f82                DebugMon_Handler
 .text.PendSV_Handler
                0x08000f90        0xe ./Core/Src/stm32f4xx_it.o
                0x08000f90                PendSV_Handler
 .text.SysTick_Handler
                0x08000f9e        0xc ./Core/Src/stm32f4xx_it.o
                0x08000f9e                SysTick_Handler
 .text.EXTI0_IRQHandler
                0x08000faa        0xe ./Core/Src/stm32f4xx_it.o
                0x08000faa                EXTI0_IRQHandler
 .text.TIM1_UP_TIM10_IRQHandler
                0x08000fb8       0x14 ./Core/Src/stm32f4xx_it.o
                0x08000fb8                TIM1_UP_TIM10_IRQHandler
 .text.TIM2_IRQHandler
                0x08000fcc       0x14 ./Core/Src/stm32f4xx_it.o
                0x08000fcc                TIM2_IRQHandler
 .text.USART1_IRQHandler
                0x08000fe0       0x14 ./Core/Src/stm32f4xx_it.o
                0x08000fe0                USART1_IRQHandler
 .text.SDIO_IRQHandler
                0x08000ff4       0x14 ./Core/Src/stm32f4xx_it.o
                0x08000ff4                SDIO_IRQHandler
 .text.DMA2_Stream3_IRQHandler
                0x08001008       0x14 ./Core/Src/stm32f4xx_it.o
                0x08001008                DMA2_Stream3_IRQHandler
 .text.OTG_FS_IRQHandler
                0x0800101c       0x14 ./Core/Src/stm32f4xx_it.o
                0x0800101c                OTG_FS_IRQHandler
 .text.DMA2_Stream6_IRQHandler
                0x08001030       0x14 ./Core/Src/stm32f4xx_it.o
                0x08001030                DMA2_Stream6_IRQHandler
 .text.SystemInit
                0x08001044       0x24 ./Core/Src/system_stm32f4xx.o
                0x08001044                SystemInit
 .text.Reset_Handler
                0x08001068       0x50 ./Core/Startup/startup_stm32f427vitx.o
                0x08001068                Reset_Handler
 .text.Default_Handler
                0x080010b8        0x2 ./Core/Startup/startup_stm32f427vitx.o
                0x080010b8                RTC_Alarm_IRQHandler
                0x080010b8                HASH_RNG_IRQHandler
                0x080010b8                EXTI2_IRQHandler
                0x080010b8                TIM8_CC_IRQHandler
                0x080010b8                UART8_IRQHandler
                0x080010b8                SPI4_IRQHandler
                0x080010b8                TIM1_CC_IRQHandler
                0x080010b8                DMA2_Stream5_IRQHandler
                0x080010b8                DMA1_Stream5_IRQHandler
                0x080010b8                PVD_IRQHandler
                0x080010b8                TAMP_STAMP_IRQHandler
                0x080010b8                CAN2_RX1_IRQHandler
                0x080010b8                EXTI3_IRQHandler
                0x080010b8                TIM8_TRG_COM_TIM14_IRQHandler
                0x080010b8                TIM8_UP_TIM13_IRQHandler
                0x080010b8                I2C3_ER_IRQHandler
                0x080010b8                I2C2_EV_IRQHandler
                0x080010b8                DMA1_Stream2_IRQHandler
                0x080010b8                CAN1_RX0_IRQHandler
                0x080010b8                FPU_IRQHandler
                0x080010b8                OTG_HS_WKUP_IRQHandler
                0x080010b8                CAN2_SCE_IRQHandler
                0x080010b8                DMA2_Stream2_IRQHandler
                0x080010b8                SPI1_IRQHandler
                0x080010b8                TIM6_DAC_IRQHandler
                0x080010b8                TIM1_BRK_TIM9_IRQHandler
                0x080010b8                DCMI_IRQHandler
                0x080010b8                CAN2_RX0_IRQHandler
                0x080010b8                USART6_IRQHandler
                0x080010b8                USART3_IRQHandler
                0x080010b8                CAN1_RX1_IRQHandler
                0x080010b8                UART5_IRQHandler
                0x080010b8                DMA2_Stream0_IRQHandler
                0x080010b8                TIM4_IRQHandler
                0x080010b8                I2C1_EV_IRQHandler
                0x080010b8                DMA1_Stream6_IRQHandler
                0x080010b8                DMA1_Stream1_IRQHandler
                0x080010b8                UART4_IRQHandler
                0x080010b8                TIM3_IRQHandler
                0x080010b8                RCC_IRQHandler
                0x080010b8                TIM8_BRK_TIM12_IRQHandler
                0x080010b8                Default_Handler
                0x080010b8                EXTI15_10_IRQHandler
                0x080010b8                ADC_IRQHandler
                0x080010b8                DMA1_Stream7_IRQHandler
                0x080010b8                SPI5_IRQHandler
                0x080010b8                TIM7_IRQHandler
                0x080010b8                CAN2_TX_IRQHandler
                0x080010b8                TIM5_IRQHandler
                0x080010b8                DMA2_Stream7_IRQHandler
                0x080010b8                I2C3_EV_IRQHandler
                0x080010b8                EXTI9_5_IRQHandler
                0x080010b8                RTC_WKUP_IRQHandler
                0x080010b8                ETH_WKUP_IRQHandler
                0x080010b8                SPI2_IRQHandler
                0x080010b8                OTG_HS_EP1_IN_IRQHandler
                0x080010b8                DMA1_Stream0_IRQHandler
                0x080010b8                CAN1_TX_IRQHandler
                0x080010b8                EXTI4_IRQHandler
                0x080010b8                ETH_IRQHandler
                0x080010b8                OTG_HS_EP1_OUT_IRQHandler
                0x080010b8                WWDG_IRQHandler
                0x080010b8                SPI6_IRQHandler
                0x080010b8                OTG_FS_WKUP_IRQHandler
                0x080010b8                TIM1_TRG_COM_TIM11_IRQHandler
                0x080010b8                OTG_HS_IRQHandler
                0x080010b8                DMA2D_IRQHandler
                0x080010b8                EXTI1_IRQHandler
                0x080010b8                UART7_IRQHandler
                0x080010b8                USART2_IRQHandler
                0x080010b8                I2C2_ER_IRQHandler
                0x080010b8                DMA2_Stream1_IRQHandler
                0x080010b8                CAN1_SCE_IRQHandler
                0x080010b8                FLASH_IRQHandler
                0x080010b8                DMA2_Stream4_IRQHandler
                0x080010b8                SPI3_IRQHandler
                0x080010b8                DMA1_Stream4_IRQHandler
                0x080010b8                I2C1_ER_IRQHandler
                0x080010b8                FMC_IRQHandler
                0x080010b8                SAI1_IRQHandler
                0x080010b8                DMA1_Stream3_IRQHandler
 *fill*         0x080010ba        0x2 
 .text.HAL_Init
                0x080010bc       0x44 ./Drivers/STM32F4xx_HAL_Driver/Src/stm32f4xx_hal.o
                0x080010bc                HAL_Init
 .text.HAL_InitTick
                0x08001100       0x60 ./Drivers/STM32F4xx_HAL_Driver/Src/stm32f4xx_hal.o
                0x08001100                HAL_InitTick
 .text.HAL_IncTick
                0x08001160       0x28 ./Drivers/STM32F4xx_HAL_Driver/Src/stm32f4xx_hal.o
                0x08001160                HAL_IncTick
 .text.HAL_GetTick
                0x08001188       0x18 ./Drivers/STM32F4xx_HAL_Driver/Src/stm32f4xx_hal.o
                0x08001188                HAL_GetTick
 .text.HAL_Delay
                0x080011a0       0x48 ./Drivers/STM32F4xx_HAL_Driver/Src/stm32f4xx_hal.o
                0x080011a0                HAL_Delay
 .text.__NVIC_SetPriorityGrouping
                0x080011e8       0x48 ./Drivers/STM32F4xx_HAL_Driver/Src/stm32f4xx_hal_cortex.o
 .text.__NVIC_GetPriorityGrouping
                0x08001230       0x1c ./Drivers/STM32F4xx_HAL_Driver/Src/stm32f4xx_hal_cortex.o
 .text.__NVIC_EnableIRQ
                0x0800124c       0x3c ./Drivers/STM32F4xx_HAL_Driver/Src/stm32f4xx_hal_cortex.o
 .text.__NVIC_SetPriority
                0x08001288       0x54 ./Drivers/STM32F4xx_HAL_Driver/Src/stm32f4xx_hal_cortex.o
 .text.NVIC_EncodePriority
                0x080012dc       0x66 ./Drivers/STM32F4xx_HAL_Driver/Src/stm32f4xx_hal_cortex.o
 *fill*         0x08001342        0x2 
 .text.SysTick_Config
                0x08001344       0x44 ./Drivers/STM32F4xx_HAL_Driver/Src/stm32f4xx_hal_cortex.o
 .text.HAL_NVIC_SetPriorityGrouping
                0x08001388       0x16 ./Drivers/STM32F4xx_HAL_Driver/Src/stm32f4xx_hal_cortex.o
                0x08001388                HAL_NVIC_SetPriorityGrouping
 .text.HAL_NVIC_SetPriority
                0x0800139e       0x38 ./Drivers/STM32F4xx_HAL_Driver/Src/stm32f4xx_hal_cortex.o
                0x0800139e                HAL_NVIC_SetPriority
 .text.HAL_NVIC_EnableIRQ
                0x080013d6       0x1c ./Drivers/STM32F4xx_HAL_Driver/Src/stm32f4xx_hal_cortex.o
                0x080013d6                HAL_NVIC_EnableIRQ
 .text.HAL_SYSTICK_Config
                0x080013f2       0x18 ./Drivers/STM32F4xx_HAL_Driver/Src/stm32f4xx_hal_cortex.o
                0x080013f2                HAL_SYSTICK_Config
 *fill*         0x0800140a        0x2 
 .text.HAL_DMA_Init
                0x0800140c      0x15c ./Drivers/STM32F4xx_HAL_Driver/Src/stm32f4xx_hal_dma.o
                0x0800140c                HAL_DMA_Init
 .text.HAL_DMA_Start_IT
                0x08001568       0xb0 ./Drivers/STM32F4xx_HAL_Driver/Src/stm32f4xx_hal_dma.o
                0x08001568                HAL_DMA_Start_IT
 .text.HAL_DMA_Abort
                0x08001618       0xe0 ./Drivers/STM32F4xx_HAL_Driver/Src/stm32f4xx_hal_dma.o
                0x08001618                HAL_DMA_Abort
 .text.HAL_DMA_Abort_IT
                0x080016f8       0x44 ./Drivers/STM32F4xx_HAL_Driver/Src/stm32f4xx_hal_dma.o
                0x080016f8                HAL_DMA_Abort_IT
 .text.HAL_DMA_IRQHandler
                0x0800173c      0x314 ./Drivers/STM32F4xx_HAL_Driver/Src/stm32f4xx_hal_dma.o
                0x0800173c                HAL_DMA_IRQHandler
 .text.HAL_DMA_GetError
                0x08001a50       0x18 ./Drivers/STM32F4xx_HAL_Driver/Src/stm32f4xx_hal_dma.o
                0x08001a50                HAL_DMA_GetError
 .text.DMA_SetConfig
                0x08001a68       0x5c ./Drivers/STM32F4xx_HAL_Driver/Src/stm32f4xx_hal_dma.o
 .text.DMA_CalcBaseAndBitshift
                0x08001ac4       0x6c ./Drivers/STM32F4xx_HAL_Driver/Src/stm32f4xx_hal_dma.o
 .text.DMA_CheckFifoParam
                0x08001b30       0xf8 ./Drivers/STM32F4xx_HAL_Driver/Src/stm32f4xx_hal_dma.o
 .text.HAL_GPIO_Init
                0x08001c28      0x358 ./Drivers/STM32F4xx_HAL_Driver/Src/stm32f4xx_hal_gpio.o
                0x08001c28                HAL_GPIO_Init
 .text.HAL_GPIO_ReadPin
                0x08001f80       0x30 ./Drivers/STM32F4xx_HAL_Driver/Src/stm32f4xx_hal_gpio.o
                0x08001f80                HAL_GPIO_ReadPin
 .text.HAL_GPIO_WritePin
                0x08001fb0       0x32 ./Drivers/STM32F4xx_HAL_Driver/Src/stm32f4xx_hal_gpio.o
                0x08001fb0                HAL_GPIO_WritePin
 *fill*         0x08001fe2        0x2 
 .text.HAL_GPIO_EXTI_IRQHandler
                0x08001fe4       0x30 ./Drivers/STM32F4xx_HAL_Driver/Src/stm32f4xx_hal_gpio.o
                0x08001fe4                HAL_GPIO_EXTI_IRQHandler
 .text.HAL_GPIO_EXTI_Callback
                0x08002014       0x16 ./Drivers/STM32F4xx_HAL_Driver/Src/stm32f4xx_hal_gpio.o
                0x08002014                HAL_GPIO_EXTI_Callback
 .text.HAL_PCD_Init
                0x0800202a      0x21e ./Drivers/STM32F4xx_HAL_Driver/Src/stm32f4xx_hal_pcd.o
                0x0800202a                HAL_PCD_Init
 .text.HAL_PCD_Start
                0x08002248       0x6a ./Drivers/STM32F4xx_HAL_Driver/Src/stm32f4xx_hal_pcd.o
                0x08002248                HAL_PCD_Start
 .text.HAL_PCD_IRQHandler
                0x080022b2      0x942 ./Drivers/STM32F4xx_HAL_Driver/Src/stm32f4xx_hal_pcd.o
                0x080022b2                HAL_PCD_IRQHandler
 .text.HAL_PCD_SetAddress
                0x08002bf4       0x48 ./Drivers/STM32F4xx_HAL_Driver/Src/stm32f4xx_hal_pcd.o
                0x08002bf4                HAL_PCD_SetAddress
 .text.HAL_PCD_EP_Open
                0x08002c3c       0xd0 ./Drivers/STM32F4xx_HAL_Driver/Src/stm32f4xx_hal_pcd.o
                0x08002c3c                HAL_PCD_EP_Open
 .text.HAL_PCD_EP_Close
                0x08002d0c       0x94 ./Drivers/STM32F4xx_HAL_Driver/Src/stm32f4xx_hal_pcd.o
                0x08002d0c                HAL_PCD_EP_Close
 .text.HAL_PCD_EP_Receive
                0x08002da0       0x76 ./Drivers/STM32F4xx_HAL_Driver/Src/stm32f4xx_hal_pcd.o
                0x08002da0                HAL_PCD_EP_Receive
 .text.HAL_PCD_EP_GetRxCount
                0x08002e16       0x30 ./Drivers/STM32F4xx_HAL_Driver/Src/stm32f4xx_hal_pcd.o
                0x08002e16                HAL_PCD_EP_GetRxCount
 .text.HAL_PCD_EP_Transmit
                0x08002e46       0x74 ./Drivers/STM32F4xx_HAL_Driver/Src/stm32f4xx_hal_pcd.o
                0x08002e46                HAL_PCD_EP_Transmit
 .text.HAL_PCD_EP_SetStall
                0x08002eba       0xc6 ./Drivers/STM32F4xx_HAL_Driver/Src/stm32f4xx_hal_pcd.o
                0x08002eba                HAL_PCD_EP_SetStall
 .text.HAL_PCD_EP_ClrStall
                0x08002f80       0xac ./Drivers/STM32F4xx_HAL_Driver/Src/stm32f4xx_hal_pcd.o
                0x08002f80                HAL_PCD_EP_ClrStall
 .text.HAL_PCD_EP_Abort
                0x0800302c       0x62 ./Drivers/STM32F4xx_HAL_Driver/Src/stm32f4xx_hal_pcd.o
                0x0800302c                HAL_PCD_EP_Abort
 .text.HAL_PCD_EP_Flush
                0x0800308e       0x5a ./Drivers/STM32F4xx_HAL_Driver/Src/stm32f4xx_hal_pcd.o
                0x0800308e                HAL_PCD_EP_Flush
 .text.PCD_WriteEmptyTxFifo
                0x080030e8      0x118 ./Drivers/STM32F4xx_HAL_Driver/Src/stm32f4xx_hal_pcd.o
 .text.PCD_EP_OutXfrComplete_int
                0x08003200      0x1d0 ./Drivers/STM32F4xx_HAL_Driver/Src/stm32f4xx_hal_pcd.o
 .text.PCD_EP_OutSetupPacket_int
                0x080033d0       0x8c ./Drivers/STM32F4xx_HAL_Driver/Src/stm32f4xx_hal_pcd.o
 .text.HAL_PCDEx_SetTxFiFo
                0x0800345c       0x8e ./Drivers/STM32F4xx_HAL_Driver/Src/stm32f4xx_hal_pcd_ex.o
                0x0800345c                HAL_PCDEx_SetTxFiFo
 .text.HAL_PCDEx_SetRxFiFo
                0x080034ea       0x22 ./Drivers/STM32F4xx_HAL_Driver/Src/stm32f4xx_hal_pcd_ex.o
                0x080034ea                HAL_PCDEx_SetRxFiFo
 .text.HAL_PCDEx_LPM_Callback
                0x0800350c       0x18 ./Drivers/STM32F4xx_HAL_Driver/Src/stm32f4xx_hal_pcd_ex.o
                0x0800350c                HAL_PCDEx_LPM_Callback
 .text.HAL_RCC_OscConfig
                0x08003524      0x4f0 ./Drivers/STM32F4xx_HAL_Driver/Src/stm32f4xx_hal_rcc.o
                0x08003524                HAL_RCC_OscConfig
 .text.HAL_RCC_ClockConfig
                0x08003a14      0x1cc ./Drivers/STM32F4xx_HAL_Driver/Src/stm32f4xx_hal_rcc.o
                0x08003a14                HAL_RCC_ClockConfig
 .text.HAL_RCC_GetSysClockFreq
                0x08003be0      0x20c ./Drivers/STM32F4xx_HAL_Driver/Src/stm32f4xx_hal_rcc.o
                0x08003be0                HAL_RCC_GetSysClockFreq
 .text.HAL_RCC_GetHCLKFreq
                0x08003dec       0x18 ./Drivers/STM32F4xx_HAL_Driver/Src/stm32f4xx_hal_rcc.o
                0x08003dec                HAL_RCC_GetHCLKFreq
 .text.HAL_RCC_GetPCLK1Freq
                0x08003e04       0x28 ./Drivers/STM32F4xx_HAL_Driver/Src/stm32f4xx_hal_rcc.o
                0x08003e04                HAL_RCC_GetPCLK1Freq
 .text.HAL_RCC_GetPCLK2Freq
                0x08003e2c       0x28 ./Drivers/STM32F4xx_HAL_Driver/Src/stm32f4xx_hal_rcc.o
                0x08003e2c                HAL_RCC_GetPCLK2Freq
 .text.HAL_SD_Init
                0x08003e54       0x60 ./Drivers/STM32F4xx_HAL_Driver/Src/stm32f4xx_hal_sd.o
                0x08003e54                HAL_SD_Init
 .text.HAL_SD_InitCard
                0x08003eb4      0x100 ./Drivers/STM32F4xx_HAL_Driver/Src/stm32f4xx_hal_sd.o
                0x08003eb4                HAL_SD_InitCard
 .text.HAL_SD_ReadBlocks_DMA
                0x08003fb4      0x1c4 ./Drivers/STM32F4xx_HAL_Driver/Src/stm32f4xx_hal_sd.o
                0x08003fb4                HAL_SD_ReadBlocks_DMA
 .text.HAL_SD_WriteBlocks_DMA
                0x08004178      0x1cc ./Drivers/STM32F4xx_HAL_Driver/Src/stm32f4xx_hal_sd.o
                0x08004178                HAL_SD_WriteBlocks_DMA
 .text.HAL_SD_IRQHandler
                0x08004344      0x30c ./Drivers/STM32F4xx_HAL_Driver/Src/stm32f4xx_hal_sd.o
                0x08004344                HAL_SD_IRQHandler
 .text.HAL_SD_ErrorCallback
                0x08004650       0x14 ./Drivers/STM32F4xx_HAL_Driver/Src/stm32f4xx_hal_sd.o
                0x08004650                HAL_SD_ErrorCallback
 .text.HAL_SD_GetCardCSD
                0x08004664      0x348 ./Drivers/STM32F4xx_HAL_Driver/Src/stm32f4xx_hal_sd.o
                0x08004664                HAL_SD_GetCardCSD
 .text.HAL_SD_GetCardInfo
                0x080049ac       0x58 ./Drivers/STM32F4xx_HAL_Driver/Src/stm32f4xx_hal_sd.o
                0x080049ac                HAL_SD_GetCardInfo
 .text.HAL_SD_ConfigWideBusOperation
                0x08004a04      0x134 ./Drivers/STM32F4xx_HAL_Driver/Src/stm32f4xx_hal_sd.o
                0x08004a04                HAL_SD_ConfigWideBusOperation
 .text.HAL_SD_GetCardState
                0x08004b38       0x40 ./Drivers/STM32F4xx_HAL_Driver/Src/stm32f4xx_hal_sd.o
                0x08004b38                HAL_SD_GetCardState
 .text.SD_DMATransmitCplt
                0x08004b78       0x2a ./Drivers/STM32F4xx_HAL_Driver/Src/stm32f4xx_hal_sd.o
 .text.SD_DMAReceiveCplt
                0x08004ba2       0x70 ./Drivers/STM32F4xx_HAL_Driver/Src/stm32f4xx_hal_sd.o
 *fill*         0x08004c12        0x2 
 .text.SD_DMAError
                0x08004c14       0xa4 ./Drivers/STM32F4xx_HAL_Driver/Src/stm32f4xx_hal_sd.o
 .text.SD_DMATxAbort
                0x08004cb8       0x6e ./Drivers/STM32F4xx_HAL_Driver/Src/stm32f4xx_hal_sd.o
 .text.SD_DMARxAbort
                0x08004d26       0x6e ./Drivers/STM32F4xx_HAL_Driver/Src/stm32f4xx_hal_sd.o
 .text.SD_InitCard
                0x08004d94      0x19c ./Drivers/STM32F4xx_HAL_Driver/Src/stm32f4xx_hal_sd.o
 .text.SD_PowerON
                0x08004f30      0x11c ./Drivers/STM32F4xx_HAL_Driver/Src/stm32f4xx_hal_sd.o
 .text.SD_SendStatus
                0x0800504c       0x50 ./Drivers/STM32F4xx_HAL_Driver/Src/stm32f4xx_hal_sd.o
 .text.SD_WideBus_Enable
                0x0800509c       0x96 ./Drivers/STM32F4xx_HAL_Driver/Src/stm32f4xx_hal_sd.o
 .text.SD_WideBus_Disable
                0x08005132       0x96 ./Drivers/STM32F4xx_HAL_Driver/Src/stm32f4xx_hal_sd.o
 .text.SD_FindSCR
                0x080051c8      0x1b4 ./Drivers/STM32F4xx_HAL_Driver/Src/stm32f4xx_hal_sd.o
 .text.SD_Read_IT
                0x0800537c       0xa2 ./Drivers/STM32F4xx_HAL_Driver/Src/stm32f4xx_hal_sd.o
 .text.SD_Write_IT
                0x0800541e       0xaa ./Drivers/STM32F4xx_HAL_Driver/Src/stm32f4xx_hal_sd.o
 .text.HAL_SPI_Init
                0x080054c8      0x112 ./Drivers/STM32F4xx_HAL_Driver/Src/stm32f4xx_hal_spi.o
                0x080054c8                HAL_SPI_Init
 .text.HAL_TIM_Base_Init
                0x080055da       0x9e ./Drivers/STM32F4xx_HAL_Driver/Src/stm32f4xx_hal_tim.o
                0x080055da                HAL_TIM_Base_Init
 .text.HAL_TIM_PWM_Init
                0x08005678       0x9e ./Drivers/STM32F4xx_HAL_Driver/Src/stm32f4xx_hal_tim.o
                0x08005678                HAL_TIM_PWM_Init
 .text.HAL_TIM_PWM_MspInit
                0x08005716       0x14 ./Drivers/STM32F4xx_HAL_Driver/Src/stm32f4xx_hal_tim.o
                0x08005716                HAL_TIM_PWM_MspInit
 .text.HAL_TIM_IRQHandler
                0x0800572a      0x1e0 ./Drivers/STM32F4xx_HAL_Driver/Src/stm32f4xx_hal_tim.o
                0x0800572a                HAL_TIM_IRQHandler
 *fill*         0x0800590a        0x2 
 .text.HAL_TIM_PWM_ConfigChannel
                0x0800590c      0x184 ./Drivers/STM32F4xx_HAL_Driver/Src/stm32f4xx_hal_tim.o
                0x0800590c                HAL_TIM_PWM_ConfigChannel
 .text.HAL_TIM_ConfigClockSource
                0x08005a90      0x18e ./Drivers/STM32F4xx_HAL_Driver/Src/stm32f4xx_hal_tim.o
                0x08005a90                HAL_TIM_ConfigClockSource
 .text.HAL_TIM_PeriodElapsedCallback
                0x08005c1e       0x14 ./Drivers/STM32F4xx_HAL_Driver/Src/stm32f4xx_hal_tim.o
                0x08005c1e                HAL_TIM_PeriodElapsedCallback
 .text.HAL_TIM_OC_DelayElapsedCallback
                0x08005c32       0x14 ./Drivers/STM32F4xx_HAL_Driver/Src/stm32f4xx_hal_tim.o
                0x08005c32                HAL_TIM_OC_DelayElapsedCallback
 .text.HAL_TIM_IC_CaptureCallback
                0x08005c46       0x14 ./Drivers/STM32F4xx_HAL_Driver/Src/stm32f4xx_hal_tim.o
                0x08005c46                HAL_TIM_IC_CaptureCallback
 .text.HAL_TIM_PWM_PulseFinishedCallback
                0x08005c5a       0x14 ./Drivers/STM32F4xx_HAL_Driver/Src/stm32f4xx_hal_tim.o
                0x08005c5a                HAL_TIM_PWM_PulseFinishedCallback
 .text.HAL_TIM_TriggerCallback
                0x08005c6e       0x14 ./Drivers/STM32F4xx_HAL_Driver/Src/stm32f4xx_hal_tim.o
                0x08005c6e                HAL_TIM_TriggerCallback
 *fill*         0x08005c82        0x2 
 .text.TIM_Base_SetConfig
                0x08005c84      0x158 ./Drivers/STM32F4xx_HAL_Driver/Src/stm32f4xx_hal_tim.o
                0x08005c84                TIM_Base_SetConfig
 .text.TIM_OC1_SetConfig
                0x08005ddc       0xe0 ./Drivers/STM32F4xx_HAL_Driver/Src/stm32f4xx_hal_tim.o
 .text.TIM_OC2_SetConfig
                0x08005ebc       0xec ./Drivers/STM32F4xx_HAL_Driver/Src/stm32f4xx_hal_tim.o
                0x08005ebc                TIM_OC2_SetConfig
 .text.TIM_OC3_SetConfig
                0x08005fa8       0xe8 ./Drivers/STM32F4xx_HAL_Driver/Src/stm32f4xx_hal_tim.o
 .text.TIM_OC4_SetConfig
                0x08006090       0xac ./Drivers/STM32F4xx_HAL_Driver/Src/stm32f4xx_hal_tim.o
 .text.TIM_TI1_ConfigInputStage
                0x0800613c       0x5e ./Drivers/STM32F4xx_HAL_Driver/Src/stm32f4xx_hal_tim.o
 .text.TIM_TI2_ConfigInputStage
                0x0800619a       0x60 ./Drivers/STM32F4xx_HAL_Driver/Src/stm32f4xx_hal_tim.o
 .text.TIM_ITRx_SetConfig
                0x080061fa       0x36 ./Drivers/STM32F4xx_HAL_Driver/Src/stm32f4xx_hal_tim.o
 .text.TIM_ETR_SetConfig
                0x08006230       0x40 ./Drivers/STM32F4xx_HAL_Driver/Src/stm32f4xx_hal_tim.o
                0x08006230                TIM_ETR_SetConfig
 .text.HAL_TIMEx_MasterConfigSynchronization
                0x08006270       0xf8 ./Drivers/STM32F4xx_HAL_Driver/Src/stm32f4xx_hal_tim_ex.o
                0x08006270                HAL_TIMEx_MasterConfigSynchronization
 .text.HAL_TIMEx_ConfigBreakDeadTime
                0x08006368       0xa4 ./Drivers/STM32F4xx_HAL_Driver/Src/stm32f4xx_hal_tim_ex.o
                0x08006368                HAL_TIMEx_ConfigBreakDeadTime
 .text.HAL_TIMEx_CommutCallback
                0x0800640c       0x14 ./Drivers/STM32F4xx_HAL_Driver/Src/stm32f4xx_hal_tim_ex.o
                0x0800640c                HAL_TIMEx_CommutCallback
 .text.HAL_TIMEx_BreakCallback
                0x08006420       0x14 ./Drivers/STM32F4xx_HAL_Driver/Src/stm32f4xx_hal_tim_ex.o
                0x08006420                HAL_TIMEx_BreakCallback
 .text.HAL_UART_Init
                0x08006434       0xa0 ./Drivers/STM32F4xx_HAL_Driver/Src/stm32f4xx_hal_uart.o
                0x08006434                HAL_UART_Init
 .text.HAL_UART_IRQHandler
                0x080064d4      0x524 ./Drivers/STM32F4xx_HAL_Driver/Src/stm32f4xx_hal_uart.o
                0x080064d4                HAL_UART_IRQHandler
 .text.HAL_UART_TxCpltCallback
                0x080069f8       0x14 ./Drivers/STM32F4xx_HAL_Driver/Src/stm32f4xx_hal_uart.o
                0x080069f8                HAL_UART_TxCpltCallback
 .text.HAL_UART_RxCpltCallback
                0x08006a0c       0x14 ./Drivers/STM32F4xx_HAL_Driver/Src/stm32f4xx_hal_uart.o
                0x08006a0c                HAL_UART_RxCpltCallback
 .text.HAL_UART_ErrorCallback
                0x08006a20       0x14 ./Drivers/STM32F4xx_HAL_Driver/Src/stm32f4xx_hal_uart.o
                0x08006a20                HAL_UART_ErrorCallback
 .text.HAL_UARTEx_RxEventCallback
                0x08006a34       0x18 ./Drivers/STM32F4xx_HAL_Driver/Src/stm32f4xx_hal_uart.o
                0x08006a34                HAL_UARTEx_RxEventCallback
 .text.UART_EndRxTransfer
                0x08006a4c       0xc6 ./Drivers/STM32F4xx_HAL_Driver/Src/stm32f4xx_hal_uart.o
 .text.UART_DMAAbortOnError
                0x08006b12       0x28 ./Drivers/STM32F4xx_HAL_Driver/Src/stm32f4xx_hal_uart.o
 .text.UART_Transmit_IT
                0x08006b3a       0xa0 ./Drivers/STM32F4xx_HAL_Driver/Src/stm32f4xx_hal_uart.o
 .text.UART_EndTransmit_IT
                0x08006bda       0x30 ./Drivers/STM32F4xx_HAL_Driver/Src/stm32f4xx_hal_uart.o
 .text.UART_Receive_IT
                0x08006c0a      0x17c ./Drivers/STM32F4xx_HAL_Driver/Src/stm32f4xx_hal_uart.o
 *fill*         0x08006d86        0x2 
 .text.UART_SetConfig
                0x08006d88      0x4e8 ./Drivers/STM32F4xx_HAL_Driver/Src/stm32f4xx_hal_uart.o
 .text.SDIO_Init
                0x08007270       0x56 ./Drivers/STM32F4xx_HAL_Driver/Src/stm32f4xx_ll_sdmmc.o
                0x08007270                SDIO_Init
 .text.SDIO_ReadFIFO
                0x080072c6       0x1a ./Drivers/STM32F4xx_HAL_Driver/Src/stm32f4xx_ll_sdmmc.o
                0x080072c6                SDIO_ReadFIFO
 .text.SDIO_WriteFIFO
                0x080072e0       0x22 ./Drivers/STM32F4xx_HAL_Driver/Src/stm32f4xx_ll_sdmmc.o
                0x080072e0                SDIO_WriteFIFO
 .text.SDIO_PowerState_ON
                0x08007302       0x1c ./Drivers/STM32F4xx_HAL_Driver/Src/stm32f4xx_ll_sdmmc.o
                0x08007302                SDIO_PowerState_ON
 .text.SDIO_GetPowerState
                0x0800731e       0x1c ./Drivers/STM32F4xx_HAL_Driver/Src/stm32f4xx_ll_sdmmc.o
                0x0800731e                SDIO_GetPowerState
 .text.SDIO_SendCommand
                0x0800733a       0x54 ./Drivers/STM32F4xx_HAL_Driver/Src/stm32f4xx_ll_sdmmc.o
                0x0800733a                SDIO_SendCommand
 .text.SDIO_GetCommandResponse
                0x0800738e       0x1a ./Drivers/STM32F4xx_HAL_Driver/Src/stm32f4xx_ll_sdmmc.o
                0x0800738e                SDIO_GetCommandResponse
 .text.SDIO_GetResponse
                0x080073a8       0x26 ./Drivers/STM32F4xx_HAL_Driver/Src/stm32f4xx_ll_sdmmc.o
                0x080073a8                SDIO_GetResponse
 .text.SDIO_ConfigData
                0x080073ce       0x58 ./Drivers/STM32F4xx_HAL_Driver/Src/stm32f4xx_ll_sdmmc.o
                0x080073ce                SDIO_ConfigData
 .text.SDMMC_CmdBlockLength
                0x08007426       0x44 ./Drivers/STM32F4xx_HAL_Driver/Src/stm32f4xx_ll_sdmmc.o
                0x08007426                SDMMC_CmdBlockLength
 .text.SDMMC_CmdReadSingleBlock
                0x0800746a       0x44 ./Drivers/STM32F4xx_HAL_Driver/Src/stm32f4xx_ll_sdmmc.o
                0x0800746a                SDMMC_CmdReadSingleBlock
 .text.SDMMC_CmdReadMultiBlock
                0x080074ae       0x44 ./Drivers/STM32F4xx_HAL_Driver/Src/stm32f4xx_ll_sdmmc.o
                0x080074ae                SDMMC_CmdReadMultiBlock
 .text.SDMMC_CmdWriteSingleBlock
                0x080074f2       0x44 ./Drivers/STM32F4xx_HAL_Driver/Src/stm32f4xx_ll_sdmmc.o
                0x080074f2                SDMMC_CmdWriteSingleBlock
 .text.SDMMC_CmdWriteMultiBlock
                0x08007536       0x44 ./Drivers/STM32F4xx_HAL_Driver/Src/stm32f4xx_ll_sdmmc.o
                0x08007536                SDMMC_CmdWriteMultiBlock
 *fill*         0x0800757a        0x2 
 .text.SDMMC_CmdStopTransfer
                0x0800757c       0x44 ./Drivers/STM32F4xx_HAL_Driver/Src/stm32f4xx_ll_sdmmc.o
                0x0800757c                SDMMC_CmdStopTransfer
 .text.SDMMC_CmdSelDesel
                0x080075c0       0x46 ./Drivers/STM32F4xx_HAL_Driver/Src/stm32f4xx_ll_sdmmc.o
                0x080075c0                SDMMC_CmdSelDesel
 .text.SDMMC_CmdGoIdleState
                0x08007606       0x3c ./Drivers/STM32F4xx_HAL_Driver/Src/stm32f4xx_ll_sdmmc.o
                0x08007606                SDMMC_CmdGoIdleState
 .text.SDMMC_CmdOperCond
                0x08007642       0x3e ./Drivers/STM32F4xx_HAL_Driver/Src/stm32f4xx_ll_sdmmc.o
                0x08007642                SDMMC_CmdOperCond
 .text.SDMMC_CmdAppCommand
                0x08007680       0x44 ./Drivers/STM32F4xx_HAL_Driver/Src/stm32f4xx_ll_sdmmc.o
                0x08007680                SDMMC_CmdAppCommand
 .text.SDMMC_CmdAppOperCommand
                0x080076c4       0x46 ./Drivers/STM32F4xx_HAL_Driver/Src/stm32f4xx_ll_sdmmc.o
                0x080076c4                SDMMC_CmdAppOperCommand
 .text.SDMMC_CmdBusWidth
                0x0800770a       0x44 ./Drivers/STM32F4xx_HAL_Driver/Src/stm32f4xx_ll_sdmmc.o
                0x0800770a                SDMMC_CmdBusWidth
 .text.SDMMC_CmdSendSCR
                0x0800774e       0x42 ./Drivers/STM32F4xx_HAL_Driver/Src/stm32f4xx_ll_sdmmc.o
                0x0800774e                SDMMC_CmdSendSCR
 .text.SDMMC_CmdSendCID
                0x08007790       0x3c ./Drivers/STM32F4xx_HAL_Driver/Src/stm32f4xx_ll_sdmmc.o
                0x08007790                SDMMC_CmdSendCID
 .text.SDMMC_CmdSendCSD
                0x080077cc       0x3e ./Drivers/STM32F4xx_HAL_Driver/Src/stm32f4xx_ll_sdmmc.o
                0x080077cc                SDMMC_CmdSendCSD
 .text.SDMMC_CmdSetRelAdd
                0x0800780a       0x42 ./Drivers/STM32F4xx_HAL_Driver/Src/stm32f4xx_ll_sdmmc.o
                0x0800780a                SDMMC_CmdSetRelAdd
 .text.SDMMC_CmdSendStatus
                0x0800784c       0x44 ./Drivers/STM32F4xx_HAL_Driver/Src/stm32f4xx_ll_sdmmc.o
                0x0800784c                SDMMC_CmdSendStatus
 .text.SDMMC_GetCmdResp1
                0x08007890      0x1dc ./Drivers/STM32F4xx_HAL_Driver/Src/stm32f4xx_ll_sdmmc.o
                0x08007890                SDMMC_GetCmdResp1
 .text.SDMMC_GetCmdResp2
                0x08007a6c       0x90 ./Drivers/STM32F4xx_HAL_Driver/Src/stm32f4xx_ll_sdmmc.o
                0x08007a6c                SDMMC_GetCmdResp2
 .text.SDMMC_GetCmdResp3
                0x08007afc       0x7c ./Drivers/STM32F4xx_HAL_Driver/Src/stm32f4xx_ll_sdmmc.o
                0x08007afc                SDMMC_GetCmdResp3
 .text.SDMMC_GetCmdResp6
                0x08007b78       0xec ./Drivers/STM32F4xx_HAL_Driver/Src/stm32f4xx_ll_sdmmc.o
                0x08007b78                SDMMC_GetCmdResp6
 .text.SDMMC_GetCmdResp7
                0x08007c64       0x9c ./Drivers/STM32F4xx_HAL_Driver/Src/stm32f4xx_ll_sdmmc.o
                0x08007c64                SDMMC_GetCmdResp7
 .text.SDMMC_GetCmdError
                0x08007d00       0x58 ./Drivers/STM32F4xx_HAL_Driver/Src/stm32f4xx_ll_sdmmc.o
 .text.USB_CoreInit
                0x08007d58       0xc8 ./Drivers/STM32F4xx_HAL_Driver/Src/stm32f4xx_ll_usb.o
                0x08007d58                USB_CoreInit
 .text.USB_SetTurnaroundTime
                0x08007e20      0x144 ./Drivers/STM32F4xx_HAL_Driver/Src/stm32f4xx_ll_usb.o
                0x08007e20                USB_SetTurnaroundTime
 .text.USB_EnableGlobalInt
                0x08007f64       0x22 ./Drivers/STM32F4xx_HAL_Driver/Src/stm32f4xx_ll_usb.o
                0x08007f64                USB_EnableGlobalInt
 .text.USB_DisableGlobalInt
                0x08007f86       0x22 ./Drivers/STM32F4xx_HAL_Driver/Src/stm32f4xx_ll_usb.o
                0x08007f86                USB_DisableGlobalInt
 .text.USB_SetCurrentMode
                0x08007fa8       0x98 ./Drivers/STM32F4xx_HAL_Driver/Src/stm32f4xx_ll_usb.o
                0x08007fa8                USB_SetCurrentMode
 .text.USB_DevInit
                0x08008040      0x2c8 ./Drivers/STM32F4xx_HAL_Driver/Src/stm32f4xx_ll_usb.o
                0x08008040                USB_DevInit
 .text.USB_FlushTxFifo
                0x08008308       0x64 ./Drivers/STM32F4xx_HAL_Driver/Src/stm32f4xx_ll_usb.o
                0x08008308                USB_FlushTxFifo
 .text.USB_FlushRxFifo
                0x0800836c       0x5c ./Drivers/STM32F4xx_HAL_Driver/Src/stm32f4xx_ll_usb.o
                0x0800836c                USB_FlushRxFifo
 .text.USB_SetDevSpeed
                0x080083c8       0x32 ./Drivers/STM32F4xx_HAL_Driver/Src/stm32f4xx_ll_usb.o
                0x080083c8                USB_SetDevSpeed
 .text.USB_GetDevSpeed
                0x080083fa       0x4a ./Drivers/STM32F4xx_HAL_Driver/Src/stm32f4xx_ll_usb.o
                0x080083fa                USB_GetDevSpeed
 .text.USB_ActivateEndpoint
                0x08008444      0x10e ./Drivers/STM32F4xx_HAL_Driver/Src/stm32f4xx_ll_usb.o
                0x08008444                USB_ActivateEndpoint
 *fill*         0x08008552        0x2 
 .text.USB_DeactivateEndpoint
                0x08008554      0x1b8 ./Drivers/STM32F4xx_HAL_Driver/Src/stm32f4xx_ll_usb.o
                0x08008554                USB_DeactivateEndpoint
 .text.USB_EPStartXfer
                0x0800870c      0x530 ./Drivers/STM32F4xx_HAL_Driver/Src/stm32f4xx_ll_usb.o
                0x0800870c                USB_EPStartXfer
 .text.USB_EPStopXfer
                0x08008c3c      0x154 ./Drivers/STM32F4xx_HAL_Driver/Src/stm32f4xx_ll_usb.o
                0x08008c3c                USB_EPStopXfer
 .text.USB_WritePacket
                0x08008d90       0x7c ./Drivers/STM32F4xx_HAL_Driver/Src/stm32f4xx_ll_usb.o
                0x08008d90                USB_WritePacket
 .text.USB_ReadPacket
                0x08008e0c       0xb0 ./Drivers/STM32F4xx_HAL_Driver/Src/stm32f4xx_ll_usb.o
                0x08008e0c                USB_ReadPacket
 .text.USB_EPSetStall
                0x08008ebc       0xdc ./Drivers/STM32F4xx_HAL_Driver/Src/stm32f4xx_ll_usb.o
                0x08008ebc                USB_EPSetStall
 .text.USB_EPClearStall
                0x08008f98       0xcc ./Drivers/STM32F4xx_HAL_Driver/Src/stm32f4xx_ll_usb.o
                0x08008f98                USB_EPClearStall
 .text.USB_SetDevAddress
                0x08009064       0x4c ./Drivers/STM32F4xx_HAL_Driver/Src/stm32f4xx_ll_usb.o
                0x08009064                USB_SetDevAddress
 .text.USB_DevConnect
                0x080090b0       0x42 ./Drivers/STM32F4xx_HAL_Driver/Src/stm32f4xx_ll_usb.o
                0x080090b0                USB_DevConnect
 .text.USB_DevDisconnect
                0x080090f2       0x42 ./Drivers/STM32F4xx_HAL_Driver/Src/stm32f4xx_ll_usb.o
                0x080090f2                USB_DevDisconnect
 .text.USB_ReadInterrupts
                0x08009134       0x26 ./Drivers/STM32F4xx_HAL_Driver/Src/stm32f4xx_ll_usb.o
                0x08009134                USB_ReadInterrupts
 .text.USB_ReadDevAllOutEpInterrupt
                0x0800915a       0x34 ./Drivers/STM32F4xx_HAL_Driver/Src/stm32f4xx_ll_usb.o
                0x0800915a                USB_ReadDevAllOutEpInterrupt
 .text.USB_ReadDevAllInEpInterrupt
                0x0800918e       0x34 ./Drivers/STM32F4xx_HAL_Driver/Src/stm32f4xx_ll_usb.o
                0x0800918e                USB_ReadDevAllInEpInterrupt
 .text.USB_ReadDevOutEPInterrupt
                0x080091c2       0x3c ./Drivers/STM32F4xx_HAL_Driver/Src/stm32f4xx_ll_usb.o
                0x080091c2                USB_ReadDevOutEPInterrupt
 .text.USB_ReadDevInEPInterrupt
                0x080091fe       0x5c ./Drivers/STM32F4xx_HAL_Driver/Src/stm32f4xx_ll_usb.o
                0x080091fe                USB_ReadDevInEPInterrupt
 .text.USB_GetMode
                0x0800925a       0x1c ./Drivers/STM32F4xx_HAL_Driver/Src/stm32f4xx_ll_usb.o
                0x0800925a                USB_GetMode
 .text.USB_ActivateSetup
                0x08009276       0x46 ./Drivers/STM32F4xx_HAL_Driver/Src/stm32f4xx_ll_usb.o
                0x08009276                USB_ActivateSetup
 .text.USB_EP0_OutStart
                0x080092bc       0xbc ./Drivers/STM32F4xx_HAL_Driver/Src/stm32f4xx_ll_usb.o
                0x080092bc                USB_EP0_OutStart
 .text.USB_CoreReset
                0x08009378       0x62 ./Drivers/STM32F4xx_HAL_Driver/Src/stm32f4xx_ll_usb.o
 *fill*         0x080093da        0x2 
 .text.MX_FATFS_Init
                0x080093dc       0x24 ./FATFS/App/fatfs.o
                0x080093dc                MX_FATFS_Init
 .text.BSP_SD_Init
                0x08009400       0x4c ./FATFS/Target/bsp_driver_sd.o
                0x08009400                BSP_SD_Init
 .text.BSP_SD_ReadBlocks_DMA
                0x0800944c       0x34 ./FATFS/Target/bsp_driver_sd.o
                0x0800944c                BSP_SD_ReadBlocks_DMA
 .text.BSP_SD_WriteBlocks_DMA
                0x08009480       0x34 ./FATFS/Target/bsp_driver_sd.o
                0x08009480                BSP_SD_WriteBlocks_DMA
 .text.BSP_SD_GetCardState
                0x080094b4       0x20 ./FATFS/Target/bsp_driver_sd.o
                0x080094b4                BSP_SD_GetCardState
 .text.BSP_SD_GetCardInfo
                0x080094d4       0x1c ./FATFS/Target/bsp_driver_sd.o
                0x080094d4                BSP_SD_GetCardInfo
 .text.HAL_SD_AbortCallback
                0x080094f0       0x14 ./FATFS/Target/bsp_driver_sd.o
                0x080094f0                HAL_SD_AbortCallback
 .text.HAL_SD_TxCpltCallback
                0x08009504       0x14 ./FATFS/Target/bsp_driver_sd.o
                0x08009504                HAL_SD_TxCpltCallback
 .text.HAL_SD_RxCpltCallback
                0x08009518       0x14 ./FATFS/Target/bsp_driver_sd.o
                0x08009518                HAL_SD_RxCpltCallback
 .text.BSP_SD_AbortCallback
                0x0800952c        0xe ./FATFS/Target/bsp_driver_sd.o
                0x0800952c                BSP_SD_AbortCallback
 .text.BSP_SD_IsDetected
                0x0800953a       0x24 ./FATFS/Target/bsp_driver_sd.o
                0x0800953a                BSP_SD_IsDetected
 *fill*         0x0800955e        0x2 
 .text.BSP_PlatformIsDetected
                0x08009560       0x2c ./FATFS/Target/fatfs_platform.o
                0x08009560                BSP_PlatformIsDetected
 .text.SD_CheckStatusWithTimeout
                0x0800958c       0x3a ./FATFS/Target/sd_diskio.o
 *fill*         0x080095c6        0x2 
 .text.SD_CheckStatus
                0x080095c8       0x3c ./FATFS/Target/sd_diskio.o
 .text.SD_initialize
                0x08009604       0x38 ./FATFS/Target/sd_diskio.o
                0x08009604                SD_initialize
 .text.SD_status
                0x0800963c       0x1c ./FATFS/Target/sd_diskio.o
                0x0800963c                SD_status
 .text.SD_read  0x08009658       0xac ./FATFS/Target/sd_diskio.o
                0x08009658                SD_read
 .text.SD_write
                0x08009704       0xac ./FATFS/Target/sd_diskio.o
                0x08009704                SD_write
 .text.SD_ioctl
                0x080097b0       0xb0 ./FATFS/Target/sd_diskio.o
                0x080097b0                SD_ioctl
 .text.BSP_SD_WriteCpltCallback
                0x08009860       0x18 ./FATFS/Target/sd_diskio.o
                0x08009860                BSP_SD_WriteCpltCallback
 .text.BSP_SD_ReadCpltCallback
                0x08009878       0x18 ./FATFS/Target/sd_diskio.o
                0x08009878                BSP_SD_ReadCpltCallback
 .text.USBD_MSC_Init
                0x08009890      0x120 ./Middlewares/ST/STM32_USB_Device_Library/Class/MSC/Src/usbd_msc.o
                0x08009890                USBD_MSC_Init
 .text.USBD_MSC_DeInit
                0x080099b0       0xb0 ./Middlewares/ST/STM32_USB_Device_Library/Class/MSC/Src/usbd_msc.o
                0x080099b0                USBD_MSC_DeInit
 .text.USBD_MSC_Setup
                0x08009a60      0x1f8 ./Middlewares/ST/STM32_USB_Device_Library/Class/MSC/Src/usbd_msc.o
                0x08009a60                USBD_MSC_Setup
 .text.USBD_MSC_DataIn
                0x08009c58       0x20 ./Middlewares/ST/STM32_USB_Device_Library/Class/MSC/Src/usbd_msc.o
                0x08009c58                USBD_MSC_DataIn
 .text.USBD_MSC_DataOut
                0x08009c78       0x20 ./Middlewares/ST/STM32_USB_Device_Library/Class/MSC/Src/usbd_msc.o
                0x08009c78                USBD_MSC_DataOut
 .text.USBD_MSC_GetHSCfgDesc
                0x08009c98       0x58 ./Middlewares/ST/STM32_USB_Device_Library/Class/MSC/Src/usbd_msc.o
                0x08009c98                USBD_MSC_GetHSCfgDesc
 .text.USBD_MSC_GetFSCfgDesc
                0x08009cf0       0x58 ./Middlewares/ST/STM32_USB_Device_Library/Class/MSC/Src/usbd_msc.o
                0x08009cf0                USBD_MSC_GetFSCfgDesc
 .text.USBD_MSC_GetOtherSpeedCfgDesc
                0x08009d48       0x58 ./Middlewares/ST/STM32_USB_Device_Library/Class/MSC/Src/usbd_msc.o
                0x08009d48                USBD_MSC_GetOtherSpeedCfgDesc
 .text.USBD_MSC_GetDeviceQualifierDescriptor
                0x08009da0       0x20 ./Middlewares/ST/STM32_USB_Device_Library/Class/MSC/Src/usbd_msc.o
                0x08009da0                USBD_MSC_GetDeviceQualifierDescriptor
 .text.USBD_MSC_RegisterStorage
                0x08009dc0       0x34 ./Middlewares/ST/STM32_USB_Device_Library/Class/MSC/Src/usbd_msc.o
                0x08009dc0                USBD_MSC_RegisterStorage
 .text.MSC_BOT_Init
                0x08009df4       0x94 ./Middlewares/ST/STM32_USB_Device_Library/Class/MSC/Src/usbd_msc_bot.o
                0x08009df4                MSC_BOT_Init
 .text.MSC_BOT_Reset
                0x08009e88       0x68 ./Middlewares/ST/STM32_USB_Device_Library/Class/MSC/Src/usbd_msc_bot.o
                0x08009e88                MSC_BOT_Reset
 .text.MSC_BOT_DeInit
                0x08009ef0       0x30 ./Middlewares/ST/STM32_USB_Device_Library/Class/MSC/Src/usbd_msc_bot.o
                0x08009ef0                MSC_BOT_DeInit
 .text.MSC_BOT_DataIn
                0x08009f20       0x74 ./Middlewares/ST/STM32_USB_Device_Library/Class/MSC/Src/usbd_msc_bot.o
                0x08009f20                MSC_BOT_DataIn
 .text.MSC_BOT_DataOut
                0x08009f94       0x68 ./Middlewares/ST/STM32_USB_Device_Library/Class/MSC/Src/usbd_msc_bot.o
                0x08009f94                MSC_BOT_DataOut
 .text.MSC_BOT_CBW_Decode
                0x08009ffc      0x128 ./Middlewares/ST/STM32_USB_Device_Library/Class/MSC/Src/usbd_msc_bot.o
 .text.MSC_BOT_SendData
                0x0800a124       0x6c ./Middlewares/ST/STM32_USB_Device_Library/Class/MSC/Src/usbd_msc_bot.o
 .text.MSC_BOT_SendCSW
                0x0800a190       0x74 ./Middlewares/ST/STM32_USB_Device_Library/Class/MSC/Src/usbd_msc_bot.o
                0x0800a190                MSC_BOT_SendCSW
 .text.MSC_BOT_Abort
                0x0800a204       0x84 ./Middlewares/ST/STM32_USB_Device_Library/Class/MSC/Src/usbd_msc_bot.o
 .text.MSC_BOT_CplClrFeature
                0x0800a288       0x74 ./Middlewares/ST/STM32_USB_Device_Library/Class/MSC/Src/usbd_msc_bot.o
                0x0800a288                MSC_BOT_CplClrFeature
 .text.SCSI_ProcessCmd
                0x0800a2fc      0x304 ./Middlewares/ST/STM32_USB_Device_Library/Class/MSC/Src/usbd_msc_scsi.o
                0x0800a2fc                SCSI_ProcessCmd
 .text.SCSI_TestUnitReady
                0x0800a600       0xb2 ./Middlewares/ST/STM32_USB_Device_Library/Class/MSC/Src/usbd_msc_scsi.o
 *fill*         0x0800a6b2        0x2 
 .text.SCSI_Inquiry
                0x0800a6b4       0xf8 ./Middlewares/ST/STM32_USB_Device_Library/Class/MSC/Src/usbd_msc_scsi.o
 .text.SCSI_ReadCapacity10
                0x0800a7ac       0xfc ./Middlewares/ST/STM32_USB_Device_Library/Class/MSC/Src/usbd_msc_scsi.o
 .text.SCSI_ReadCapacity16
                0x0800a8a8      0x168 ./Middlewares/ST/STM32_USB_Device_Library/Class/MSC/Src/usbd_msc_scsi.o
 .text.SCSI_ReadFormatCapacity
                0x0800aa10       0xf6 ./Middlewares/ST/STM32_USB_Device_Library/Class/MSC/Src/usbd_msc_scsi.o
 *fill*         0x0800ab06        0x2 
 .text.SCSI_ModeSense6
                0x0800ab08       0x8c ./Middlewares/ST/STM32_USB_Device_Library/Class/MSC/Src/usbd_msc_scsi.o
 .text.SCSI_ModeSense10
                0x0800ab94       0x8c ./Middlewares/ST/STM32_USB_Device_Library/Class/MSC/Src/usbd_msc_scsi.o
 .text.SCSI_RequestSense
                0x0800ac20      0x106 ./Middlewares/ST/STM32_USB_Device_Library/Class/MSC/Src/usbd_msc_scsi.o
 .text.SCSI_SenseCode
                0x0800ad26       0x96 ./Middlewares/ST/STM32_USB_Device_Library/Class/MSC/Src/usbd_msc_scsi.o
                0x0800ad26                SCSI_SenseCode
 .text.SCSI_StartStopUnit
                0x0800adbc       0xaa ./Middlewares/ST/STM32_USB_Device_Library/Class/MSC/Src/usbd_msc_scsi.o
 .text.SCSI_AllowPreventRemovable
                0x0800ae66       0x5a ./Middlewares/ST/STM32_USB_Device_Library/Class/MSC/Src/usbd_msc_scsi.o
 .text.SCSI_Read10
                0x0800aec0      0x154 ./Middlewares/ST/STM32_USB_Device_Library/Class/MSC/Src/usbd_msc_scsi.o
 .text.SCSI_Read12
                0x0800b014      0x168 ./Middlewares/ST/STM32_USB_Device_Library/Class/MSC/Src/usbd_msc_scsi.o
 .text.SCSI_Write10
                0x0800b17c      0x1ac ./Middlewares/ST/STM32_USB_Device_Library/Class/MSC/Src/usbd_msc_scsi.o
 .text.SCSI_Write12
                0x0800b328      0x1cc ./Middlewares/ST/STM32_USB_Device_Library/Class/MSC/Src/usbd_msc_scsi.o
 .text.SCSI_Verify10
                0x0800b4f4       0x7a ./Middlewares/ST/STM32_USB_Device_Library/Class/MSC/Src/usbd_msc_scsi.o
 .text.SCSI_CheckAddressRange
                0x0800b56e       0x58 ./Middlewares/ST/STM32_USB_Device_Library/Class/MSC/Src/usbd_msc_scsi.o
 *fill*         0x0800b5c6        0x2 
 .text.SCSI_ProcessRead
                0x0800b5c8      0x10c ./Middlewares/ST/STM32_USB_Device_Library/Class/MSC/Src/usbd_msc_scsi.o
 .text.SCSI_ProcessWrite
                0x0800b6d4      0x12c ./Middlewares/ST/STM32_USB_Device_Library/Class/MSC/Src/usbd_msc_scsi.o
 .text.SCSI_UpdateBotData
                0x0800b800       0x52 ./Middlewares/ST/STM32_USB_Device_Library/Class/MSC/Src/usbd_msc_scsi.o
 .text.USBD_Init
                0x0800b852       0x60 ./Middlewares/ST/STM32_USB_Device_Library/Core/Src/usbd_core.o
                0x0800b852                USBD_Init
 .text.USBD_RegisterClass
                0x0800b8b2       0x6c ./Middlewares/ST/STM32_USB_Device_Library/Core/Src/usbd_core.o
                0x0800b8b2                USBD_RegisterClass
 .text.USBD_Start
                0x0800b91e       0x18 ./Middlewares/ST/STM32_USB_Device_Library/Core/Src/usbd_core.o
                0x0800b91e                USBD_Start
 .text.USBD_RunTestMode
                0x0800b936       0x16 ./Middlewares/ST/STM32_USB_Device_Library/Core/Src/usbd_core.o
                0x0800b936                USBD_RunTestMode
 .text.USBD_SetClassConfig
                0x0800b94c       0x38 ./Middlewares/ST/STM32_USB_Device_Library/Core/Src/usbd_core.o
                0x0800b94c                USBD_SetClassConfig
 .text.USBD_ClrClassConfig
                0x0800b984       0x34 ./Middlewares/ST/STM32_USB_Device_Library/Core/Src/usbd_core.o
                0x0800b984                USBD_ClrClassConfig
 .text.USBD_LL_SetupStage
                0x0800b9b8       0xaa ./Middlewares/ST/STM32_USB_Device_Library/Core/Src/usbd_core.o
                0x0800b9b8                USBD_LL_SetupStage
 .text.USBD_LL_DataOutStage
                0x0800ba62      0x166 ./Middlewares/ST/STM32_USB_Device_Library/Core/Src/usbd_core.o
                0x0800ba62                USBD_LL_DataOutStage
 .text.USBD_LL_DataInStage
                0x0800bbc8      0x164 ./Middlewares/ST/STM32_USB_Device_Library/Core/Src/usbd_core.o
                0x0800bbc8                USBD_LL_DataInStage
 .text.USBD_LL_Reset
                0x0800bd2c       0xa4 ./Middlewares/ST/STM32_USB_Device_Library/Core/Src/usbd_core.o
                0x0800bd2c                USBD_LL_Reset
 .text.USBD_LL_SetSpeed
                0x0800bdd0       0x20 ./Middlewares/ST/STM32_USB_Device_Library/Core/Src/usbd_core.o
                0x0800bdd0                USBD_LL_SetSpeed
 .text.USBD_LL_Suspend
                0x0800bdf0       0x38 ./Middlewares/ST/STM32_USB_Device_Library/Core/Src/usbd_core.o
                0x0800bdf0                USBD_LL_Suspend
 .text.USBD_LL_Resume
                0x0800be28       0x30 ./Middlewares/ST/STM32_USB_Device_Library/Core/Src/usbd_core.o
                0x0800be28                USBD_LL_Resume
 .text.USBD_LL_SOF
                0x0800be58       0x40 ./Middlewares/ST/STM32_USB_Device_Library/Core/Src/usbd_core.o
                0x0800be58                USBD_LL_SOF
 .text.USBD_LL_IsoINIncomplete
                0x0800be98       0x64 ./Middlewares/ST/STM32_USB_Device_Library/Core/Src/usbd_core.o
                0x0800be98                USBD_LL_IsoINIncomplete
 .text.USBD_LL_IsoOUTIncomplete
                0x0800befc       0x64 ./Middlewares/ST/STM32_USB_Device_Library/Core/Src/usbd_core.o
                0x0800befc                USBD_LL_IsoOUTIncomplete
 .text.USBD_LL_DevConnected
                0x0800bf60       0x16 ./Middlewares/ST/STM32_USB_Device_Library/Core/Src/usbd_core.o
                0x0800bf60                USBD_LL_DevConnected
 .text.USBD_LL_DevDisconnected
                0x0800bf76       0x46 ./Middlewares/ST/STM32_USB_Device_Library/Core/Src/usbd_core.o
                0x0800bf76                USBD_LL_DevDisconnected
 .text.USBD_CoreFindIF
                0x0800bfbc       0x1a ./Middlewares/ST/STM32_USB_Device_Library/Core/Src/usbd_core.o
                0x0800bfbc                USBD_CoreFindIF
 .text.USBD_CoreFindEP
                0x0800bfd6       0x1a ./Middlewares/ST/STM32_USB_Device_Library/Core/Src/usbd_core.o
                0x0800bfd6                USBD_CoreFindEP
 .text.USBD_GetEpDesc
                0x0800bff0       0x70 ./Middlewares/ST/STM32_USB_Device_Library/Core/Src/usbd_core.o
                0x0800bff0                USBD_GetEpDesc
 .text.USBD_GetNextDesc
                0x0800c060       0x38 ./Middlewares/ST/STM32_USB_Device_Library/Core/Src/usbd_core.o
                0x0800c060                USBD_GetNextDesc
 .text.SWAPBYTE
                0x0800c098       0x3c ./Middlewares/ST/STM32_USB_Device_Library/Core/Src/usbd_ctlreq.o
 .text.USBD_StdDevReq
                0x0800c0d4       0xe4 ./Middlewares/ST/STM32_USB_Device_Library/Core/Src/usbd_ctlreq.o
                0x0800c0d4                USBD_StdDevReq
 .text.USBD_StdItfReq
                0x0800c1b8       0xd8 ./Middlewares/ST/STM32_USB_Device_Library/Core/Src/usbd_ctlreq.o
                0x0800c1b8                USBD_StdItfReq
 .text.USBD_StdEPReq
                0x0800c290      0x33a ./Middlewares/ST/STM32_USB_Device_Library/Core/Src/usbd_ctlreq.o
                0x0800c290                USBD_StdEPReq
 *fill*         0x0800c5ca        0x2 
 .text.USBD_GetDescriptor
                0x0800c5cc      0x2d4 ./Middlewares/ST/STM32_USB_Device_Library/Core/Src/usbd_ctlreq.o
 .text.USBD_SetAddress
                0x0800c8a0       0x88 ./Middlewares/ST/STM32_USB_Device_Library/Core/Src/usbd_ctlreq.o
 .text.USBD_SetConfig
                0x0800c928      0x154 ./Middlewares/ST/STM32_USB_Device_Library/Core/Src/usbd_ctlreq.o
 .text.USBD_GetConfig
                0x0800ca7c       0x6c ./Middlewares/ST/STM32_USB_Device_Library/Core/Src/usbd_ctlreq.o
 .text.USBD_GetStatus
                0x0800cae8       0x68 ./Middlewares/ST/STM32_USB_Device_Library/Core/Src/usbd_ctlreq.o
 .text.USBD_SetFeature
                0x0800cb50       0x52 ./Middlewares/ST/STM32_USB_Device_Library/Core/Src/usbd_ctlreq.o
 .text.USBD_ClrFeature
                0x0800cba2       0x44 ./Middlewares/ST/STM32_USB_Device_Library/Core/Src/usbd_ctlreq.o
 .text.USBD_ParseSetupRequest
                0x0800cbe6       0x74 ./Middlewares/ST/STM32_USB_Device_Library/Core/Src/usbd_ctlreq.o
                0x0800cbe6                USBD_ParseSetupRequest
 .text.USBD_CtlError
                0x0800cc5a       0x22 ./Middlewares/ST/STM32_USB_Device_Library/Core/Src/usbd_ctlreq.o
                0x0800cc5a                USBD_CtlError
 .text.USBD_GetString
                0x0800cc7c       0x8c ./Middlewares/ST/STM32_USB_Device_Library/Core/Src/usbd_ctlreq.o
                0x0800cc7c                USBD_GetString
 .text.USBD_GetLen
                0x0800cd08       0x34 ./Middlewares/ST/STM32_USB_Device_Library/Core/Src/usbd_ctlreq.o
 .text.USBD_CtlSendData
                0x0800cd3c       0x36 ./Middlewares/ST/STM32_USB_Device_Library/Core/Src/usbd_ioreq.o
                0x0800cd3c                USBD_CtlSendData
 .text.USBD_CtlContinueSendData
                0x0800cd72       0x22 ./Middlewares/ST/STM32_USB_Device_Library/Core/Src/usbd_ioreq.o
                0x0800cd72                USBD_CtlContinueSendData
 .text.USBD_CtlContinueRx
                0x0800cd94       0x22 ./Middlewares/ST/STM32_USB_Device_Library/Core/Src/usbd_ioreq.o
                0x0800cd94                USBD_CtlContinueRx
 .text.USBD_CtlSendStatus
                0x0800cdb6       0x26 ./Middlewares/ST/STM32_USB_Device_Library/Core/Src/usbd_ioreq.o
                0x0800cdb6                USBD_CtlSendStatus
 .text.USBD_CtlReceiveStatus
                0x0800cddc       0x26 ./Middlewares/ST/STM32_USB_Device_Library/Core/Src/usbd_ioreq.o
                0x0800cddc                USBD_CtlReceiveStatus
 *fill*         0x0800ce02        0x2 
 .text.FATFS_LinkDriverEx
                0x0800ce04       0x98 ./Middlewares/Third_Party/FatFs/src/ff_gen_drv.o
                0x0800ce04                FATFS_LinkDriverEx
 .text.FATFS_LinkDriver
                0x0800ce9c       0x1e ./Middlewares/Third_Party/FatFs/src/ff_gen_drv.o
                0x0800ce9c                FATFS_LinkDriver
 *fill*         0x0800ceba        0x2 
 .text.MX_USB_DEVICE_Init
                0x0800cebc       0x60 ./USB_DEVICE/App/usb_device.o
                0x0800cebc                MX_USB_DEVICE_Init
 .text.USBD_FS_DeviceDescriptor
                0x0800cf1c       0x24 ./USB_DEVICE/App/usbd_desc.o
                0x0800cf1c                USBD_FS_DeviceDescriptor
 .text.USBD_FS_LangIDStrDescriptor
                0x0800cf40       0x24 ./USB_DEVICE/App/usbd_desc.o
                0x0800cf40                USBD_FS_LangIDStrDescriptor
 .text.USBD_FS_ProductStrDescriptor
                0x0800cf64       0x3c ./USB_DEVICE/App/usbd_desc.o
                0x0800cf64                USBD_FS_ProductStrDescriptor
 .text.USBD_FS_ManufacturerStrDescriptor
                0x0800cfa0       0x28 ./USB_DEVICE/App/usbd_desc.o
                0x0800cfa0                USBD_FS_ManufacturerStrDescriptor
 .text.USBD_FS_SerialStrDescriptor
                0x0800cfc8       0x24 ./USB_DEVICE/App/usbd_desc.o
                0x0800cfc8                USBD_FS_SerialStrDescriptor
 .text.USBD_FS_ConfigStrDescriptor
                0x0800cfec       0x3c ./USB_DEVICE/App/usbd_desc.o
                0x0800cfec                USBD_FS_ConfigStrDescriptor
 .text.USBD_FS_InterfaceStrDescriptor
                0x0800d028       0x3c ./USB_DEVICE/App/usbd_desc.o
                0x0800d028                USBD_FS_InterfaceStrDescriptor
 .text.Get_SerialNum
                0x0800d064       0x58 ./USB_DEVICE/App/usbd_desc.o
 .text.IntToUnicode
                0x0800d0bc       0x7e ./USB_DEVICE/App/usbd_desc.o
 .text.STORAGE_Init_FS
                0x0800d13a       0x18 ./USB_DEVICE/App/usbd_storage_if.o
 .text.STORAGE_GetCapacity_FS
                0x0800d152       0x2c ./USB_DEVICE/App/usbd_storage_if.o
 .text.STORAGE_IsReady_FS
                0x0800d17e       0x18 ./USB_DEVICE/App/usbd_storage_if.o
 .text.STORAGE_IsWriteProtected_FS
                0x0800d196       0x18 ./USB_DEVICE/App/usbd_storage_if.o
 .text.STORAGE_Read_FS
                0x0800d1ae       0x22 ./USB_DEVICE/App/usbd_storage_if.o
 .text.STORAGE_Write_FS
                0x0800d1d0       0x22 ./USB_DEVICE/App/usbd_storage_if.o
 .text.STORAGE_GetMaxLun_FS
                0x0800d1f2       0x10 ./USB_DEVICE/App/usbd_storage_if.o
 *fill*         0x0800d202        0x2 
 .text.HAL_PCD_MspInit
                0x0800d204       0xa8 ./USB_DEVICE/Target/usbd_conf.o
                0x0800d204                HAL_PCD_MspInit
 .text.HAL_PCD_SetupStageCallback
                0x0800d2ac       0x24 ./USB_DEVICE/Target/usbd_conf.o
                0x0800d2ac                HAL_PCD_SetupStageCallback
 .text.HAL_PCD_DataOutStageCallback
                0x0800d2d0       0x36 ./USB_DEVICE/Target/usbd_conf.o
                0x0800d2d0                HAL_PCD_DataOutStageCallback
 .text.HAL_PCD_DataInStageCallback
                0x0800d306       0x34 ./USB_DEVICE/Target/usbd_conf.o
                0x0800d306                HAL_PCD_DataInStageCallback
 .text.HAL_PCD_SOFCallback
                0x0800d33a       0x1c ./USB_DEVICE/Target/usbd_conf.o
                0x0800d33a                HAL_PCD_SOFCallback
 .text.HAL_PCD_ResetCallback
                0x0800d356       0x50 ./USB_DEVICE/Target/usbd_conf.o
                0x0800d356                HAL_PCD_ResetCallback
 *fill*         0x0800d3a6        0x2 
 .text.HAL_PCD_SuspendCallback
                0x0800d3a8       0x4c ./USB_DEVICE/Target/usbd_conf.o
                0x0800d3a8                HAL_PCD_SuspendCallback
 .text.HAL_PCD_ResumeCallback
                0x0800d3f4       0x1c ./USB_DEVICE/Target/usbd_conf.o
                0x0800d3f4                HAL_PCD_ResumeCallback
 .text.HAL_PCD_ISOOUTIncompleteCallback
                0x0800d410       0x24 ./USB_DEVICE/Target/usbd_conf.o
                0x0800d410                HAL_PCD_ISOOUTIncompleteCallback
 .text.HAL_PCD_ISOINIncompleteCallback
                0x0800d434       0x24 ./USB_DEVICE/Target/usbd_conf.o
                0x0800d434                HAL_PCD_ISOINIncompleteCallback
 .text.HAL_PCD_ConnectCallback
                0x0800d458       0x1c ./USB_DEVICE/Target/usbd_conf.o
                0x0800d458                HAL_PCD_ConnectCallback
 .text.HAL_PCD_DisconnectCallback
                0x0800d474       0x1c ./USB_DEVICE/Target/usbd_conf.o
                0x0800d474                HAL_PCD_DisconnectCallback
 .text.USBD_LL_Init
                0x0800d490       0x98 ./USB_DEVICE/Target/usbd_conf.o
                0x0800d490                USBD_LL_Init
 .text.USBD_LL_Start
                0x0800d528       0x36 ./USB_DEVICE/Target/usbd_conf.o
                0x0800d528                USBD_LL_Start
 .text.USBD_LL_OpenEP
                0x0800d55e       0x4c ./USB_DEVICE/Target/usbd_conf.o
                0x0800d55e                USBD_LL_OpenEP
 .text.USBD_LL_CloseEP
                0x0800d5aa       0x3e ./USB_DEVICE/Target/usbd_conf.o
                0x0800d5aa                USBD_LL_CloseEP
 .text.USBD_LL_FlushEP
                0x0800d5e8       0x3e ./USB_DEVICE/Target/usbd_conf.o
                0x0800d5e8                USBD_LL_FlushEP
 .text.USBD_LL_StallEP
                0x0800d626       0x3e ./USB_DEVICE/Target/usbd_conf.o
                0x0800d626                USBD_LL_StallEP
 .text.USBD_LL_ClearStallEP
                0x0800d664       0x3e ./USB_DEVICE/Target/usbd_conf.o
                0x0800d664                USBD_LL_ClearStallEP
 .text.USBD_LL_IsStallEP
                0x0800d6a2       0x58 ./USB_DEVICE/Target/usbd_conf.o
                0x0800d6a2                USBD_LL_IsStallEP
 .text.USBD_LL_SetUSBAddress
                0x0800d6fa       0x3e ./USB_DEVICE/Target/usbd_conf.o
                0x0800d6fa                USBD_LL_SetUSBAddress
 .text.USBD_LL_Transmit
                0x0800d738       0x42 ./USB_DEVICE/Target/usbd_conf.o
                0x0800d738                USBD_LL_Transmit
 .text.USBD_LL_PrepareReceive
                0x0800d77a       0x42 ./USB_DEVICE/Target/usbd_conf.o
                0x0800d77a                USBD_LL_PrepareReceive
 .text.USBD_LL_GetRxDataSize
                0x0800d7bc       0x26 ./USB_DEVICE/Target/usbd_conf.o
                0x0800d7bc                USBD_LL_GetRxDataSize
 *fill*         0x0800d7e2        0x2 
 .text.USBD_static_malloc
                0x0800d7e4       0x1c ./USB_DEVICE/Target/usbd_conf.o
                0x0800d7e4                USBD_static_malloc
 .text.USBD_static_free
                0x0800d800       0x14 ./USB_DEVICE/Target/usbd_conf.o
                0x0800d800                USBD_static_free
 .text.USBD_Get_USB_Status
                0x0800d814       0x58 ./USB_DEVICE/Target/usbd_conf.o
                0x0800d814                USBD_Get_USB_Status
 .text.memset   0x0800d86c       0x10 C:/ST/STM32CubeIDE_1.14.1/STM32CubeIDE/plugins/com.st.stm32cube.ide.mcu.externaltools.gnu-tools-for-stm32.12.3.rel1.win32_1.0.200.202406191623/tools/bin/../lib/gcc/arm-none-eabi/12.3.1/../../../../arm-none-eabi/lib/thumb/v7e-m+fp/hard\libc_nano.a(libc_a-memset.o)
                0x0800d86c                memset
 .text.__libc_init_array
                0x0800d87c       0x48 C:/ST/STM32CubeIDE_1.14.1/STM32CubeIDE/plugins/com.st.stm32cube.ide.mcu.externaltools.gnu-tools-for-stm32.12.3.rel1.win32_1.0.200.202406191623/tools/bin/../lib/gcc/arm-none-eabi/12.3.1/../../../../arm-none-eabi/lib/thumb/v7e-m+fp/hard\libc_nano.a(libc_a-init.o)
                0x0800d87c                __libc_init_array
 *(.glue_7)
 .glue_7        0x0800d8c4        0x0 linker stubs
 *(.glue_7t)
 .glue_7t       0x0800d8c4        0x0 linker stubs
 *(.eh_frame)
 .eh_frame      0x0800d8c4        0x0 C:/ST/STM32CubeIDE_1.14.1/STM32CubeIDE/plugins/com.st.stm32cube.ide.mcu.externaltools.gnu-tools-for-stm32.12.3.rel1.win32_1.0.200.202406191623/tools/bin/../lib/gcc/arm-none-eabi/12.3.1/thumb/v7e-m+fp/hard/crtbegin.o
 *(.init)
 .init          0x0800d8c4        0x4 C:/ST/STM32CubeIDE_1.14.1/STM32CubeIDE/plugins/com.st.stm32cube.ide.mcu.externaltools.gnu-tools-for-stm32.12.3.rel1.win32_1.0.200.202406191623/tools/bin/../lib/gcc/arm-none-eabi/12.3.1/thumb/v7e-m+fp/hard/crti.o
                0x0800d8c4                _init
 .init          0x0800d8c8        0x8 C:/ST/STM32CubeIDE_1.14.1/STM32CubeIDE/plugins/com.st.stm32cube.ide.mcu.externaltools.gnu-tools-for-stm32.12.3.rel1.win32_1.0.200.202406191623/tools/bin/../lib/gcc/arm-none-eabi/12.3.1/thumb/v7e-m+fp/hard/crtn.o
 *(.fini)
 .fini          0x0800d8d0        0x4 C:/ST/STM32CubeIDE_1.14.1/STM32CubeIDE/plugins/com.st.stm32cube.ide.mcu.externaltools.gnu-tools-for-stm32.12.3.rel1.win32_1.0.200.202406191623/tools/bin/../lib/gcc/arm-none-eabi/12.3.1/thumb/v7e-m+fp/hard/crti.o
                0x0800d8d0                _fini
 .fini          0x0800d8d4        0x8 C:/ST/STM32CubeIDE_1.14.1/STM32CubeIDE/plugins/com.st.stm32cube.ide.mcu.externaltools.gnu-tools-for-stm32.12.3.rel1.win32_1.0.200.202406191623/tools/bin/../lib/gcc/arm-none-eabi/12.3.1/thumb/v7e-m+fp/hard/crtn.o
                0x0800d8dc                        . = ALIGN (0x4)
                0x0800d8dc                        _etext = .

.vfp11_veneer   0x0800d8dc        0x0
 .vfp11_veneer  0x0800d8dc        0x0 linker stubs

.v4_bx          0x0800d8dc        0x0
 .v4_bx         0x0800d8dc        0x0 linker stubs

.iplt           0x0800d8dc        0x0
 .iplt          0x0800d8dc        0x0 C:/ST/STM32CubeIDE_1.14.1/STM32CubeIDE/plugins/com.st.stm32cube.ide.mcu.externaltools.gnu-tools-for-stm32.12.3.rel1.win32_1.0.200.202406191623/tools/bin/../lib/gcc/arm-none-eabi/12.3.1/thumb/v7e-m+fp/hard/crtbegin.o

.rodata         0x0800d8dc       0x9c
                0x0800d8dc                        . = ALIGN (0x4)
 *(.rodata)
 .rodata        0x0800d8dc       0x42 ./USB_DEVICE/App/usbd_desc.o
 *(.rodata*)
 *fill*         0x0800d91e        0x2 
 .rodata.AHBPrescTable
                0x0800d920       0x10 ./Core/Src/system_stm32f4xx.o
                0x0800d920                AHBPrescTable
 .rodata.APBPrescTable
                0x0800d930        0x8 ./Core/Src/system_stm32f4xx.o
                0x0800d930                APBPrescTable
 .rodata.flagBitshiftOffset.0
                0x0800d938        0x8 ./Drivers/STM32F4xx_HAL_Driver/Src/stm32f4xx_hal_dma.o
 .rodata.SD_Driver
                0x0800d940       0x14 ./FATFS/Target/sd_diskio.o
                0x0800d940                SD_Driver
 .rodata.STORAGE_Inquirydata_FS
                0x0800d954       0x24 ./USB_DEVICE/App/usbd_storage_if.o
                0x0800d954                STORAGE_Inquirydata_FS
                0x0800d978                        . = ALIGN (0x4)

.ARM.extab      0x0800d978        0x0
                0x0800d978                        . = ALIGN (0x4)
 *(.ARM.extab* .gnu.linkonce.armextab.*)
                0x0800d978                        . = ALIGN (0x4)

.ARM            0x0800d978        0x8
                0x0800d978                        . = ALIGN (0x4)
                0x0800d978                        __exidx_start = .
 *(.ARM.exidx*)
 .ARM.exidx     0x0800d978        0x8 C:/ST/STM32CubeIDE_1.14.1/STM32CubeIDE/plugins/com.st.stm32cube.ide.mcu.externaltools.gnu-tools-for-stm32.12.3.rel1.win32_1.0.200.202406191623/tools/bin/../lib/gcc/arm-none-eabi/12.3.1/thumb/v7e-m+fp/hard\libgcc.a(_udivmoddi4.o)
                0x0800d980                        __exidx_end = .
                0x0800d980                        . = ALIGN (0x4)

.preinit_array  0x0800d980        0x0
                0x0800d980                        . = ALIGN (0x4)
                0x0800d980                        PROVIDE (__preinit_array_start = .)
 *(.preinit_array*)
                0x0800d980                        PROVIDE (__preinit_array_end = .)
                0x0800d980                        . = ALIGN (0x4)

.init_array     0x0800d980        0x4
                0x0800d980                        . = ALIGN (0x4)
                0x0800d980                        PROVIDE (__init_array_start = .)
 *(SORT_BY_NAME(.init_array.*))
 *(.init_array*)
 .init_array    0x0800d980        0x4 C:/ST/STM32CubeIDE_1.14.1/STM32CubeIDE/plugins/com.st.stm32cube.ide.mcu.externaltools.gnu-tools-for-stm32.12.3.rel1.win32_1.0.200.202406191623/tools/bin/../lib/gcc/arm-none-eabi/12.3.1/thumb/v7e-m+fp/hard/crtbegin.o
                0x0800d984                        PROVIDE (__init_array_end = .)
                0x0800d984                        . = ALIGN (0x4)

.fini_array     0x0800d984        0x4
                0x0800d984                        . = ALIGN (0x4)
                [!provide]                        PROVIDE (__fini_array_start = .)
 *(SORT_BY_NAME(.fini_array.*))
 *(.fini_array*)
 .fini_array    0x0800d984        0x4 C:/ST/STM32CubeIDE_1.14.1/STM32CubeIDE/plugins/com.st.stm32cube.ide.mcu.externaltools.gnu-tools-for-stm32.12.3.rel1.win32_1.0.200.202406191623/tools/bin/../lib/gcc/arm-none-eabi/12.3.1/thumb/v7e-m+fp/hard/crtbegin.o
                [!provide]                        PROVIDE (__fini_array_end = .)
                0x0800d988                        . = ALIGN (0x4)
                0x0800d988                        _sidata = LOADADDR (.data)

.rel.dyn        0x0800d988        0x0
 .rel.iplt      0x0800d988        0x0 C:/ST/STM32CubeIDE_1.14.1/STM32CubeIDE/plugins/com.st.stm32cube.ide.mcu.externaltools.gnu-tools-for-stm32.12.3.rel1.win32_1.0.200.202406191623/tools/bin/../lib/gcc/arm-none-eabi/12.3.1/thumb/v7e-m+fp/hard/crtbegin.o

.data           0x20000000       0xfc load address 0x0800d988
                0x20000000                        . = ALIGN (0x4)
                0x20000000                        _sdata = .
 *(.data)
 *(.data*)
 .data.SystemCoreClock
                0x20000000        0x4 ./Core/Src/system_stm32f4xx.o
                0x20000000                SystemCoreClock
 .data.uwTickPrio
                0x20000004        0x4 ./Drivers/STM32F4xx_HAL_Driver/Src/stm32f4xx_hal.o
                0x20000004                uwTickPrio
 .data.uwTickFreq
                0x20000008        0x1 ./Drivers/STM32F4xx_HAL_Driver/Src/stm32f4xx_hal.o
                0x20000008                uwTickFreq
 .data.Stat     0x20000009        0x1 ./FATFS/Target/sd_diskio.o
 *fill*         0x2000000a        0x2 
 .data.USBD_MSC
                0x2000000c       0x38 ./Middlewares/ST/STM32_USB_Device_Library/Class/MSC/Src/usbd_msc.o
                0x2000000c                USBD_MSC
 .data.USBD_MSC_CfgDesc
                0x20000044       0x20 ./Middlewares/ST/STM32_USB_Device_Library/Class/MSC/Src/usbd_msc.o
 .data.USBD_MSC_DeviceQualifierDesc
                0x20000064        0xa ./Middlewares/ST/STM32_USB_Device_Library/Class/MSC/Src/usbd_msc.o
 .data.MSCInEpAdd
                0x2000006e        0x1 ./Middlewares/ST/STM32_USB_Device_Library/Class/MSC/Src/usbd_msc.o
                0x2000006e                MSCInEpAdd
 .data.MSCOutEpAdd
                0x2000006f        0x1 ./Middlewares/ST/STM32_USB_Device_Library/Class/MSC/Src/usbd_msc.o
                0x2000006f                MSCOutEpAdd
 .data.MSC_Page00_Inquiry_Data
                0x20000070        0x6 ./Middlewares/ST/STM32_USB_Device_Library/Class/MSC/Src/usbd_msc_data.o
                0x20000070                MSC_Page00_Inquiry_Data
 *fill*         0x20000076        0x2 
 .data.MSC_Page80_Inquiry_Data
                0x20000078        0x8 ./Middlewares/ST/STM32_USB_Device_Library/Class/MSC/Src/usbd_msc_data.o
                0x20000078                MSC_Page80_Inquiry_Data
 .data.MSC_Mode_Sense6_data
                0x20000080        0x4 ./Middlewares/ST/STM32_USB_Device_Library/Class/MSC/Src/usbd_msc_data.o
                0x20000080                MSC_Mode_Sense6_data
 .data.MSC_Mode_Sense10_data
                0x20000084        0x8 ./Middlewares/ST/STM32_USB_Device_Library/Class/MSC/Src/usbd_msc_data.o
                0x20000084                MSC_Mode_Sense10_data
 .data.FS_Desc  0x2000008c       0x1c ./USB_DEVICE/App/usbd_desc.o
                0x2000008c                FS_Desc
 .data.USBD_FS_DeviceDesc
                0x200000a8       0x12 ./USB_DEVICE/App/usbd_desc.o
                0x200000a8                USBD_FS_DeviceDesc
 *fill*         0x200000ba        0x2 
 .data.USBD_LangIDDesc
                0x200000bc        0x4 ./USB_DEVICE/App/usbd_desc.o
                0x200000bc                USBD_LangIDDesc
 .data.USBD_StringSerial
                0x200000c0       0x1a ./USB_DEVICE/App/usbd_desc.o
                0x200000c0                USBD_StringSerial
 *fill*         0x200000da        0x2 
 .data.USBD_Storage_Interface_fops_FS
                0x200000dc       0x20 ./USB_DEVICE/App/usbd_storage_if.o
                0x200000dc                USBD_Storage_Interface_fops_FS
 *(.RamFunc)
 *(.RamFunc*)
                0x200000fc                        . = ALIGN (0x4)
                0x200000fc                        _edata = .
                0x0800da84                        _siccmram = LOADADDR (.ccmram)

.igot.plt       0x200000fc        0x0 load address 0x0800da84
 .igot.plt      0x200000fc        0x0 C:/ST/STM32CubeIDE_1.14.1/STM32CubeIDE/plugins/com.st.stm32cube.ide.mcu.externaltools.gnu-tools-for-stm32.12.3.rel1.win32_1.0.200.202406191623/tools/bin/../lib/gcc/arm-none-eabi/12.3.1/thumb/v7e-m+fp/hard/crtbegin.o

.ccmram         0x10000000        0x0 load address 0x0800da84
                0x10000000                        . = ALIGN (0x4)
                0x10000000                        _sccmram = .
 *(.ccmram)
 *(.ccmram*)
                0x10000000                        . = ALIGN (0x4)
                0x10000000                        _eccmram = .
                0x10000000                        . = ALIGN (0x4)

.bss            0x200000fc      0xeec
                0x200000fc                        _sbss = .
                0x200000fc                        __bss_start__ = _sbss
 *(.bss)
 .bss           0x200000fc       0x1c C:/ST/STM32CubeIDE_1.14.1/STM32CubeIDE/plugins/com.st.stm32cube.ide.mcu.externaltools.gnu-tools-for-stm32.12.3.rel1.win32_1.0.200.202406191623/tools/bin/../lib/gcc/arm-none-eabi/12.3.1/thumb/v7e-m+fp/hard/crtbegin.o
 *(.bss*)
 .bss.hsd       0x20000118       0x84 ./Core/Src/main.o
                0x20000118                hsd
 .bss.hdma_sdio_rx
                0x2000019c       0x60 ./Core/Src/main.o
                0x2000019c                hdma_sdio_rx
 .bss.hdma_sdio_tx
                0x200001fc       0x60 ./Core/Src/main.o
                0x200001fc                hdma_sdio_tx
 .bss.hspi1     0x2000025c       0x58 ./Core/Src/main.o
                0x2000025c                hspi1
 .bss.htim1     0x200002b4       0x48 ./Core/Src/main.o
                0x200002b4                htim1
 .bss.htim2     0x200002fc       0x48 ./Core/Src/main.o
                0x200002fc                htim2
 .bss.huart1    0x20000344       0x48 ./Core/Src/main.o
                0x20000344                huart1
 .bss.uwTick    0x2000038c        0x4 ./Drivers/STM32F4xx_HAL_Driver/Src/stm32f4xx_hal.o
                0x2000038c                uwTick
 .bss.retSD     0x20000390        0x1 ./FATFS/App/fatfs.o
                0x20000390                retSD
 *fill*         0x20000391        0x3 
 .bss.SDPath    0x20000394        0x4 ./FATFS/App/fatfs.o
                0x20000394                SDPath
 .bss.WriteStatus
                0x20000398        0x4 ./FATFS/Target/sd_diskio.o
 .bss.ReadStatus
                0x2000039c        0x4 ./FATFS/Target/sd_diskio.o
 .bss.cfgidx.0  0x200003a0        0x1 ./Middlewares/ST/STM32_USB_Device_Library/Core/Src/usbd_ctlreq.o
 *fill*         0x200003a1        0x3 
 .bss.disk      0x200003a4        0xc ./Middlewares/Third_Party/FatFs/src/ff_gen_drv.o
                0x200003a4                disk
 .bss.hUsbDeviceFS
                0x200003b0      0x2dc ./USB_DEVICE/App/usb_device.o
                0x200003b0                hUsbDeviceFS
 .bss.USBD_StrDesc
                0x2000068c      0x200 ./USB_DEVICE/App/usbd_desc.o
                0x2000068c                USBD_StrDesc
 .bss.hpcd_USB_OTG_FS
                0x2000088c      0x4e4 ./USB_DEVICE/Target/usbd_conf.o
                0x2000088c                hpcd_USB_OTG_FS
 .bss.mem.0     0x20000d70      0x278 ./USB_DEVICE/Target/usbd_conf.o
 *(COMMON)
                0x20000fe8                        . = ALIGN (0x4)
                0x20000fe8                        _ebss = .
                0x20000fe8                        __bss_end__ = _ebss

._user_heap_stack
                0x20000fe8     0x4000
                0x20000fe8                        . = ALIGN (0x8)
                [!provide]                        PROVIDE (end = .)
                0x20000fe8                        PROVIDE (_end = .)
                0x20002fe8                        . = (. + _Min_Heap_Size)
 *fill*         0x20000fe8     0x2000 
                0x20004fe8                        . = (. + _Min_Stack_Size)
 *fill*         0x20002fe8     0x2000 
                0x20004fe8                        . = ALIGN (0x8)

/DISCARD/
 libc.a(*)
 libm.a(*)
 libgcc.a(*)

.ARM.attributes
                0x00000000       0x30
 *(.ARM.attributes)
 .ARM.attributes
                0x00000000       0x22 C:/ST/STM32CubeIDE_1.14.1/STM32CubeIDE/plugins/com.st.stm32cube.ide.mcu.externaltools.gnu-tools-for-stm32.12.3.rel1.win32_1.0.200.202406191623/tools/bin/../lib/gcc/arm-none-eabi/12.3.1/thumb/v7e-m+fp/hard/crti.o
 .ARM.attributes
                0x00000022       0x34 C:/ST/STM32CubeIDE_1.14.1/STM32CubeIDE/plugins/com.st.stm32cube.ide.mcu.externaltools.gnu-tools-for-stm32.12.3.rel1.win32_1.0.200.202406191623/tools/bin/../lib/gcc/arm-none-eabi/12.3.1/thumb/v7e-m+fp/hard/crtbegin.o
 .ARM.attributes
                0x00000056       0x34 ./Core/Src/main.o
 .ARM.attributes
                0x0000008a       0x34 ./Core/Src/stm32f4xx_hal_msp.o
 .ARM.attributes
                0x000000be       0x34 ./Core/Src/stm32f4xx_it.o
 .ARM.attributes
                0x000000f2       0x34 ./Core/Src/system_stm32f4xx.o
 .ARM.attributes
                0x00000126       0x21 ./Core/Startup/startup_stm32f427vitx.o
 .ARM.attributes
                0x00000147       0x34 ./Drivers/STM32F4xx_HAL_Driver/Src/stm32f4xx_hal.o
 .ARM.attributes
                0x0000017b       0x34 ./Drivers/STM32F4xx_HAL_Driver/Src/stm32f4xx_hal_cortex.o
 .ARM.attributes
                0x000001af       0x34 ./Drivers/STM32F4xx_HAL_Driver/Src/stm32f4xx_hal_dma.o
 .ARM.attributes
                0x000001e3       0x34 ./Drivers/STM32F4xx_HAL_Driver/Src/stm32f4xx_hal_gpio.o
 .ARM.attributes
                0x00000217       0x34 ./Drivers/STM32F4xx_HAL_Driver/Src/stm32f4xx_hal_pcd.o
 .ARM.attributes
                0x0000024b       0x34 ./Drivers/STM32F4xx_HAL_Driver/Src/stm32f4xx_hal_pcd_ex.o
 .ARM.attributes
                0x0000027f       0x34 ./Drivers/STM32F4xx_HAL_Driver/Src/stm32f4xx_hal_rcc.o
 .ARM.attributes
                0x000002b3       0x34 ./Drivers/STM32F4xx_HAL_Driver/Src/stm32f4xx_hal_sd.o
 .ARM.attributes
                0x000002e7       0x34 ./Drivers/STM32F4xx_HAL_Driver/Src/stm32f4xx_hal_spi.o
 .ARM.attributes
                0x0000031b       0x34 ./Drivers/STM32F4xx_HAL_Driver/Src/stm32f4xx_hal_tim.o
 .ARM.attributes
                0x0000034f       0x34 ./Drivers/STM32F4xx_HAL_Driver/Src/stm32f4xx_hal_tim_ex.o
 .ARM.attributes
                0x00000383       0x34 ./Drivers/STM32F4xx_HAL_Driver/Src/stm32f4xx_hal_uart.o
 .ARM.attributes
                0x000003b7       0x34 ./Drivers/STM32F4xx_HAL_Driver/Src/stm32f4xx_ll_sdmmc.o
 .ARM.attributes
                0x000003eb       0x34 ./Drivers/STM32F4xx_HAL_Driver/Src/stm32f4xx_ll_usb.o
 .ARM.attributes
                0x0000041f       0x34 ./FATFS/App/fatfs.o
 .ARM.attributes
                0x00000453       0x34 ./FATFS/Target/bsp_driver_sd.o
 .ARM.attributes
                0x00000487       0x34 ./FATFS/Target/fatfs_platform.o
 .ARM.attributes
                0x000004bb       0x34 ./FATFS/Target/sd_diskio.o
 .ARM.attributes
                0x000004ef       0x34 ./Middlewares/ST/STM32_USB_Device_Library/Class/MSC/Src/usbd_msc.o
 .ARM.attributes
                0x00000523       0x34 ./Middlewares/ST/STM32_USB_Device_Library/Class/MSC/Src/usbd_msc_bot.o
 .ARM.attributes
                0x00000557       0x34 ./Middlewares/ST/STM32_USB_Device_Library/Class/MSC/Src/usbd_msc_data.o
 .ARM.attributes
                0x0000058b       0x34 ./Middlewares/ST/STM32_USB_Device_Library/Class/MSC/Src/usbd_msc_scsi.o
 .ARM.attributes
                0x000005bf       0x34 ./Middlewares/ST/STM32_USB_Device_Library/Core/Src/usbd_core.o
 .ARM.attributes
                0x000005f3       0x34 ./Middlewares/ST/STM32_USB_Device_Library/Core/Src/usbd_ctlreq.o
 .ARM.attributes
                0x00000627       0x34 ./Middlewares/ST/STM32_USB_Device_Library/Core/Src/usbd_ioreq.o
 .ARM.attributes
                0x0000065b       0x34 ./Middlewares/Third_Party/FatFs/src/ff_gen_drv.o
 .ARM.attributes
                0x0000068f       0x34 ./USB_DEVICE/App/usb_device.o
 .ARM.attributes
                0x000006c3       0x34 ./USB_DEVICE/App/usbd_desc.o
 .ARM.attributes
                0x000006f7       0x34 ./USB_DEVICE/App/usbd_storage_if.o
 .ARM.attributes
                0x0000072b       0x34 ./USB_DEVICE/Target/usbd_conf.o
 .ARM.attributes
                0x0000075f       0x34 C:/ST/STM32CubeIDE_1.14.1/STM32CubeIDE/plugins/com.st.stm32cube.ide.mcu.externaltools.gnu-tools-for-stm32.12.3.rel1.win32_1.0.200.202406191623/tools/bin/../lib/gcc/arm-none-eabi/12.3.1/../../../../arm-none-eabi/lib/thumb/v7e-m+fp/hard\libc_nano.a(libc_a-memset.o)
 .ARM.attributes
                0x00000793       0x34 C:/ST/STM32CubeIDE_1.14.1/STM32CubeIDE/plugins/com.st.stm32cube.ide.mcu.externaltools.gnu-tools-for-stm32.12.3.rel1.win32_1.0.200.202406191623/tools/bin/../lib/gcc/arm-none-eabi/12.3.1/../../../../arm-none-eabi/lib/thumb/v7e-m+fp/hard\libc_nano.a(libc_a-init.o)
 .ARM.attributes
                0x000007c7       0x22 C:/ST/STM32CubeIDE_1.14.1/STM32CubeIDE/plugins/com.st.stm32cube.ide.mcu.externaltools.gnu-tools-for-stm32.12.3.rel1.win32_1.0.200.202406191623/tools/bin/../lib/gcc/arm-none-eabi/12.3.1/thumb/v7e-m+fp/hard\libgcc.a(_aeabi_uldivmod.o)
 .ARM.attributes
                0x000007e9       0x34 C:/ST/STM32CubeIDE_1.14.1/STM32CubeIDE/plugins/com.st.stm32cube.ide.mcu.externaltools.gnu-tools-for-stm32.12.3.rel1.win32_1.0.200.202406191623/tools/bin/../lib/gcc/arm-none-eabi/12.3.1/thumb/v7e-m+fp/hard\libgcc.a(_udivmoddi4.o)
 .ARM.attributes
                0x0000081d       0x22 C:/ST/STM32CubeIDE_1.14.1/STM32CubeIDE/plugins/com.st.stm32cube.ide.mcu.externaltools.gnu-tools-for-stm32.12.3.rel1.win32_1.0.200.202406191623/tools/bin/../lib/gcc/arm-none-eabi/12.3.1/thumb/v7e-m+fp/hard\libgcc.a(_dvmd_tls.o)
 .ARM.attributes
                0x0000083f       0x22 C:/ST/STM32CubeIDE_1.14.1/STM32CubeIDE/plugins/com.st.stm32cube.ide.mcu.externaltools.gnu-tools-for-stm32.12.3.rel1.win32_1.0.200.202406191623/tools/bin/../lib/gcc/arm-none-eabi/12.3.1/thumb/v7e-m+fp/hard/crtn.o
OUTPUT(ST-FLASHER.elf elf32-littlearm)
LOAD linker stubs
LOAD C:/ST/STM32CubeIDE_1.14.1/STM32CubeIDE/plugins/com.st.stm32cube.ide.mcu.externaltools.gnu-tools-for-stm32.12.3.rel1.win32_1.0.200.202406191623/tools/bin/../lib/gcc/arm-none-eabi/12.3.1/../../../../arm-none-eabi/lib/thumb/v7e-m+fp/hard\libc.a
LOAD C:/ST/STM32CubeIDE_1.14.1/STM32CubeIDE/plugins/com.st.stm32cube.ide.mcu.externaltools.gnu-tools-for-stm32.12.3.rel1.win32_1.0.200.202406191623/tools/bin/../lib/gcc/arm-none-eabi/12.3.1/../../../../arm-none-eabi/lib/thumb/v7e-m+fp/hard\libm.a
LOAD C:/ST/STM32CubeIDE_1.14.1/STM32CubeIDE/plugins/com.st.stm32cube.ide.mcu.externaltools.gnu-tools-for-stm32.12.3.rel1.win32_1.0.200.202406191623/tools/bin/../lib/gcc/arm-none-eabi/12.3.1/thumb/v7e-m+fp/hard\libgcc.a

.debug_info     0x00000000    0x1f4a0
 .debug_info    0x00000000     0x1b84 ./Core/Src/main.o
 .debug_info    0x00001b84     0x177a ./Core/Src/stm32f4xx_hal_msp.o
 .debug_info    0x000032fe     0x1264 ./Core/Src/stm32f4xx_it.o
 .debug_info    0x00004562      0x52e ./Core/Src/system_stm32f4xx.o
 .debug_info    0x00004a90       0x30 ./Core/Startup/startup_stm32f427vitx.o
 .debug_info    0x00004ac0      0x9ae ./Drivers/STM32F4xx_HAL_Driver/Src/stm32f4xx_hal.o
 .debug_info    0x0000546e      0xd81 ./Drivers/STM32F4xx_HAL_Driver/Src/stm32f4xx_hal_cortex.o
 .debug_info    0x000061ef      0x8e7 ./Drivers/STM32F4xx_HAL_Driver/Src/stm32f4xx_hal_dma.o
 .debug_info    0x00006ad6      0x6db ./Drivers/STM32F4xx_HAL_Driver/Src/stm32f4xx_hal_gpio.o
 .debug_info    0x000071b1     0x156f ./Drivers/STM32F4xx_HAL_Driver/Src/stm32f4xx_hal_pcd.o
 .debug_info    0x00008720      0x6ea ./Drivers/STM32F4xx_HAL_Driver/Src/stm32f4xx_hal_pcd_ex.o
 .debug_info    0x00008e0a      0x8c9 ./Drivers/STM32F4xx_HAL_Driver/Src/stm32f4xx_hal_rcc.o