Archive member included to satisfy reference by file (symbol)

C:/ST/STM32CubeIDE_1.14.1/STM32CubeIDE/plugins/com.st.stm32cube.ide.mcu.externaltools.gnu-tools-for-stm32.12.3.rel1.win32_1.0.200.202406191623/tools/bin/../lib/gcc/arm-none-eabi/12.3.1/../../../../arm-none-eabi/lib/thumb/v7e-m+fp/hard\libc_nano.a(libc_a-exit.o)
                              C:/ST/STM32CubeIDE_1.14.1/STM32CubeIDE/plugins/com.st.stm32cube.ide.mcu.externaltools.gnu-tools-for-stm32.12.3.rel1.win32_1.0.200.202406191623/tools/bin/../lib/gcc/arm-none-eabi/12.3.1/../../../../arm-none-eabi/lib/thumb/v7e-m+fp/hard/crt0.o (exit)
C:/ST/STM32CubeIDE_1.14.1/STM32CubeIDE/plugins/com.st.stm32cube.ide.mcu.externaltools.gnu-tools-for-stm32.12.3.rel1.win32_1.0.200.202406191623/tools/bin/../lib/gcc/arm-none-eabi/12.3.1/../../../../arm-none-eabi/lib/thumb/v7e-m+fp/hard\libc_nano.a(libc_a-findfp.o)
                              C:/ST/STM32CubeIDE_1.14.1/STM32CubeIDE/plugins/com.st.stm32cube.ide.mcu.externaltools.gnu-tools-for-stm32.12.3.rel1.win32_1.0.200.202406191623/tools/bin/../lib/gcc/arm-none-eabi/12.3.1/../../../../arm-none-eabi/lib/thumb/v7e-m+fp/hard\libc_nano.a(libc_a-exit.o) (__stdio_exit_handler)
C:/ST/STM32CubeIDE_1.14.1/STM32CubeIDE/plugins/com.st.stm32cube.ide.mcu.externaltools.gnu-tools-for-stm32.12.3.rel1.win32_1.0.200.202406191623/tools/bin/../lib/gcc/arm-none-eabi/12.3.1/../../../../arm-none-eabi/lib/thumb/v7e-m+fp/hard\libc_nano.a(libc_a-fwalk.o)
                              C:/ST/STM32CubeIDE_1.14.1/STM32CubeIDE/plugins/com.st.stm32cube.ide.mcu.externaltools.gnu-tools-for-stm32.12.3.rel1.win32_1.0.200.202406191623/tools/bin/../lib/gcc/arm-none-eabi/12.3.1/../../../../arm-none-eabi/lib/thumb/v7e-m+fp/hard\libc_nano.a(libc_a-findfp.o) (_fwalk_sglue)
C:/ST/STM32CubeIDE_1.14.1/STM32CubeIDE/plugins/com.st.stm32cube.ide.mcu.externaltools.gnu-tools-for-stm32.12.3.rel1.win32_1.0.200.202406191623/tools/bin/../lib/gcc/arm-none-eabi/12.3.1/../../../../arm-none-eabi/lib/thumb/v7e-m+fp/hard\libc_nano.a(libc_a-printf.o)
                              ./Core/Programmer/swd/utils.o (printf)
C:/ST/STM32CubeIDE_1.14.1/STM32CubeIDE/plugins/com.st.stm32cube.ide.mcu.externaltools.gnu-tools-for-stm32.12.3.rel1.win32_1.0.200.202406191623/tools/bin/../lib/gcc/arm-none-eabi/12.3.1/../../../../arm-none-eabi/lib/thumb/v7e-m+fp/hard\libc_nano.a(libc_a-putchar.o)
                              ./Core/Programmer/util/w25qxx.o (putchar)
C:/ST/STM32CubeIDE_1.14.1/STM32CubeIDE/plugins/com.st.stm32cube.ide.mcu.externaltools.gnu-tools-for-stm32.12.3.rel1.win32_1.0.200.202406191623/tools/bin/../lib/gcc/arm-none-eabi/12.3.1/../../../../arm-none-eabi/lib/thumb/v7e-m+fp/hard\libc_nano.a(libc_a-puts.o)
                              ./Core/Src/main.o (puts)
C:/ST/STM32CubeIDE_1.14.1/STM32CubeIDE/plugins/com.st.stm32cube.ide.mcu.externaltools.gnu-tools-for-stm32.12.3.rel1.win32_1.0.200.202406191623/tools/bin/../lib/gcc/arm-none-eabi/12.3.1/../../../../arm-none-eabi/lib/thumb/v7e-m+fp/hard\libc_nano.a(libc_a-snprintf.o)
                              ./Core/Programmer/target/Target.o (snprintf)
C:/ST/STM32CubeIDE_1.14.1/STM32CubeIDE/plugins/com.st.stm32cube.ide.mcu.externaltools.gnu-tools-for-stm32.12.3.rel1.win32_1.0.200.202406191623/tools/bin/../lib/gcc/arm-none-eabi/12.3.1/../../../../arm-none-eabi/lib/thumb/v7e-m+fp/hard\libc_nano.a(libc_a-stdio.o)
                              C:/ST/STM32CubeIDE_1.14.1/STM32CubeIDE/plugins/com.st.stm32cube.ide.mcu.externaltools.gnu-tools-for-stm32.12.3.rel1.win32_1.0.200.202406191623/tools/bin/../lib/gcc/arm-none-eabi/12.3.1/../../../../arm-none-eabi/lib/thumb/v7e-m+fp/hard\libc_nano.a(libc_a-findfp.o) (__sread)
C:/ST/STM32CubeIDE_1.14.1/STM32CubeIDE/plugins/com.st.stm32cube.ide.mcu.externaltools.gnu-tools-for-stm32.12.3.rel1.win32_1.0.200.202406191623/tools/bin/../lib/gcc/arm-none-eabi/12.3.1/../../../../arm-none-eabi/lib/thumb/v7e-m+fp/hard\libc_nano.a(libc_a-vsnprintf.o)
                              ./Core/Programmer/target/Target.o (vsnprintf)
C:/ST/STM32CubeIDE_1.14.1/STM32CubeIDE/plugins/com.st.stm32cube.ide.mcu.externaltools.gnu-tools-for-stm32.12.3.rel1.win32_1.0.200.202406191623/tools/bin/../lib/gcc/arm-none-eabi/12.3.1/../../../../arm-none-eabi/lib/thumb/v7e-m+fp/hard\libc_nano.a(libc_a-wbuf.o)
                              C:/ST/STM32CubeIDE_1.14.1/STM32CubeIDE/plugins/com.st.stm32cube.ide.mcu.externaltools.gnu-tools-for-stm32.12.3.rel1.win32_1.0.200.202406191623/tools/bin/../lib/gcc/arm-none-eabi/12.3.1/../../../../arm-none-eabi/lib/thumb/v7e-m+fp/hard\libc_nano.a(libc_a-puts.o) (__swbuf_r)
C:/ST/STM32CubeIDE_1.14.1/STM32CubeIDE/plugins/com.st.stm32cube.ide.mcu.externaltools.gnu-tools-for-stm32.12.3.rel1.win32_1.0.200.202406191623/tools/bin/../lib/gcc/arm-none-eabi/12.3.1/../../../../arm-none-eabi/lib/thumb/v7e-m+fp/hard\libc_nano.a(libc_a-wsetup.o)
[...]
Memory Configuration

Name             Origin             Length             Attributes
CCMRAM           0x10000000         0x00010000         xrw
RAM              0x20000000         0x00030000         xrw
FLASH            0x08000000         0x00200000         xr
*default*        0x00000000         0xffffffff

Linker script and memory map

LOAD C:/ST/STM32CubeIDE_1.14.1/STM32CubeIDE/plugins/com.st.stm32cube.ide.mcu.externaltools.gnu-tools-for-stm32.12.3.rel1.win32_1.0.200.202406191623/tools/bin/../lib/gcc/arm-none-eabi/12.3.1/thumb/v7e-m+fp/hard/crti.o
LOAD C:/ST/STM32CubeIDE_1.14.1/STM32CubeIDE/plugins/com.st.stm32cube.ide.mcu.externaltools.gnu-tools-for-stm32.12.3.rel1.win32_1.0.200.202406191623/tools/bin/../lib/gcc/arm-none-eabi/12.3.1/thumb/v7e-m+fp/hard/crtbegin.o
LOAD C:/ST/STM32CubeIDE_1.14.1/STM32CubeIDE/plugins/com.st.stm32cube.ide.mcu.externaltools.gnu-tools-for-stm32.12.3.rel1.win32_1.0.200.202406191623/tools/bin/../lib/gcc/arm-none-eabi/12.3.1/../../../../arm-none-eabi/lib/thumb/v7e-m+fp/hard/crt0.o
LOAD ./Core/Programmer/swd/dap.o
LOAD ./Core/Programmer/swd/delay.o
LOAD ./Core/Programmer/swd/errors.o
LOAD ./Core/Programmer/swd/utils.o
LOAD ./Core/Programmer/target/Target.o
LOAD ./Core/Programmer/target/stm32c0_flash.o
LOAD ./Core/Programmer/target/stm32h7_flash.o
LOAD ./Core/Programmer/util/button.o
LOAD ./Core/Programmer/util/buzzer.o
LOAD ./Core/Programmer/util/ihex_parser.o
LOAD ./Core/Programmer/util/led.o
LOAD ./Core/Programmer/util/w25qxx.o
LOAD ./Core/Src/main.o
LOAD ./Core/Src/stm32f4xx_hal_msp.o
LOAD ./Core/Src/stm32f4xx_it.o
LOAD ./Core/Src/syscalls.o
LOAD ./Core/Src/sysmem.o
LOAD ./Core/Src/system_stm32f4xx.o
LOAD ./Core/Startup/startup_stm32f427vitx.o
LOAD ./Drivers/STM32F4xx_HAL_Driver/Src/stm32f4xx_hal.o
LOAD ./Drivers/STM32F4xx_HAL_Driver/Src/stm32f4xx_hal_cortex.o
LOAD ./Drivers/STM32F4xx_HAL_Driver/Src/stm32f4xx_hal_dma.o
LOAD ./Drivers/STM32F4xx_HAL_Driver/Src/stm32f4xx_hal_dma_ex.o
LOAD ./Drivers/STM32F4xx_HAL_Driver/Src/stm32f4xx_hal_exti.o
LOAD ./Drivers/STM32F4xx_HAL_Driver/Src/stm32f4xx_hal_flash.o
LOAD ./Drivers/STM32F4xx_HAL_Driver/Src/stm32f4xx_hal_flash_ex.o
LOAD ./Drivers/STM32F4xx_HAL_Driver/Src/stm32f4xx_hal_flash_ramfunc.o
LOAD ./Drivers/STM32F4xx_HAL_Driver/Src/stm32f4xx_hal_gpio.o
LOAD ./Drivers/STM32F4xx_HAL_Driver/Src/stm32f4xx_hal_pcd.o
LOAD ./Drivers/STM32F4xx_HAL_Driver/Src/stm32f4xx_hal_pcd_ex.o
LOAD ./Drivers/STM32F4xx_HAL_Driver/Src/stm32f4xx_hal_pwr.o
LOAD ./Drivers/STM32F4xx_HAL_Driver/Src/stm32f4xx_hal_pwr_ex.o
LOAD ./Drivers/STM32F4xx_HAL_Driver/Src/stm32f4xx_hal_rcc.o
LOAD ./Drivers/STM32F4xx_HAL_Driver/Src/stm32f4xx_hal_rcc_ex.o
LOAD ./Drivers/STM32F4xx_HAL_Driver/Src/stm32f4xx_hal_rtc.o
LOAD ./Drivers/STM32F4xx_HAL_Driver/Src/stm32f4xx_hal_rtc_ex.o
LOAD ./Drivers/STM32F4xx_HAL_Driver/Src/stm32f4xx_hal_sd.o
LOAD ./Drivers/STM32F4xx_HAL_Driver/Src/stm32f4xx_hal_spi.o
LOAD ./Drivers/STM32F4xx_HAL_Driver/Src/stm32f4xx_hal_tim.o
LOAD ./Drivers/STM32F4xx_HAL_Driver/Src/stm32f4xx_hal_tim_ex.o
LOAD ./Drivers/STM32F4xx_HAL_Driver/Src/stm32f4xx_hal_uart.o
LOAD ./Drivers/STM32F4xx_HAL_Driver/Src/stm32f4xx_ll_sdmmc.o
LOAD ./Drivers/STM32F4xx_HAL_Driver/Src/stm32f4xx_ll_usb.o
LOAD ./FATFS/App/fatfs.o
LOAD ./FATFS/Target/bsp_driver_sd.o
LOAD ./FATFS/Target/sd_diskio.o
LOAD ./Middlewares/ST/STM32_USB_Device_Library/Class/MSC/Src/usbd_msc.o
LOAD ./Middlewares/ST/STM32_USB_Device_Library/Class/MSC/Src/usbd_msc_bot.o
LOAD ./Middlewares/ST/STM32_USB_Device_Library/Class/MSC/Src/usbd_msc_data.o
LOAD ./Middlewares/ST/STM32_USB_Device_Library/Class/MSC/Src/usbd_msc_scsi.o
LOAD ./Middlewares/ST/STM32_USB_Device_Library/Core/Src/usbd_core.o
LOAD ./Middlewares/ST/STM32_USB_Device_Library/Core/Src/usbd_ctlreq.o
LOAD ./Middlewares/ST/STM32_USB_Device_Library/Core/Src/usbd_ioreq.o
LOAD ./Middlewares/Third_Party/FatFs/src/diskio.o
LOAD ./Middlewares/Third_Party/FatFs/src/ff.o
LOAD ./Middlewares/Third_Party/FatFs/src/ff_gen_drv.o
LOAD ./Middlewares/Third_Party/FatFs/src/option/ccsbcs.o
LOAD ./Middlewares/Third_Party/FatFs/src/option/syscall.o
LOAD ./USB_DEVICE/App/usb_device.o
LOAD ./USB_DEVICE/App/usbd_desc.o
LOAD ./USB_DEVICE/App/usbd_storage_if.o
LOAD ./USB_DEVICE/Target/usbd_conf.o
START GROUP
LOAD C:/ST/STM32CubeIDE_1.14.1/STM32CubeIDE/plugins/com.st.stm32cube.ide.mcu.externaltools.gnu-tools-for-stm32.12.3.rel1.win32_1.0.200.202406191623/tools/bin/../lib/gcc/arm-none-eabi/12.3.1/../../../../arm-none-eabi/lib/thumb/v7e-m+fp/hard\libc_nano.a
LOAD C:/ST/STM32CubeIDE_1.14.1/STM32CubeIDE/plugins/com.st.stm32cube.ide.mcu.externaltools.gnu-tools-for-stm32.12.3.rel1.win32_1.0.200.202406191623/tools/bin/../lib/gcc/arm-none-eabi/12.3.1/../../../../arm-none-eabi/lib/thumb/v7e-m+fp/hard\libm.a
END GROUP
START GROUP
LOAD C:/ST/STM32CubeIDE_1.14.1/STM32CubeIDE/plugins/com.st.stm32cube.ide.mcu.externaltools.gnu-tools-for-stm32.12.3.rel1.win32_1.0.200.202406191623/tools/bin/../lib/gcc/arm-none-eabi/12.3.1/thumb/v7e-m+fp/hard\libgcc.a
LOAD C:/ST/STM32CubeIDE_1.14.1/STM32CubeIDE/plugins/com.st.stm32cube.ide.mcu.externaltools.gnu-tools-for-stm32.12.3.rel1.win32_1.0.200.202406191623/tools/bin/../lib/gcc/arm-none-eabi/12.3.1/../../../../arm-none-eabi/lib/thumb/v7e-m+fp/hard\libc_nano.a
END GROUP
START GROUP
LOAD C:/ST/STM32CubeIDE_1.14.1/STM32CubeIDE/plugins/com.st.stm32cube.ide.mcu.externaltools.gnu-tools-for-stm32.12.3.rel1.win32_1.0.200.202406191623/tools/bin/../lib/gcc/arm-none-eabi/12.3.1/thumb/v7e-m+fp/hard\libgcc.a
LOAD C:/ST/STM32CubeIDE_1.14.1/STM32CubeIDE/plugins/com.st.stm32cube.ide.mcu.externaltools.gnu-tools-for-stm32.12.3.rel1.win32_1.0.200.202406191623/tools/bin/../lib/gcc/arm-none-eabi/12.3.1/../../../../arm-none-eabi/lib/thumb/v7e-m+fp/hard\libc_nano.a
LOAD C:/ST/STM32CubeIDE_1.14.1/STM32CubeIDE/plugins/com.st.stm32cube.ide.mcu.externaltools.gnu-tools-for-stm32.12.3.rel1.win32_1.0.200.202406191623/tools/bin/../lib/gcc/arm-none-eabi/12.3.1/../../../../arm-none-eabi/lib/thumb/v7e-m+fp/hard\libnosys.a
END GROUP
START GROUP
LOAD C:/ST/STM32CubeIDE_1.14.1/STM32CubeIDE/plugins/com.st.stm32cube.ide.mcu.externaltools.gnu-tools-for-stm32.12.3.rel1.win32_1.0.200.202406191623/tools/bin/../lib/gcc/arm-none-eabi/12.3.1/thumb/v7e-m+fp/hard\libgcc.a
LOAD C:/ST/STM32CubeIDE_1.14.1/STM32CubeIDE/plugins/com.st.stm32cube.ide.mcu.externaltools.gnu-tools-for-stm32.12.3.rel1.win32_1.0.200.202406191623/tools/bin/../lib/gcc/arm-none-eabi/12.3.1/../../../../arm-none-eabi/lib/thumb/v7e-m+fp/hard\libc_nano.a
LOAD C:/ST/STM32CubeIDE_1.14.1/STM32CubeIDE/plugins/com.st.stm32cube.ide.mcu.externaltools.gnu-tools-for-stm32.12.3.rel1.win32_1.0.200.202406191623/tools/bin/../lib/gcc/arm-none-eabi/12.3.1/../../../../arm-none-eabi/lib/thumb/v7e-m+fp/hard\libnosys.a
END GROUP
LOAD C:/ST/STM32CubeIDE_1.14.1/STM32CubeIDE/plugins/com.st.stm32cube.ide.mcu.externaltools.gnu-tools-for-stm32.12.3.rel1.win32_1.0.200.202406191623/tools/bin/../lib/gcc/arm-none-eabi/12.3.1/thumb/v7e-m+fp/hard/crtend.o
LOAD C:/ST/STM32CubeIDE_1.14.1/STM32CubeIDE/plugins/com.st.stm32cube.ide.mcu.externaltools.gnu-tools-for-stm32.12.3.rel1.win32_1.0.200.202406191623/tools/bin/../lib/gcc/arm-none-eabi/12.3.1/thumb/v7e-m+fp/hard/crtn.o
                0x20030000                        _estack = (ORIGIN (RAM) + LENGTH (RAM))
                0x00002000                        _Min_Heap_Size = 0x2000
                0x00002000                        _Min_Stack_Size = 0x2000

.isr_vector     0x08000000      0x1ac
                0x08000000                        . = ALIGN (0x4)
 *(.isr_vector)
 .isr_vector    0x08000000      0x1ac ./Core/Startup/startup_stm32f427vitx.o
                0x08000000                g_pfnVectors
                0x080001ac                        . = ALIGN (0x4)

.text           0x080001b0    0x102dc
                0x080001b0                        . = ALIGN (0x4)
 *(.text)
 .text          0x080001b0       0x40 C:/ST/STM32CubeIDE_1.14.1/STM32CubeIDE/plugins/com.st.stm32cube.ide.mcu.externaltools.gnu-tools-for-stm32.12.3.rel1.win32_1.0.200.202406191623/tools/bin/../lib/gcc/arm-none-eabi/12.3.1/thumb/v7e-m+fp/hard/crtbegin.o
 .text          0x080001f0       0x24 C:/ST/STM32CubeIDE_1.14.1/STM32CubeIDE/plugins/com.st.stm32cube.ide.mcu.externaltools.gnu-tools-for-stm32.12.3.rel1.win32_1.0.200.202406191623/tools/bin/../lib/gcc/arm-none-eabi/12.3.1/../../../../arm-none-eabi/lib/thumb/v7e-m+fp/hard\libc_nano.a(libc_a-setjmp.o)
                0x080001f0                setjmp
                0x08000200                longjmp
 .text          0x08000214       0x10 C:/ST/STM32CubeIDE_1.14.1/STM32CubeIDE/plugins/com.st.stm32cube.ide.mcu.externaltools.gnu-tools-for-stm32.12.3.rel1.win32_1.0.200.202406191623/tools/bin/../lib/gcc/arm-none-eabi/12.3.1/../../../../arm-none-eabi/lib/thumb/v7e-m+fp/hard\libc_nano.a(libc_a-strlen.o)
                0x08000214                strlen
 *fill*         0x08000224        0xc 
 .text          0x08000230       0xa0 C:/ST/STM32CubeIDE_1.14.1/STM32CubeIDE/plugins/com.st.stm32cube.ide.mcu.externaltools.gnu-tools-for-stm32.12.3.rel1.win32_1.0.200.202406191623/tools/bin/../lib/gcc/arm-none-eabi/12.3.1/../../../../arm-none-eabi/lib/thumb/v7e-m+fp/hard\libc_nano.a(libc_a-memchr.o)
                0x08000230                memchr
 .text          0x080002d0       0x30 C:/ST/STM32CubeIDE_1.14.1/STM32CubeIDE/plugins/com.st.stm32cube.ide.mcu.externaltools.gnu-tools-for-stm32.12.3.rel1.win32_1.0.200.202406191623/tools/bin/../lib/gcc/arm-none-eabi/12.3.1/thumb/v7e-m+fp/hard\libgcc.a(_aeabi_uldivmod.o)
                0x080002d0                __aeabi_uldivmod
 .text          0x08000300      0x2bc C:/ST/STM32CubeIDE_1.14.1/STM32CubeIDE/plugins/com.st.stm32cube.ide.mcu.externaltools.gnu-tools-for-stm32.12.3.rel1.win32_1.0.200.202406191623/tools/bin/../lib/gcc/arm-none-eabi/12.3.1/thumb/v7e-m+fp/hard\libgcc.a(_udivmoddi4.o)
                0x08000300                __udivmoddi4
 .text          0x080005bc      0x9f4 C:/ST/STM32CubeIDE_1.14.1/STM32CubeIDE/plugins/com.st.stm32cube.ide.mcu.externaltools.gnu-tools-for-stm32.12.3.rel1.win32_1.0.200.202406191623/tools/bin/../lib/gcc/arm-none-eabi/12.3.1/thumb/v7e-m+fp/hard\libgcc.a(unwind-arm.o)
                0x0800086c                _Unwind_GetCFA
                0x08000870                __gnu_Unwind_RaiseException
                0x080008d8                __gnu_Unwind_ForcedUnwind
                0x080008e8                __gnu_Unwind_Resume
                0x0800092c                __gnu_Unwind_Resume_or_Rethrow
                0x0800093c                _Unwind_Complete
                0x08000940                _Unwind_DeleteException
                0x0800094c                _Unwind_VRS_Get
                0x08000998                _Unwind_VRS_Set
                0x080009e0                __gnu_Unwind_Backtrace
                0x08000cfc                __aeabi_unwind_cpp_pr0
                0x08000d00                __aeabi_unwind_cpp_pr1
                0x08000d04                __aeabi_unwind_cpp_pr2
                0x08000d08                _Unwind_VRS_Pop
 .text          0x08000fb0      0x1ac C:/ST/STM32CubeIDE_1.14.1/STM32CubeIDE/plugins/com.st.stm32cube.ide.mcu.externaltools.gnu-tools-for-stm32.12.3.rel1.win32_1.0.200.202406191623/tools/bin/../lib/gcc/arm-none-eabi/12.3.1/thumb/v7e-m+fp/hard\libgcc.a(libunwind.o)
                0x08000fb0                __restore_core_regs
                0x08000fb0                restore_core_regs
                0x08000fc8                __gnu_Unwind_Restore_VFP
                0x08000fd0                __gnu_Unwind_Save_VFP
                0x08000fd8                __gnu_Unwind_Restore_VFP_D
                0x08000fe0                __gnu_Unwind_Save_VFP_D
                0x08000fe8                __gnu_Unwind_Restore_VFP_D_16_to_31
                0x08000ff0                __gnu_Unwind_Save_VFP_D_16_to_31
                0x08000ff8                __gnu_Unwind_Restore_WMMXD
                0x0800103c                __gnu_Unwind_Save_WMMXD
                0x08001080                __gnu_Unwind_Restore_WMMXC
                0x08001094                __gnu_Unwind_Save_WMMXC
                0x080010a8                ___Unwind_RaiseException
                0x080010a8                _Unwind_RaiseException
                0x080010cc                _Unwind_Resume
                0x080010cc                ___Unwind_Resume
                0x080010f0                _Unwind_Resume_or_Rethrow
                0x080010f0                ___Unwind_Resume_or_Rethrow
                0x08001114                _Unwind_ForcedUnwind
                0x08001114                ___Unwind_ForcedUnwind
                0x08001138                ___Unwind_Backtrace
                0x08001138                _Unwind_Backtrace
 .text          0x0800115c      0x378 C:/ST/STM32CubeIDE_1.14.1/STM32CubeIDE/plugins/com.st.stm32cube.ide.mcu.externaltools.gnu-tools-for-stm32.12.3.rel1.win32_1.0.200.202406191623/tools/bin/../lib/gcc/arm-none-eabi/12.3.1/thumb/v7e-m+fp/hard\libgcc.a(pr-support.o)
                0x080011b4                __gnu_unwind_execute
                0x08001488                __gnu_unwind_frame
                0x080014b4                _Unwind_GetRegionStart
                0x080014c0                _Unwind_GetLanguageSpecificData
 .text          0x080014d4        0x4 C:/ST/STM32CubeIDE_1.14.1/STM32CubeIDE/plugins/com.st.stm32cube.ide.mcu.externaltools.gnu-tools-for-stm32.12.3.rel1.win32_1.0.200.202406191623/tools/bin/../lib/gcc/arm-none-eabi/12.3.1/thumb/v7e-m+fp/hard\libgcc.a(_dvmd_tls.o)
                0x080014d4                __aeabi_idiv0
                0x080014d4                __aeabi_ldiv0
 *(.text*)
 .text.readReg.constprop.1
                0x080014d8      0x2b4 ./Core/Programmer/swd/dap.o
 .text.readReg.constprop.0
                0x0800178c      0x2b4 ./Core/Programmer/swd/dap.o
 .text.writeReg.constprop.0
                0x08001a40      0x2f0 ./Core/Programmer/swd/dap.o
 .text.JTAG_to_SWD_Sequence
                0x08001d30       0xdc ./Core/Programmer/swd/dap.o
                0x08001d30                JTAG_to_SWD_Sequence
 *fill*         0x08001e0c        0x4 
 .text.writeAP  0x08001e10      0x32c ./Core/Programmer/swd/dap.o
                0x08001e10                writeAP
 .text.readAP   0x0800213c       0x3c ./Core/Programmer/swd/dap.o
                0x0800213c                readAP
 .text.readDP   0x08002178       0x3c ./Core/Programmer/swd/dap.o
                0x08002178                readDP
 .text.initDp   0x080021b4      0x144 ./Core/Programmer/swd/dap.o
                0x080021b4                initDp
 .text.readApId
                0x080022f8       0x90 ./Core/Programmer/swd/dap.o
                0x080022f8                readApId
 .text.initAhbAp
                0x08002388      0x2c8 ./Core/Programmer/swd/dap.o
                0x08002388                initAhbAp
 .text.delayMs  0x08002650        0x4 ./Core/Programmer/swd/delay.o
                0x08002650                delayMs
 .text.delayUs  0x08002654       0x18 ./Core/Programmer/swd/delay.o
                0x08002654                delayUs
 .text.getErrorString
                0x0800266c       0x18 ./Core/Programmer/swd/errors.o
                0x0800266c                getErrorString
 .text.haltTarget.part.0
                0x08002684       0x20 ./Core/Programmer/swd/utils.o
 .text.resetTarget
                0x080026a4       0xe4 ./Core/Programmer/swd/utils.o
                0x080026a4                resetTarget
 .text.hardResetTarget
                0x08002788       0x2c ./Core/Programmer/swd/utils.o
                0x08002788                hardResetTarget
 .text.readMem  0x080027b4       0x24 ./Core/Programmer/swd/utils.o
                0x080027b4                readMem
 .text.writeMem
                0x080027d8       0x1c ./Core/Programmer/swd/utils.o
                0x080027d8                writeMem
 .text.connectToTarget
                0x080027f4       0xc4 ./Core/Programmer/swd/utils.o
                0x080027f4                connectToTarget
 .text.Target_ProgramCallback_STM32C0
                0x080028b8       0x74 ./Core/Programmer/target/Target.o
 .text.__io_putchar
                0x0800292c       0x20 ./Core/Programmer/target/Target.o
                0x0800292c                __io_putchar
 .text.log_message
                0x0800294c       0x94 ./Core/Programmer/target/Target.o
                0x0800294c                log_message
 .text.Target_Program
                0x080029e0      0x1e0 ./Core/Programmer/target/Target.o
 .text.Target_VerifyCallback
                0x08002bc0       0xbc ./Core/Programmer/target/Target.o
 .text.Target_Verify
                0x08002c7c      0x244 ./Core/Programmer/target/Target.o
 .text.Target_Connect
                0x08002ec0      0x19c ./Core/Programmer/target/Target.o
 .text.Target_Protection_Lock
                0x0800305c       0x9c ./Core/Programmer/target/Target.o
 .text.Target_MainLoop
                0x080030f8      0x174 ./Core/Programmer/target/Target.o
                0x080030f8                Target_MainLoop
 .text.Stm32c0_Flash_Unlock
                0x0800326c       0x3c ./Core/Programmer/target/stm32c0_flash.o
                0x0800326c                Stm32c0_Flash_Unlock
 .text.Stm32c0_Flash_Lock
                0x080032a8       0x24 ./Core/Programmer/target/stm32c0_flash.o
                0x080032a8                Stm32c0_Flash_Lock
 .text.Stm32c0_Flash_WaitOperation
                0x080032cc       0x78 ./Core/Programmer/target/stm32c0_flash.o
                0x080032cc                Stm32c0_Flash_WaitOperation
 .text.Stm32c0_Flash_MassErase
                0x08003344       0x34 ./Core/Programmer/target/stm32c0_flash.o
                0x08003344                Stm32c0_Flash_MassErase
 .text.Stm32c0_Flash_Program
                0x08003378       0x58 ./Core/Programmer/target/stm32c0_flash.o
                0x08003378                Stm32c0_Flash_Program
 .text.Stm32c0_Flash_OB_Lock
                0x080033d0       0x28 ./Core/Programmer/target/stm32c0_flash.o
                0x080033d0                Stm32c0_Flash_OB_Lock
 .text.Stm32c0_Flash_OB_Unlock
                0x080033f8       0x3c ./Core/Programmer/target/stm32c0_flash.o
                0x080033f8                Stm32c0_Flash_OB_Unlock
 .text.Stm32c0_Flash_OB_Launch
                0x08003434       0x1c ./Core/Programmer/target/stm32c0_flash.o
                0x08003434                Stm32c0_Flash_OB_Launch
 .text.Stm32c0_Flash_OB_Program
                0x08003450       0x70 ./Core/Programmer/target/stm32c0_flash.o
                0x08003450                Stm32c0_Flash_OB_Program
 .text.Button_Update
                0x080034c0       0x64 ./Core/Programmer/util/button.o
                0x080034c0                Button_Update
 .text.Button_WasPressed
                0x08003524       0x14 ./Core/Programmer/util/button.o
                0x08003524                Button_WasPressed
 .text.Buzzer_SetState
                0x08003538       0xd0 ./Core/Programmer/util/buzzer.o
                0x08003538                Buzzer_SetState
 .text.ihex_reset_state
                0x08003608       0x2c ./Core/Programmer/util/ihex_parser.o
                0x08003608                ihex_reset_state
 .text.ihex_set_callback_func
                0x08003634        0xc ./Core/Programmer/util/ihex_parser.o
                0x08003634                ihex_set_callback_func
 .text.ihex_parser
                0x08003640      0x214 ./Core/Programmer/util/ihex_parser.o
                0x08003640                ihex_parser
 .text.LED_Handler
                0x08003854      0x140 ./Core/Programmer/util/led.o
                0x08003854                LED_Handler
 .text.LED_SetState
                0x08003994        0xc ./Core/Programmer/util/led.o
                0x08003994                LED_SetState
 .text.Error_Handler
                0x080039a0       0x10 ./Core/Src/main.o
                0x080039a0                Error_Handler
 .text.SystemClock_Config
                0x080039b0       0xa4 ./Core/Src/main.o
                0x080039b0                SystemClock_Config
 .text.startup.main
                0x08003a54      0x384 ./Core/Src/main.o
                0x08003a54                main
 .text.HAL_MspInit
                0x08003dd8       0x38 ./Core/Src/stm32f4xx_hal_msp.o
                0x08003dd8                HAL_MspInit
 .text.HAL_RTC_MspInit
                0x08003e10       0x4c ./Core/Src/stm32f4xx_hal_msp.o
                0x08003e10                HAL_RTC_MspInit
 .text.HAL_SD_MspInit
                0x08003e5c      0x188 ./Core/Src/stm32f4xx_hal_msp.o
                0x08003e5c                HAL_SD_MspInit
 .text.HAL_SPI_MspInit
                0x08003fe4       0x84 ./Core/Src/stm32f4xx_hal_msp.o
                0x08003fe4                HAL_SPI_MspInit
 .text.HAL_TIM_Base_MspInit
                0x08004068       0x7c ./Core/Src/stm32f4xx_hal_msp.o
                0x08004068                HAL_TIM_Base_MspInit
 *fill*         0x080040e4        0x4 
 .text.HAL_TIM_MspPostInit
                0x080040e8       0x68 ./Core/Src/stm32f4xx_hal_msp.o
                0x080040e8                HAL_TIM_MspPostInit
 .text.HAL_UART_MspInit
                0x08004150       0x80 ./Core/Src/stm32f4xx_hal_msp.o
                0x08004150                HAL_UART_MspInit
 .text.NMI_Handler
                0x080041d0        0x4 ./Core/Src/stm32f4xx_it.o
                0x080041d0                NMI_Handler
 .text.HardFault_Handler
                0x080041d4        0x4 ./Core/Src/stm32f4xx_it.o
                0x080041d4                HardFault_Handler
 .text.MemManage_Handler
                0x080041d8        0x4 ./Core/Src/stm32f4xx_it.o
                0x080041d8                MemManage_Handler
 .text.BusFault_Handler
                0x080041dc        0x4 ./Core/Src/stm32f4xx_it.o
                0x080041dc                BusFault_Handler
 .text.UsageFault_Handler
                0x080041e0        0x4 ./Core/Src/stm32f4xx_it.o
                0x080041e0                UsageFault_Handler
 .text.SVC_Handler
                0x080041e4        0x4 ./Core/Src/stm32f4xx_it.o
                0x080041e4                SVC_Handler
 .text.DebugMon_Handler
                0x080041e8        0x4 ./Core/Src/stm32f4xx_it.o
                0x080041e8                DebugMon_Handler
 .text.PendSV_Handler
                0x080041ec        0x4 ./Core/Src/stm32f4xx_it.o
                0x080041ec                PendSV_Handler
 .text.SysTick_Handler
                0x080041f0       0x10 ./Core/Src/stm32f4xx_it.o
                0x080041f0                SysTick_Handler
 .text.TIM1_UP_TIM10_IRQHandler
                0x08004200        0xc ./Core/Src/stm32f4xx_it.o
                0x08004200                TIM1_UP_TIM10_IRQHandler
 .text.TIM2_IRQHandler
                0x0800420c        0xc ./Core/Src/stm32f4xx_it.o
                0x0800420c                TIM2_IRQHandler
 .text.USART1_IRQHandler
                0x08004218        0xc ./Core/Src/stm32f4xx_it.o
                0x08004218                USART1_IRQHandler
 .text.SDIO_IRQHandler
                0x08004224        0xc ./Core/Src/stm32f4xx_it.o
                0x08004224                SDIO_IRQHandler
 .text.DMA2_Stream3_IRQHandler
                0x08004230        0xc ./Core/Src/stm32f4xx_it.o
                0x08004230                DMA2_Stream3_IRQHandler
 .text.OTG_FS_IRQHandler
                0x0800423c        0xc ./Core/Src/stm32f4xx_it.o
                0x0800423c                OTG_FS_IRQHandler
 .text.DMA2_Stream6_IRQHandler
                0x08004248        0xc ./Core/Src/stm32f4xx_it.o
                0x08004248                DMA2_Stream6_IRQHandler
 .text._getpid  0x08004254        0x4 ./Core/Src/syscalls.o
                0x08004254                _getpid
 .text._kill    0x08004258       0x10 ./Core/Src/syscalls.o
                0x08004258                _kill
 .text._exit    0x08004268        0xc ./Core/Src/syscalls.o
                0x08004268                _exit
 .text._read    0x08004274       0x1c ./Core/Src/syscalls.o
                0x08004274                _read
 .text._write   0x08004290       0x1c ./Core/Src/syscalls.o
                0x08004290                _write
 .text._close   0x080042ac        0x8 ./Core/Src/syscalls.o
                0x080042ac                _close
 .text._fstat   0x080042b4        0xc ./Core/Src/syscalls.o
                0x080042b4                _fstat
 .text._isatty  0x080042c0        0x4 ./Core/Src/syscalls.o
                0x080042c0                _isatty
 .text._lseek   0x080042c4        0x4 ./Core/Src/syscalls.o
                0x080042c4                _lseek
 .text._sbrk    0x080042c8       0x44 ./Core/Src/sysmem.o
                0x080042c8                _sbrk
 .text.SystemInit
                0x0800430c       0x14 ./Core/Src/system_stm32f4xx.o
                0x0800430c                SystemInit
 .text.Reset_Handler
                0x08004320       0x50 ./Core/Startup/startup_stm32f427vitx.o
                0x08004320                Reset_Handler
 .text.Default_Handler
                0x08004370        0x2 ./Core/Startup/startup_stm32f427vitx.o
                0x08004370                RTC_Alarm_IRQHandler
                0x08004370                HASH_RNG_IRQHandler
                0x08004370                EXTI2_IRQHandler
                0x08004370                TIM8_CC_IRQHandler
                0x08004370                UART8_IRQHandler
                0x08004370                SPI4_IRQHandler
                0x08004370                TIM1_CC_IRQHandler
                0x08004370                DMA2_Stream5_IRQHandler
                0x08004370                DMA1_Stream5_IRQHandler
                0x08004370                PVD_IRQHandler
                0x08004370                TAMP_STAMP_IRQHandler
                0x08004370                CAN2_RX1_IRQHandler
                0x08004370                EXTI3_IRQHandler
                0x08004370                TIM8_TRG_COM_TIM14_IRQHandler
                0x08004370                TIM8_UP_TIM13_IRQHandler
                0x08004370                I2C3_ER_IRQHandler
                0x08004370                EXTI0_IRQHandler
                0x08004370                I2C2_EV_IRQHandler
                0x08004370                DMA1_Stream2_IRQHandler
                0x08004370                CAN1_RX0_IRQHandler
                0x08004370                FPU_IRQHandler
                0x08004370                OTG_HS_WKUP_IRQHandler
                0x08004370                CAN2_SCE_IRQHandler
                0x08004370                DMA2_Stream2_IRQHandler
                0x08004370                SPI1_IRQHandler
                0x08004370                TIM6_DAC_IRQHandler
                0x08004370                TIM1_BRK_TIM9_IRQHandler
                0x08004370                DCMI_IRQHandler
                0x08004370                CAN2_RX0_IRQHandler
                0x08004370                USART6_IRQHandler
                0x08004370                USART3_IRQHandler
                0x08004370                CAN1_RX1_IRQHandler
                0x08004370                UART5_IRQHandler
                0x08004370                DMA2_Stream0_IRQHandler
                0x08004370                TIM4_IRQHandler
                0x08004370                I2C1_EV_IRQHandler
                0x08004370                DMA1_Stream6_IRQHandler
                0x08004370                DMA1_Stream1_IRQHandler
                0x08004370                UART4_IRQHandler
                0x08004370                TIM3_IRQHandler
                0x08004370                RCC_IRQHandler
                0x08004370                TIM8_BRK_TIM12_IRQHandler
                0x08004370                Default_Handler
                0x08004370                EXTI15_10_IRQHandler
                0x08004370                ADC_IRQHandler
                0x08004370                DMA1_Stream7_IRQHandler
                0x08004370                SPI5_IRQHandler
                0x08004370                TIM7_IRQHandler
                0x08004370                CAN2_TX_IRQHandler
                0x08004370                TIM5_IRQHandler
                0x08004370                DMA2_Stream7_IRQHandler
                0x08004370                I2C3_EV_IRQHandler
                0x08004370                EXTI9_5_IRQHandler
                0x08004370                RTC_WKUP_IRQHandler
                0x08004370                ETH_WKUP_IRQHandler
                0x08004370                SPI2_IRQHandler
                0x08004370                OTG_HS_EP1_IN_IRQHandler
                0x08004370                DMA1_Stream0_IRQHandler
                0x08004370                CAN1_TX_IRQHandler
                0x08004370                EXTI4_IRQHandler
                0x08004370                ETH_IRQHandler
                0x08004370                OTG_HS_EP1_OUT_IRQHandler
                0x08004370                WWDG_IRQHandler
                0x08004370                SPI6_IRQHandler
                0x08004370                OTG_FS_WKUP_IRQHandler
                0x08004370                TIM1_TRG_COM_TIM11_IRQHandler
                0x08004370                OTG_HS_IRQHandler
                0x08004370                DMA2D_IRQHandler
                0x08004370                EXTI1_IRQHandler
                0x08004370                UART7_IRQHandler
                0x08004370                USART2_IRQHandler
                0x08004370                I2C2_ER_IRQHandler
                0x08004370                DMA2_Stream1_IRQHandler
                0x08004370                CAN1_SCE_IRQHandler
                0x08004370                FLASH_IRQHandler
                0x08004370                DMA2_Stream4_IRQHandler
                0x08004370                SPI3_IRQHandler
                0x08004370                DMA1_Stream4_IRQHandler
                0x08004370                I2C1_ER_IRQHandler
                0x08004370                FMC_IRQHandler
                0x08004370                SAI1_IRQHandler
                0x08004370                DMA1_Stream3_IRQHandler
 *fill*         0x08004372        0x2 
 .text.HAL_InitTick
                0x08004374       0x48 ./Drivers/STM32F4xx_HAL_Driver/Src/stm32f4xx_hal.o
                0x08004374                HAL_InitTick
 .text.HAL_Init
                0x080043bc       0x34 ./Drivers/STM32F4xx_HAL_Driver/Src/stm32f4xx_hal.o
                0x080043bc                HAL_Init
 .text.HAL_IncTick
                0x080043f0       0x18 ./Drivers/STM32F4xx_HAL_Driver/Src/stm32f4xx_hal.o
                0x080043f0                HAL_IncTick
 .text.HAL_GetTick
                0x08004408        0xc ./Drivers/STM32F4xx_HAL_Driver/Src/stm32f4xx_hal.o
                0x08004408                HAL_GetTick
 .text.HAL_Delay
                0x08004414       0x24 ./Drivers/STM32F4xx_HAL_Driver/Src/stm32f4xx_hal.o
                0x08004414                HAL_Delay
 .text.HAL_NVIC_SetPriorityGrouping
                0x08004438       0x24 ./Drivers/STM32F4xx_HAL_Driver/Src/stm32f4xx_hal_cortex.o
                0x08004438                HAL_NVIC_SetPriorityGrouping
 .text.HAL_NVIC_SetPriority
                0x0800445c       0x78 ./Drivers/STM32F4xx_HAL_Driver/Src/stm32f4xx_hal_cortex.o
                0x0800445c                HAL_NVIC_SetPriority
 .text.HAL_NVIC_EnableIRQ
                0x080044d4       0x1c ./Drivers/STM32F4xx_HAL_Driver/Src/stm32f4xx_hal_cortex.o
                0x080044d4                HAL_NVIC_EnableIRQ
 .text.HAL_SYSTICK_Config
                0x080044f0       0x34 ./Drivers/STM32F4xx_HAL_Driver/Src/stm32f4xx_hal_cortex.o
                0x080044f0                HAL_SYSTICK_Config
 .text.HAL_DMA_Init
                0x08004524      0x12c ./Drivers/STM32F4xx_HAL_Driver/Src/stm32f4xx_hal_dma.o
                0x08004524                HAL_DMA_Init
 .text.HAL_DMA_Start_IT
                0x08004650       0x78 ./Drivers/STM32F4xx_HAL_Driver/Src/stm32f4xx_hal_dma.o
                0x08004650                HAL_DMA_Start_IT
 .text.HAL_DMA_Abort
                0x080046c8       0x94 ./Drivers/STM32F4xx_HAL_Driver/Src/stm32f4xx_hal_dma.o
                0x080046c8                HAL_DMA_Abort
 .text.HAL_DMA_Abort_IT
                0x0800475c       0x24 ./Drivers/STM32F4xx_HAL_Driver/Src/stm32f4xx_hal_dma.o
                0x0800475c                HAL_DMA_Abort_IT
 .text.HAL_DMA_IRQHandler
                0x08004780      0x1ac ./Drivers/STM32F4xx_HAL_Driver/Src/stm32f4xx_hal_dma.o
                0x08004780                HAL_DMA_IRQHandler
 .text.HAL_DMA_GetError
                0x0800492c        0x4 ./Drivers/STM32F4xx_HAL_Driver/Src/stm32f4xx_hal_dma.o
                0x0800492c                HAL_DMA_GetError
 .text.HAL_GPIO_Init
                0x08004930      0x270 ./Drivers/STM32F4xx_HAL_Driver/Src/stm32f4xx_hal_gpio.o
                0x08004930                HAL_GPIO_Init
 .text.HAL_GPIO_ReadPin
                0x08004ba0        0xc ./Drivers/STM32F4xx_HAL_Driver/Src/stm32f4xx_hal_gpio.o
                0x08004ba0                HAL_GPIO_ReadPin
 .text.HAL_GPIO_WritePin
                0x08004bac        0x8 ./Drivers/STM32F4xx_HAL_Driver/Src/stm32f4xx_hal_gpio.o
                0x08004bac                HAL_GPIO_WritePin
 .text.HAL_GPIO_TogglePin
                0x08004bb4       0x14 ./Drivers/STM32F4xx_HAL_Driver/Src/stm32f4xx_hal_gpio.o
                0x08004bb4                HAL_GPIO_TogglePin
 .text.HAL_PCD_Init
                0x08004bc8      0x414 ./Drivers/STM32F4xx_HAL_Driver/Src/stm32f4xx_hal_pcd.o
                0x08004bc8                HAL_PCD_Init
 .text.HAL_PCD_Start
                0x08004fdc       0x40 ./Drivers/STM32F4xx_HAL_Driver/Src/stm32f4xx_hal_pcd.o
                0x08004fdc                HAL_PCD_Start
 .text.HAL_PCD_IRQHandler
                0x0800501c      0xb00 ./Drivers/STM32F4xx_HAL_Driver/Src/stm32f4xx_hal_pcd.o
                0x0800501c                HAL_PCD_IRQHandler
 .text.HAL_PCD_SetAddress
                0x08005b1c       0x28 ./Drivers/STM32F4xx_HAL_Driver/Src/stm32f4xx_hal_pcd.o
                0x08005b1c                HAL_PCD_SetAddress
 .text.HAL_PCD_EP_Open
                0x08005b44       0x80 ./Drivers/STM32F4xx_HAL_Driver/Src/stm32f4xx_hal_pcd.o
                0x08005b44                HAL_PCD_EP_Open
 .text.HAL_PCD_EP_Close
                0x08005bc4       0x68 ./Drivers/STM32F4xx_HAL_Driver/Src/stm32f4xx_hal_pcd.o
                0x08005bc4                HAL_PCD_EP_Close
 .text.HAL_PCD_EP_Receive
                0x08005c2c       0x44 ./Drivers/STM32F4xx_HAL_Driver/Src/stm32f4xx_hal_pcd.o
                0x08005c2c                HAL_PCD_EP_Receive
 .text.HAL_PCD_EP_GetRxCount
                0x08005c70       0x14 ./Drivers/STM32F4xx_HAL_Driver/Src/stm32f4xx_hal_pcd.o
                0x08005c70                HAL_PCD_EP_GetRxCount
 .text.HAL_PCD_EP_Transmit
                0x08005c84       0x48 ./Drivers/STM32F4xx_HAL_Driver/Src/stm32f4xx_hal_pcd.o
                0x08005c84                HAL_PCD_EP_Transmit
 .text.HAL_PCD_EP_SetStall
                0x08005ccc       0x84 ./Drivers/STM32F4xx_HAL_Driver/Src/stm32f4xx_hal_pcd.o
                0x08005ccc                HAL_PCD_EP_SetStall
 .text.HAL_PCD_EP_ClrStall
                0x08005d50       0x70 ./Drivers/STM32F4xx_HAL_Driver/Src/stm32f4xx_hal_pcd.o
                0x08005d50                HAL_PCD_EP_ClrStall
 .text.HAL_PCD_EP_Flush
                0x08005dc0       0x38 ./Drivers/STM32F4xx_HAL_Driver/Src/stm32f4xx_hal_pcd.o
                0x08005dc0                HAL_PCD_EP_Flush
 .text.HAL_PCDEx_SetTxFiFo
                0x08005df8      0x104 ./Drivers/STM32F4xx_HAL_Driver/Src/stm32f4xx_hal_pcd_ex.o
                0x08005df8                HAL_PCDEx_SetTxFiFo
 .text.HAL_PCDEx_SetRxFiFo
                0x08005efc        0x8 ./Drivers/STM32F4xx_HAL_Driver/Src/stm32f4xx_hal_pcd_ex.o
                0x08005efc                HAL_PCDEx_SetRxFiFo
 .text.HAL_PCDEx_LPM_Callback
                0x08005f04        0x4 ./Drivers/STM32F4xx_HAL_Driver/Src/stm32f4xx_hal_pcd_ex.o
                0x08005f04                HAL_PCDEx_LPM_Callback
 .text.HAL_RCC_OscConfig
                0x08005f08      0x3c4 ./Drivers/STM32F4xx_HAL_Driver/Src/stm32f4xx_hal_rcc.o
                0x08005f08                HAL_RCC_OscConfig
 .text.HAL_RCC_GetSysClockFreq
                0x080062cc       0x68 ./Drivers/STM32F4xx_HAL_Driver/Src/stm32f4xx_hal_rcc.o
                0x080062cc                HAL_RCC_GetSysClockFreq
 .text.HAL_RCC_ClockConfig
                0x08006334      0x13c ./Drivers/STM32F4xx_HAL_Driver/Src/stm32f4xx_hal_rcc.o
                0x08006334                HAL_RCC_ClockConfig
 .text.HAL_RCC_GetHCLKFreq
                0x08006470        0xc ./Drivers/STM32F4xx_HAL_Driver/Src/stm32f4xx_hal_rcc.o
                0x08006470                HAL_RCC_GetHCLKFreq
 .text.HAL_RCC_GetPCLK1Freq
                0x0800647c       0x20 ./Drivers/STM32F4xx_HAL_Driver/Src/stm32f4xx_hal_rcc.o
                0x0800647c                HAL_RCC_GetPCLK1Freq
 .text.HAL_RCC_GetPCLK2Freq
                0x0800649c       0x20 ./Drivers/STM32F4xx_HAL_Driver/Src/stm32f4xx_hal_rcc.o
                0x0800649c                HAL_RCC_GetPCLK2Freq
 .text.HAL_RCCEx_PeriphCLKConfig
                0x080064bc      0x24c ./Drivers/STM32F4xx_HAL_Driver/Src/stm32f4xx_hal_rcc_ex.o
                0x080064bc                HAL_RCCEx_PeriphCLKConfig
 .text.HAL_RTC_Init
                0x08006708       0xf8 ./Drivers/STM32F4xx_HAL_Driver/Src/stm32f4xx_hal_rtc.o
                0x08006708                HAL_RTC_Init
 .text.HAL_RTC_GetTime
                0x08006800       0x78 ./Drivers/STM32F4xx_HAL_Driver/Src/stm32f4xx_hal_rtc.o
                0x08006800                HAL_RTC_GetTime
 .text.HAL_RTC_GetDate
                0x08006878       0x6c ./Drivers/STM32F4xx_HAL_Driver/Src/stm32f4xx_hal_rtc.o
                0x08006878                HAL_RTC_GetDate
 .text.SD_DMATransmitCplt
                0x080068e4       0x10 ./Drivers/STM32F4xx_HAL_Driver/Src/stm32f4xx_hal_sd.o
 .text.SD_FindSCR.constprop.0
                0x080068f4       0xdc ./Drivers/STM32F4xx_HAL_Driver/Src/stm32f4xx_hal_sd.o
 .text.HAL_SD_ReadBlocks_DMA
                0x080069d0      0x134 ./Drivers/STM32F4xx_HAL_Driver/Src/stm32f4xx_hal_sd.o
                0x080069d0                HAL_SD_ReadBlocks_DMA
 .text.HAL_SD_WriteBlocks_DMA
                0x08006b04      0x12c ./Drivers/STM32F4xx_HAL_Driver/Src/stm32f4xx_hal_sd.o
                0x08006b04                HAL_SD_WriteBlocks_DMA
 .text.HAL_SD_ErrorCallback
                0x08006c30        0x4 ./Drivers/STM32F4xx_HAL_Driver/Src/stm32f4xx_hal_sd.o
                0x08006c30                HAL_SD_ErrorCallback
 .text.SD_DMAReceiveCplt
                0x08006c34       0x48 ./Drivers/STM32F4xx_HAL_Driver/Src/stm32f4xx_hal_sd.o
 .text.SD_DMAError
                0x08006c7c       0x80 ./Drivers/STM32F4xx_HAL_Driver/Src/stm32f4xx_hal_sd.o
 .text.SD_DMATxAbort
                0x08006cfc       0x64 ./Drivers/STM32F4xx_HAL_Driver/Src/stm32f4xx_hal_sd.o
 .text.HAL_SD_IRQHandler
                0x08006d60      0x250 ./Drivers/STM32F4xx_HAL_Driver/Src/stm32f4xx_hal_sd.o
                0x08006d60                HAL_SD_IRQHandler
 .text.SD_DMARxAbort
                0x08006fb0       0x64 ./Drivers/STM32F4xx_HAL_Driver/Src/stm32f4xx_hal_sd.o
 .text.HAL_SD_GetCardCSD
                0x08007014      0x178 ./Drivers/STM32F4xx_HAL_Driver/Src/stm32f4xx_hal_sd.o
                0x08007014                HAL_SD_GetCardCSD
 .text.HAL_SD_InitCard
                0x0800718c      0x228 ./Drivers/STM32F4xx_HAL_Driver/Src/stm32f4xx_hal_sd.o
                0x0800718c                HAL_SD_InitCard
 .text.HAL_SD_Init
                0x080073b4       0x3c ./Drivers/STM32F4xx_HAL_Driver/Src/stm32f4xx_hal_sd.o
                0x080073b4                HAL_SD_Init
 .text.HAL_SD_GetCardInfo
                0x080073f0       0x28 ./Drivers/STM32F4xx_HAL_Driver/Src/stm32f4xx_hal_sd.o
                0x080073f0                HAL_SD_GetCardInfo
 .text.HAL_SD_ConfigWideBusOperation
                0x08007418      0x13c ./Drivers/STM32F4xx_HAL_Driver/Src/stm32f4xx_hal_sd.o
                0x08007418                HAL_SD_ConfigWideBusOperation
 .text.HAL_SD_GetCardState
                0x08007554       0x28 ./Drivers/STM32F4xx_HAL_Driver/Src/stm32f4xx_hal_sd.o
                0x08007554                HAL_SD_GetCardState
 .text.HAL_SPI_Init
                0x0800757c       0xc4 ./Drivers/STM32F4xx_HAL_Driver/Src/stm32f4xx_hal_spi.o
                0x0800757c                HAL_SPI_Init
 .text.HAL_TIM_Base_Init
                0x08007640      0x130 ./Drivers/STM32F4xx_HAL_Driver/Src/stm32f4xx_hal_tim.o
                0x08007640                HAL_TIM_Base_Init
 .text.HAL_TIM_Base_Start
                0x08007770       0x6c ./Drivers/STM32F4xx_HAL_Driver/Src/stm32f4xx_hal_tim.o
                0x08007770                HAL_TIM_Base_Start
 .text.HAL_TIM_PWM_MspInit
                0x080077dc        0x4 ./Drivers/STM32F4xx_HAL_Driver/Src/stm32f4xx_hal_tim.o
                0x080077dc                HAL_TIM_PWM_MspInit
 .text.HAL_TIM_PWM_Init
                0x080077e0      0x130 ./Drivers/STM32F4xx_HAL_Driver/Src/stm32f4xx_hal_tim.o
                0x080077e0                HAL_TIM_PWM_Init
 .text.HAL_TIM_PWM_Start
                0x08007910       0xcc ./Drivers/STM32F4xx_HAL_Driver/Src/stm32f4xx_hal_tim.o
                0x08007910                HAL_TIM_PWM_Start
 .text.HAL_TIM_PWM_Stop
                0x080079dc       0xa0 ./Drivers/STM32F4xx_HAL_Driver/Src/stm32f4xx_hal_tim.o
                0x080079dc                HAL_TIM_PWM_Stop
 .text.HAL_TIM_PWM_ConfigChannel
                0x08007a7c      0x208 ./Drivers/STM32F4xx_HAL_Driver/Src/stm32f4xx_hal_tim.o
                0x08007a7c                HAL_TIM_PWM_ConfigChannel
 .text.HAL_TIM_ConfigClockSource
                0x08007c84      0x154 ./Drivers/STM32F4xx_HAL_Driver/Src/stm32f4xx_hal_tim.o
                0x08007c84                HAL_TIM_ConfigClockSource
 .text.HAL_TIM_PeriodElapsedCallback
                0x08007dd8        0x4 ./Drivers/STM32F4xx_HAL_Driver/Src/stm32f4xx_hal_tim.o
                0x08007dd8                HAL_TIM_PeriodElapsedCallback
 .text.HAL_TIM_OC_DelayElapsedCallback
                0x08007ddc        0x4 ./Drivers/STM32F4xx_HAL_Driver/Src/stm32f4xx_hal_tim.o
                0x08007ddc                HAL_TIM_OC_DelayElapsedCallback
 .text.HAL_TIM_IC_CaptureCallback
                0x08007de0        0x4 ./Drivers/STM32F4xx_HAL_Driver/Src/stm32f4xx_hal_tim.o
                0x08007de0                HAL_TIM_IC_CaptureCallback
 .text.HAL_TIM_PWM_PulseFinishedCallback
                0x08007de4        0x4 ./Drivers/STM32F4xx_HAL_Driver/Src/stm32f4xx_hal_tim.o
                0x08007de4                HAL_TIM_PWM_PulseFinishedCallback
 .text.HAL_TIM_TriggerCallback
                0x08007de8        0x4 ./Drivers/STM32F4xx_HAL_Driver/Src/stm32f4xx_hal_tim.o
                0x08007de8                HAL_TIM_TriggerCallback
 .text.HAL_TIM_IRQHandler
                0x08007dec      0x138 ./Drivers/STM32F4xx_HAL_Driver/Src/stm32f4xx_hal_tim.o
                0x08007dec                HAL_TIM_IRQHandler
 .text.HAL_TIMEx_MasterConfigSynchronization
                0x08007f24       0x80 ./Drivers/STM32F4xx_HAL_Driver/Src/stm32f4xx_hal_tim_ex.o
                0x08007f24                HAL_TIMEx_MasterConfigSynchronization
 .text.HAL_TIMEx_ConfigBreakDeadTime
                0x08007fa4       0x54 ./Drivers/STM32F4xx_HAL_Driver/Src/stm32f4xx_hal_tim_ex.o
                0x08007fa4                HAL_TIMEx_ConfigBreakDeadTime
 .text.HAL_TIMEx_CommutCallback
                0x08007ff8        0x4 ./Drivers/STM32F4xx_HAL_Driver/Src/stm32f4xx_hal_tim_ex.o
                0x08007ff8                HAL_TIMEx_CommutCallback
 .text.HAL_TIMEx_BreakCallback
                0x08007ffc        0x4 ./Drivers/STM32F4xx_HAL_Driver/Src/stm32f4xx_hal_tim_ex.o
                0x08007ffc                HAL_TIMEx_BreakCallback
 .text.HAL_UART_Init
                0x08008000      0x124 ./Drivers/STM32F4xx_HAL_Driver/Src/stm32f4xx_hal_uart.o
                0x08008000                HAL_UART_Init
 .text.HAL_UART_Transmit
                0x08008124       0xdc ./Drivers/STM32F4xx_HAL_Driver/Src/stm32f4xx_hal_uart.o
                0x08008124                HAL_UART_Transmit
 .text.HAL_UART_TxCpltCallback
                0x08008200        0x4 ./Drivers/STM32F4xx_HAL_Driver/Src/stm32f4xx_hal_uart.o
                0x08008200                HAL_UART_TxCpltCallback
 .text.HAL_UART_RxCpltCallback
                0x08008204        0x4 ./Drivers/STM32F4xx_HAL_Driver/Src/stm32f4xx_hal_uart.o
                0x08008204                HAL_UART_RxCpltCallback
 .text.HAL_UART_ErrorCallback
                0x08008208        0x4 ./Drivers/STM32F4xx_HAL_Driver/Src/stm32f4xx_hal_uart.o
                0x08008208                HAL_UART_ErrorCallback
 .text.UART_DMAAbortOnError
                0x0800820c       0x10 ./Drivers/STM32F4xx_HAL_Driver/Src/stm32f4xx_hal_uart.o
 .text.HAL_UARTEx_RxEventCallback
                0x0800821c        0x4 ./Drivers/STM32F4xx_HAL_Driver/Src/stm32f4xx_hal_uart.o
                0x0800821c                HAL_UARTEx_RxEventCallback
 .text.UART_Receive_IT.part.0.isra.0
                0x08008220       0xc0 ./Drivers/STM32F4xx_HAL_Driver/Src/stm32f4xx_hal_uart.o
 .text.HAL_UART_IRQHandler
                0x080082e0      0x358 ./Drivers/STM32F4xx_HAL_Driver/Src/stm32f4xx_hal_uart.o
                0x080082e0                HAL_UART_IRQHandler
 .text.SDIO_Init
                0x08008638       0x38 ./Drivers/STM32F4xx_HAL_Driver/Src/stm32f4xx_ll_sdmmc.o
                0x08008638                SDIO_Init
 .text.SDIO_ReadFIFO
                0x08008670        0x8 ./Drivers/STM32F4xx_HAL_Driver/Src/stm32f4xx_ll_sdmmc.o
                0x08008670                SDIO_ReadFIFO
 .text.SDIO_WriteFIFO
                0x08008678        0xc ./Drivers/STM32F4xx_HAL_Driver/Src/stm32f4xx_ll_sdmmc.o
                0x08008678                SDIO_WriteFIFO
 .text.SDIO_PowerState_ON
                0x08008684        0x8 ./Drivers/STM32F4xx_HAL_Driver/Src/stm32f4xx_ll_sdmmc.o
                0x08008684                SDIO_PowerState_ON
 .text.SDIO_GetPowerState
                0x0800868c        0x8 ./Drivers/STM32F4xx_HAL_Driver/Src/stm32f4xx_ll_sdmmc.o
                0x0800868c                SDIO_GetPowerState
 .text.SDIO_GetResponse
                0x08008694        0x8 ./Drivers/STM32F4xx_HAL_Driver/Src/stm32f4xx_ll_sdmmc.o
                0x08008694                SDIO_GetResponse
 .text.SDIO_ConfigData
                0x0800869c       0x2c ./Drivers/STM32F4xx_HAL_Driver/Src/stm32f4xx_ll_sdmmc.o
                0x0800869c                SDIO_ConfigData
 .text.SDMMC_CmdBlockLength
                0x080086c8      0x138 ./Drivers/STM32F4xx_HAL_Driver/Src/stm32f4xx_ll_sdmmc.o
                0x080086c8                SDMMC_CmdBlockLength
 .text.SDMMC_CmdReadSingleBlock
                0x08008800      0x13c ./Drivers/STM32F4xx_HAL_Driver/Src/stm32f4xx_ll_sdmmc.o
                0x08008800                SDMMC_CmdReadSingleBlock
 .text.SDMMC_CmdReadMultiBlock
                0x0800893c      0x13c ./Drivers/STM32F4xx_HAL_Driver/Src/stm32f4xx_ll_sdmmc.o
                0x0800893c                SDMMC_CmdReadMultiBlock
 .text.SDMMC_CmdWriteSingleBlock
                0x08008a78      0x138 ./Drivers/STM32F4xx_HAL_Driver/Src/stm32f4xx_ll_sdmmc.o
                0x08008a78                SDMMC_CmdWriteSingleBlock
 .text.SDMMC_CmdWriteMultiBlock
                0x08008bb0      0x13c ./Drivers/STM32F4xx_HAL_Driver/Src/stm32f4xx_ll_sdmmc.o
                0x08008bb0                SDMMC_CmdWriteMultiBlock
 .text.SDMMC_CmdStopTransfer
                0x08008cec      0x148 ./Drivers/STM32F4xx_HAL_Driver/Src/stm32f4xx_ll_sdmmc.o
                0x08008cec                SDMMC_CmdStopTransfer
 .text.SDMMC_CmdSelDesel
                0x08008e34      0x13c ./Drivers/STM32F4xx_HAL_Driver/Src/stm32f4xx_ll_sdmmc.o
                0x08008e34                SDMMC_CmdSelDesel
 .text.SDMMC_CmdGoIdleState
                0x08008f70       0x4c ./Drivers/STM32F4xx_HAL_Driver/Src/stm32f4xx_ll_sdmmc.o
                0x08008f70                SDMMC_CmdGoIdleState
 .text.SDMMC_CmdOperCond
                0x08008fbc       0x78 ./Drivers/STM32F4xx_HAL_Driver/Src/stm32f4xx_ll_sdmmc.o
                0x08008fbc                SDMMC_CmdOperCond
 .text.SDMMC_CmdAppCommand
                0x08009034      0x13c ./Drivers/STM32F4xx_HAL_Driver/Src/stm32f4xx_ll_sdmmc.o
                0x08009034                SDMMC_CmdAppCommand
 .text.SDMMC_CmdAppOperCommand
                0x08009170       0x74 ./Drivers/STM32F4xx_HAL_Driver/Src/stm32f4xx_ll_sdmmc.o
                0x08009170                SDMMC_CmdAppOperCommand
 .text.SDMMC_CmdBusWidth
                0x080091e4      0x13c ./Drivers/STM32F4xx_HAL_Driver/Src/stm32f4xx_ll_sdmmc.o
                0x080091e4                SDMMC_CmdBusWidth
 .text.SDMMC_CmdSendSCR
                0x08009320      0x140 ./Drivers/STM32F4xx_HAL_Driver/Src/stm32f4xx_ll_sdmmc.o
                0x08009320                SDMMC_CmdSendSCR
 .text.SDMMC_CmdSendCID
                0x08009460       0x70 ./Drivers/STM32F4xx_HAL_Driver/Src/stm32f4xx_ll_sdmmc.o
                0x08009460                SDMMC_CmdSendCID
 .text.SDMMC_CmdSendCSD
                0x080094d0       0x78 ./Drivers/STM32F4xx_HAL_Driver/Src/stm32f4xx_ll_sdmmc.o
                0x080094d0                SDMMC_CmdSendCSD
 .text.SDMMC_CmdSetRelAdd
                0x08009548       0xac ./Drivers/STM32F4xx_HAL_Driver/Src/stm32f4xx_ll_sdmmc.o
                0x08009548                SDMMC_CmdSetRelAdd
 .text.SDMMC_CmdSendStatus
                0x080095f4      0x13c ./Drivers/STM32F4xx_HAL_Driver/Src/stm32f4xx_ll_sdmmc.o
                0x080095f4                SDMMC_CmdSendStatus
 .text.USB_CoreInit
                0x08009730      0x108 ./Drivers/STM32F4xx_HAL_Driver/Src/stm32f4xx_ll_usb.o
                0x08009730                USB_CoreInit
 .text.USB_SetTurnaroundTime
                0x08009838       0xf4 ./Drivers/STM32F4xx_HAL_Driver/Src/stm32f4xx_ll_usb.o
                0x08009838                USB_SetTurnaroundTime
 .text.USB_EnableGlobalInt
                0x0800992c       0x10 ./Drivers/STM32F4xx_HAL_Driver/Src/stm32f4xx_ll_usb.o
                0x0800992c                USB_EnableGlobalInt
 .text.USB_DisableGlobalInt
                0x0800993c       0x10 ./Drivers/STM32F4xx_HAL_Driver/Src/stm32f4xx_ll_usb.o
                0x0800993c                USB_DisableGlobalInt
 .text.USB_SetCurrentMode
                0x0800994c       0x70 ./Drivers/STM32F4xx_HAL_Driver/Src/stm32f4xx_ll_usb.o
                0x0800994c                USB_SetCurrentMode
 .text.USB_DevInit
                0x080099bc      0x258 ./Drivers/STM32F4xx_HAL_Driver/Src/stm32f4xx_ll_usb.o
                0x080099bc                USB_DevInit
 .text.USB_FlushTxFifo
                0x08009c14       0x50 ./Drivers/STM32F4xx_HAL_Driver/Src/stm32f4xx_ll_usb.o
                0x08009c14                USB_FlushTxFifo
 .text.USB_FlushRxFifo
                0x08009c64       0x4c ./Drivers/STM32F4xx_HAL_Driver/Src/stm32f4xx_ll_usb.o
                0x08009c64                USB_FlushRxFifo
 .text.USB_GetDevSpeed
                0x08009cb0       0x18 ./Drivers/STM32F4xx_HAL_Driver/Src/stm32f4xx_ll_usb.o
                0x08009cb0                USB_GetDevSpeed
 .text.USB_ActivateEndpoint
                0x08009cc8       0x90 ./Drivers/STM32F4xx_HAL_Driver/Src/stm32f4xx_ll_usb.o
                0x08009cc8                USB_ActivateEndpoint
 .text.USB_DeactivateEndpoint
                0x08009d58       0xc4 ./Drivers/STM32F4xx_HAL_Driver/Src/stm32f4xx_ll_usb.o
                0x08009d58                USB_DeactivateEndpoint
 .text.USB_EPStartXfer
                0x08009e1c      0x238 ./Drivers/STM32F4xx_HAL_Driver/Src/stm32f4xx_ll_usb.o
                0x08009e1c                USB_EPStartXfer
 .text.USB_EPStopXfer
                0x0800a054       0x94 ./Drivers/STM32F4xx_HAL_Driver/Src/stm32f4xx_ll_usb.o
                0x0800a054                USB_EPStopXfer
 .text.USB_WritePacket
                0x0800a0e8       0x2c ./Drivers/STM32F4xx_HAL_Driver/Src/stm32f4xx_ll_usb.o
                0x0800a0e8                USB_WritePacket
 .text.USB_ReadPacket
                0x0800a114       0x4c ./Drivers/STM32F4xx_HAL_Driver/Src/stm32f4xx_ll_usb.o
                0x0800a114                USB_ReadPacket
 .text.USB_EPSetStall
                0x0800a160       0x5c ./Drivers/STM32F4xx_HAL_Driver/Src/stm32f4xx_ll_usb.o
                0x0800a160                USB_EPSetStall
 .text.USB_EPClearStall
                0x0800a1bc       0x58 ./Drivers/STM32F4xx_HAL_Driver/Src/stm32f4xx_ll_usb.o
                0x0800a1bc                USB_EPClearStall
 .text.USB_SetDevAddress
                0x0800a214       0x20 ./Drivers/STM32F4xx_HAL_Driver/Src/stm32f4xx_ll_usb.o
                0x0800a214                USB_SetDevAddress
 .text.USB_DevConnect
                0x0800a234       0x20 ./Drivers/STM32F4xx_HAL_Driver/Src/stm32f4xx_ll_usb.o
                0x0800a234                USB_DevConnect
 .text.USB_DevDisconnect
                0x0800a254       0x20 ./Drivers/STM32F4xx_HAL_Driver/Src/stm32f4xx_ll_usb.o
                0x0800a254                USB_DevDisconnect
 .text.USB_ReadInterrupts
                0x0800a274        0x8 ./Drivers/STM32F4xx_HAL_Driver/Src/stm32f4xx_ll_usb.o
                0x0800a274                USB_ReadInterrupts
 .text.USB_ReadDevAllOutEpInterrupt
                0x0800a27c       0x10 ./Drivers/STM32F4xx_HAL_Driver/Src/stm32f4xx_ll_usb.o
                0x0800a27c                USB_ReadDevAllOutEpInterrupt
 .text.USB_ReadDevAllInEpInterrupt
                0x0800a28c       0x10 ./Drivers/STM32F4xx_HAL_Driver/Src/stm32f4xx_ll_usb.o
                0x0800a28c                USB_ReadDevAllInEpInterrupt
 .text.USB_ReadDevOutEPInterrupt
                0x0800a29c       0x14 ./Drivers/STM32F4xx_HAL_Driver/Src/stm32f4xx_ll_usb.o
                0x0800a29c                USB_ReadDevOutEPInterrupt
 .text.USB_ReadDevInEPInterrupt
                0x0800a2b0       0x20 ./Drivers/STM32F4xx_HAL_Driver/Src/stm32f4xx_ll_usb.o
                0x0800a2b0                USB_ReadDevInEPInterrupt
 .text.USB_GetMode
                0x0800a2d0        0x8 ./Drivers/STM32F4xx_HAL_Driver/Src/stm32f4xx_ll_usb.o
                0x0800a2d0                USB_GetMode
 .text.USB_ActivateSetup
                0x0800a2d8       0x24 ./Drivers/STM32F4xx_HAL_Driver/Src/stm32f4xx_ll_usb.o
                0x0800a2d8                USB_ActivateSetup
 .text.USB_EP0_OutStart
                0x0800a2fc       0x50 ./Drivers/STM32F4xx_HAL_Driver/Src/stm32f4xx_ll_usb.o
                0x0800a2fc                USB_EP0_OutStart
 .text.MX_FATFS_Init
                0x0800a34c       0x48 ./FATFS/App/fatfs.o
                0x0800a34c                MX_FATFS_Init
 .text.get_fattime
                0x0800a394        0x4 ./FATFS/App/fatfs.o
                0x0800a394                get_fattime
 .text.BSP_SD_ReadBlocks_DMA
                0x0800a398       0x1c ./FATFS/Target/bsp_driver_sd.o
                0x0800a398                BSP_SD_ReadBlocks_DMA
 .text.BSP_SD_WriteBlocks_DMA
                0x0800a3b4       0x1c ./FATFS/Target/bsp_driver_sd.o
                0x0800a3b4                BSP_SD_WriteBlocks_DMA
 .text.BSP_SD_GetCardState
                0x0800a3d0       0x14 ./FATFS/Target/bsp_driver_sd.o
                0x0800a3d0                BSP_SD_GetCardState
 .text.BSP_SD_GetCardInfo
                0x0800a3e4        0xc ./FATFS/Target/bsp_driver_sd.o
                0x0800a3e4                BSP_SD_GetCardInfo
 .text.BSP_SD_AbortCallback
                0x0800a3f0        0x4 ./FATFS/Target/bsp_driver_sd.o
                0x0800a3f0                BSP_SD_AbortCallback
 .text.HAL_SD_AbortCallback
                0x0800a3f4        0x8 ./FATFS/Target/bsp_driver_sd.o
                0x0800a3f4                HAL_SD_AbortCallback
 .text.HAL_SD_TxCpltCallback
                0x0800a3fc        0x8 ./FATFS/Target/bsp_driver_sd.o
                0x0800a3fc                HAL_SD_TxCpltCallback
 .text.HAL_SD_RxCpltCallback
                0x0800a404        0x8 ./FATFS/Target/bsp_driver_sd.o
                0x0800a404                HAL_SD_RxCpltCallback
 .text.BSP_SD_IsDetected
                0x0800a40c       0x10 ./FATFS/Target/bsp_driver_sd.o
                0x0800a40c                BSP_SD_IsDetected
 .text.BSP_SD_Init
                0x0800a41c       0x30 ./FATFS/Target/bsp_driver_sd.o
                0x0800a41c                BSP_SD_Init
 .text.SD_initialize
                0x0800a44c       0x30 ./FATFS/Target/sd_diskio.o
                0x0800a44c                SD_initialize
 .text.SD_status
                0x0800a47c       0x20 ./FATFS/Target/sd_diskio.o
                0x0800a47c                SD_status
 .text.SD_ioctl
                0x0800a49c       0x60 ./FATFS/Target/sd_diskio.o
                0x0800a49c                SD_ioctl
 .text.SD_read  0x0800a4fc       0x88 ./FATFS/Target/sd_diskio.o
                0x0800a4fc                SD_read
 .text.SD_write
                0x0800a584       0x8c ./FATFS/Target/sd_diskio.o
                0x0800a584                SD_write
 .text.BSP_SD_WriteCpltCallback
                0x0800a610       0x14 ./FATFS/Target/sd_diskio.o
                0x0800a610                BSP_SD_WriteCpltCallback
 .text.BSP_SD_ReadCpltCallback
                0x0800a624       0x14 ./FATFS/Target/sd_diskio.o
                0x0800a624                BSP_SD_ReadCpltCallback
 .text.USBD_MSC_GetDeviceQualifierDescriptor
                0x0800a638        0xc ./Middlewares/ST/STM32_USB_Device_Library/Class/MSC/Src/usbd_msc.o
                0x0800a638                USBD_MSC_GetDeviceQualifierDescriptor
 .text.USBD_MSC_Init
                0x0800a644       0xa8 ./Middlewares/ST/STM32_USB_Device_Library/Class/MSC/Src/usbd_msc.o
                0x0800a644                USBD_MSC_Init
 .text.USBD_MSC_Setup
                0x0800a6ec      0x114 ./Middlewares/ST/STM32_USB_Device_Library/Class/MSC/Src/usbd_msc.o
                0x0800a6ec                USBD_MSC_Setup
 .text.USBD_MSC_DataIn
                0x0800a800        0xc ./Middlewares/ST/STM32_USB_Device_Library/Class/MSC/Src/usbd_msc.o
                0x0800a800                USBD_MSC_DataIn
 .text.USBD_MSC_DataOut
                0x0800a80c        0xc ./Middlewares/ST/STM32_USB_Device_Library/Class/MSC/Src/usbd_msc.o
                0x0800a80c                USBD_MSC_DataOut
 .text.USBD_MSC_GetHSCfgDesc
                0x0800a818       0x38 ./Middlewares/ST/STM32_USB_Device_Library/Class/MSC/Src/usbd_msc.o
                0x0800a818                USBD_MSC_GetHSCfgDesc
 .text.USBD_MSC_GetFSCfgDesc
                0x0800a850       0x38 ./Middlewares/ST/STM32_USB_Device_Library/Class/MSC/Src/usbd_msc.o
                0x0800a850                USBD_MSC_GetFSCfgDesc
 .text.USBD_MSC_DeInit
                0x0800a888       0x74 ./Middlewares/ST/STM32_USB_Device_Library/Class/MSC/Src/usbd_msc.o
                0x0800a888                USBD_MSC_DeInit
 .text.USBD_MSC_GetOtherSpeedCfgDesc
                0x0800a8fc       0x38 ./Middlewares/ST/STM32_USB_Device_Library/Class/MSC/Src/usbd_msc.o
                0x0800a8fc                USBD_MSC_GetOtherSpeedCfgDesc
 .text.USBD_MSC_RegisterStorage
                0x0800a934       0x18 ./Middlewares/ST/STM32_USB_Device_Library/Class/MSC/Src/usbd_msc.o
                0x0800a934                USBD_MSC_RegisterStorage
 .text.MSC_BOT_Abort
                0x0800a94c       0x5c ./Middlewares/ST/STM32_USB_Device_Library/Class/MSC/Src/usbd_msc_bot.o
 .text.MSC_BOT_Init
                0x0800a9a8       0x58 ./Middlewares/ST/STM32_USB_Device_Library/Class/MSC/Src/usbd_msc_bot.o
                0x0800a9a8                MSC_BOT_Init
 .text.MSC_BOT_Reset
                0x0800aa00       0x44 ./Middlewares/ST/STM32_USB_Device_Library/Class/MSC/Src/usbd_msc_bot.o
                0x0800aa00                MSC_BOT_Reset
 .text.MSC_BOT_DeInit
                0x0800aa44       0x14 ./Middlewares/ST/STM32_USB_Device_Library/Class/MSC/Src/usbd_msc_bot.o
                0x0800aa44                MSC_BOT_DeInit
 .text.MSC_BOT_DataIn
                0x0800aa58       0x98 ./Middlewares/ST/STM32_USB_Device_Library/Class/MSC/Src/usbd_msc_bot.o
                0x0800aa58                MSC_BOT_DataIn
 .text.MSC_BOT_SendCSW
                0x0800aaf0       0x50 ./Middlewares/ST/STM32_USB_Device_Library/Class/MSC/Src/usbd_msc_bot.o
                0x0800aaf0                MSC_BOT_SendCSW
 .text.MSC_BOT_DataOut
                0x0800ab40      0x148 ./Middlewares/ST/STM32_USB_Device_Library/Class/MSC/Src/usbd_msc_bot.o
                0x0800ab40                MSC_BOT_DataOut
 .text.MSC_BOT_CplClrFeature
                0x0800ac88       0x74 ./Middlewares/ST/STM32_USB_Device_Library/Class/MSC/Src/usbd_msc_bot.o
                0x0800ac88                MSC_BOT_CplClrFeature
 .text.SCSI_ProcessRead
                0x0800acfc       0xc0 ./Middlewares/ST/STM32_USB_Device_Library/Class/MSC/Src/usbd_msc_scsi.o
 .text.SCSI_ProcessWrite
                0x0800adbc       0xcc ./Middlewares/ST/STM32_USB_Device_Library/Class/MSC/Src/usbd_msc_scsi.o
 .text.SCSI_ProcessCmd
                0x0800ae88      0xaac ./Middlewares/ST/STM32_USB_Device_Library/Class/MSC/Src/usbd_msc_scsi.o
                0x0800ae88                SCSI_ProcessCmd
 .text.SCSI_SenseCode
                0x0800b934       0x38 ./Middlewares/ST/STM32_USB_Device_Library/Class/MSC/Src/usbd_msc_scsi.o
                0x0800b934                SCSI_SenseCode
 .text.USBD_Init
                0x0800b96c       0x48 ./Middlewares/ST/STM32_USB_Device_Library/Core/Src/usbd_core.o
                0x0800b96c                USBD_Init
 .text.USBD_RegisterClass
                0x0800b9b4       0x50 ./Middlewares/ST/STM32_USB_Device_Library/Core/Src/usbd_core.o
                0x0800b9b4                USBD_RegisterClass
 .text.USBD_Start
                0x0800ba04        0x4 ./Middlewares/ST/STM32_USB_Device_Library/Core/Src/usbd_core.o
                0x0800ba04                USBD_Start
 .text.USBD_SetClassConfig
                0x0800ba08       0x10 ./Middlewares/ST/STM32_USB_Device_Library/Core/Src/usbd_core.o
                0x0800ba08                USBD_SetClassConfig
 .text.USBD_ClrClassConfig
                0x0800ba18       0x14 ./Middlewares/ST/STM32_USB_Device_Library/Core/Src/usbd_core.o
                0x0800ba18                USBD_ClrClassConfig
 .text.USBD_LL_SetupStage
                0x0800ba2c       0x60 ./Middlewares/ST/STM32_USB_Device_Library/Core/Src/usbd_core.o
                0x0800ba2c                USBD_LL_SetupStage
 .text.USBD_LL_DataOutStage
                0x0800ba8c       0x74 ./Middlewares/ST/STM32_USB_Device_Library/Core/Src/usbd_core.o
                0x0800ba8c                USBD_LL_DataOutStage
 .text.USBD_LL_DataInStage
                0x0800bb00       0xb4 ./Middlewares/ST/STM32_USB_Device_Library/Core/Src/usbd_core.o
                0x0800bb00                USBD_LL_DataInStage
 .text.USBD_LL_Reset
                0x0800bbb4       0x5c ./Middlewares/ST/STM32_USB_Device_Library/Core/Src/usbd_core.o
                0x0800bbb4                USBD_LL_Reset
 .text.USBD_LL_SetSpeed
                0x0800bc10        0x8 ./Middlewares/ST/STM32_USB_Device_Library/Core/Src/usbd_core.o
                0x0800bc10                USBD_LL_SetSpeed
 .text.USBD_LL_Suspend
                0x0800bc18       0x1c ./Middlewares/ST/STM32_USB_Device_Library/Core/Src/usbd_core.o
                0x0800bc18                USBD_LL_Suspend
 .text.USBD_LL_Resume
                0x0800bc34       0x18 ./Middlewares/ST/STM32_USB_Device_Library/Core/Src/usbd_core.o
                0x0800bc34                USBD_LL_Resume
 .text.USBD_LL_SOF
                0x0800bc4c       0x20 ./Middlewares/ST/STM32_USB_Device_Library/Core/Src/usbd_core.o
                0x0800bc4c                USBD_LL_SOF
 .text.USBD_LL_IsoINIncomplete
                0x0800bc6c       0x2c ./Middlewares/ST/STM32_USB_Device_Library/Core/Src/usbd_core.o
                0x0800bc6c                USBD_LL_IsoINIncomplete
 .text.USBD_LL_IsoOUTIncomplete
                0x0800bc98       0x2c ./Middlewares/ST/STM32_USB_Device_Library/Core/Src/usbd_core.o
                0x0800bc98                USBD_LL_IsoOUTIncomplete
 .text.USBD_LL_DevConnected
                0x0800bcc4        0x4 ./Middlewares/ST/STM32_USB_Device_Library/Core/Src/usbd_core.o
                0x0800bcc4                USBD_LL_DevConnected
 .text.USBD_LL_DevDisconnected
                0x0800bcc8       0x24 ./Middlewares/ST/STM32_USB_Device_Library/Core/Src/usbd_core.o
                0x0800bcc8                USBD_LL_DevDisconnected
 .text.USBD_CoreFindIF
                0x0800bcec        0x4 ./Middlewares/ST/STM32_USB_Device_Library/Core/Src/usbd_core.o
                0x0800bcec                USBD_CoreFindIF
 .text.USBD_CoreFindEP
                0x0800bcf0        0x4 ./Middlewares/ST/STM32_USB_Device_Library/Core/Src/usbd_core.o
                0x0800bcf0                USBD_CoreFindEP
 .text.USBD_GetEpDesc
                0x0800bcf4       0x2c ./Middlewares/ST/STM32_USB_Device_Library/Core/Src/usbd_core.o
                0x0800bcf4                USBD_GetEpDesc
 .text.USBD_StdDevReq
                0x0800bd20      0x354 ./Middlewares/ST/STM32_USB_Device_Library/Core/Src/usbd_ctlreq.o
                0x0800bd20                USBD_StdDevReq
 .text.USBD_StdItfReq
                0x0800c074       0x78 ./Middlewares/ST/STM32_USB_Device_Library/Core/Src/usbd_ctlreq.o
                0x0800c074                USBD_StdItfReq
 .text.USBD_StdEPReq
                0x0800c0ec      0x158 ./Middlewares/ST/STM32_USB_Device_Library/Core/Src/usbd_ctlreq.o
                0x0800c0ec                USBD_StdEPReq
 .text.USBD_ParseSetupRequest
                0x0800c244       0x18 ./Middlewares/ST/STM32_USB_Device_Library/Core/Src/usbd_ctlreq.o
                0x0800c244                USBD_ParseSetupRequest
 .text.USBD_CtlError
                0x0800c25c       0x18 ./Middlewares/ST/STM32_USB_Device_Library/Core/Src/usbd_ctlreq.o
                0x0800c25c                USBD_CtlError
 .text.USBD_GetString
                0x0800c274       0x58 ./Middlewares/ST/STM32_USB_Device_Library/Core/Src/usbd_ctlreq.o
                0x0800c274                USBD_GetString
 .text.USBD_CtlSendData
                0x0800c2cc       0x1c ./Middlewares/ST/STM32_USB_Device_Library/Core/Src/usbd_ioreq.o
                0x0800c2cc                USBD_CtlSendData
 .text.USBD_CtlContinueSendData
                0x0800c2e8       0x10 ./Middlewares/ST/STM32_USB_Device_Library/Core/Src/usbd_ioreq.o
                0x0800c2e8                USBD_CtlContinueSendData
 .text.USBD_CtlContinueRx
                0x0800c2f8       0x10 ./Middlewares/ST/STM32_USB_Device_Library/Core/Src/usbd_ioreq.o
                0x0800c2f8                USBD_CtlContinueRx
 .text.USBD_CtlSendStatus
                0x0800c308       0x18 ./Middlewares/ST/STM32_USB_Device_Library/Core/Src/usbd_ioreq.o
                0x0800c308                USBD_CtlSendStatus
 .text.USBD_CtlReceiveStatus
                0x0800c320       0x18 ./Middlewares/ST/STM32_USB_Device_Library/Core/Src/usbd_ioreq.o
                0x0800c320                USBD_CtlReceiveStatus
 .text.disk_status
                0x0800c338       0x14 ./Middlewares/Third_Party/FatFs/src/diskio.o
                0x0800c338                disk_status
 .text.disk_initialize
                0x0800c34c       0x2c ./Middlewares/Third_Party/FatFs/src/diskio.o
                0x0800c34c                disk_initialize
 .text.disk_read
                0x0800c378       0x1c ./Middlewares/Third_Party/FatFs/src/diskio.o
                0x0800c378                disk_read
 .text.disk_write
                0x0800c394       0x1c ./Middlewares/Third_Party/FatFs/src/diskio.o
                0x0800c394                disk_write
 .text.disk_ioctl
                0x0800c3b0       0x18 ./Middlewares/Third_Party/FatFs/src/diskio.o
                0x0800c3b0                disk_ioctl
 .text.inc_lock
                0x0800c3c8       0xac ./Middlewares/Third_Party/FatFs/src/ff.o
 .text.get_fileinfo
                0x0800c474      0x15c ./Middlewares/Third_Party/FatFs/src/ff.o
 .text.check_fs
                0x0800c5d0       0x84 ./Middlewares/Third_Party/FatFs/src/ff.o
 .text.sync_fs  0x0800c654       0xb8 ./Middlewares/Third_Party/FatFs/src/ff.o
 .text.move_window
                0x0800c70c       0x80 ./Middlewares/Third_Party/FatFs/src/ff.o
 .text.find_volume
                0x0800c78c      0x2c4 ./Middlewares/Third_Party/FatFs/src/ff.o
 .text.put_fat.part.0
                0x0800ca50      0x100 ./Middlewares/Third_Party/FatFs/src/ff.o
 .text.get_fat.isra.0
                0x0800cb50       0xac ./Middlewares/Third_Party/FatFs/src/ff.o
 .text.create_chain
                0x0800cbfc      0x1ac ./Middlewares/Third_Party/FatFs/src/ff.o
 .text.dir_sdi  0x0800cda8      0x154 ./Middlewares/Third_Party/FatFs/src/ff.o
 .text.dir_find
                0x0800cefc      0x350 ./Middlewares/Third_Party/FatFs/src/ff.o
 .text.follow_path
                0x0800d24c      0x2c4 ./Middlewares/Third_Party/FatFs/src/ff.o
 .text.dir_next
                0x0800d510      0x1c0 ./Middlewares/Third_Party/FatFs/src/ff.o
 .text.dir_register
                0x0800d6d0      0x8c4 ./Middlewares/Third_Party/FatFs/src/ff.o
 .text.remove_chain
                0x0800df94      0x218 ./Middlewares/Third_Party/FatFs/src/ff.o
 .text.f_mount  0x0800e1ac       0x88 ./Middlewares/Third_Party/FatFs/src/ff.o
                0x0800e1ac                f_mount
 .text.f_open   0x0800e234      0x2e0 ./Middlewares/Third_Party/FatFs/src/ff.o
                0x0800e234                f_open
 .text.f_read   0x0800e514      0x270 ./Middlewares/Third_Party/FatFs/src/ff.o
                0x0800e514                f_read
 .text.f_close  0x0800e784      0x104 ./Middlewares/Third_Party/FatFs/src/ff.o
                0x0800e784                f_close
 .text.f_stat   0x0800e888       0x50 ./Middlewares/Third_Party/FatFs/src/ff.o
                0x0800e888                f_stat
 .text.FATFS_LinkDriver
                0x0800e8d8       0x48 ./Middlewares/Third_Party/FatFs/src/ff_gen_drv.o
                0x0800e8d8                FATFS_LinkDriver
 .text.ff_convert
                0x0800e920       0x34 ./Middlewares/Third_Party/FatFs/src/option/ccsbcs.o
                0x0800e920                ff_convert
 .text.ff_wtoupper
                0x0800e954       0x9c ./Middlewares/Third_Party/FatFs/src/option/ccsbcs.o
                0x0800e954                ff_wtoupper
 .text.MX_USB_DEVICE_Init
                0x0800e9f0       0x74 ./USB_DEVICE/App/usb_device.o
                0x0800e9f0                MX_USB_DEVICE_Init
 .text.USBD_FS_DeviceDescriptor
                0x0800ea64        0xc ./USB_DEVICE/App/usbd_desc.o
                0x0800ea64                USBD_FS_DeviceDescriptor
 .text.USBD_FS_LangIDStrDescriptor
                0x0800ea70        0xc ./USB_DEVICE/App/usbd_desc.o
                0x0800ea70                USBD_FS_LangIDStrDescriptor
 .text.USBD_FS_ManufacturerStrDescriptor
                0x0800ea7c       0x1c ./USB_DEVICE/App/usbd_desc.o
                0x0800ea7c                USBD_FS_ManufacturerStrDescriptor
 .text.USBD_FS_ProductStrDescriptor
                0x0800ea98       0x1c ./USB_DEVICE/App/usbd_desc.o
                0x0800ea98                USBD_FS_ProductStrDescriptor
 .text.USBD_FS_ConfigStrDescriptor
                0x0800eab4       0x1c ./USB_DEVICE/App/usbd_desc.o
                0x0800eab4                USBD_FS_ConfigStrDescriptor
 .text.USBD_FS_InterfaceStrDescriptor
                0x0800ead0       0x1c ./USB_DEVICE/App/usbd_desc.o
                0x0800ead0                USBD_FS_InterfaceStrDescriptor
 .text.USBD_FS_SerialStrDescriptor
                0x0800eaec      0x150 ./USB_DEVICE/App/usbd_desc.o
                0x0800eaec                USBD_FS_SerialStrDescriptor
 .text.STORAGE_IsWriteProtected_FS
                0x0800ec3c        0x4 ./USB_DEVICE/App/usbd_storage_if.o
 .text.STORAGE_GetMaxLun_FS
                0x0800ec40        0x4 ./USB_DEVICE/App/usbd_storage_if.o
 .text.STORAGE_Write_FS
                0x0800ec44       0x44 ./USB_DEVICE/App/usbd_storage_if.o
 .text.STORAGE_Read_FS
                0x0800ec88       0x44 ./USB_DEVICE/App/usbd_storage_if.o
 .text.STORAGE_IsReady_FS
                0x0800eccc       0x40 ./USB_DEVICE/App/usbd_storage_if.o
 .text.STORAGE_Init_FS
                0x0800ed0c        0xc ./USB_DEVICE/App/usbd_storage_if.o
 .text.STORAGE_GetCapacity_FS
                0x0800ed18       0x2c ./USB_DEVICE/App/usbd_storage_if.o
 .text.HAL_PCD_MspInit
                0x0800ed44       0x84 ./USB_DEVICE/Target/usbd_conf.o
                0x0800ed44                HAL_PCD_MspInit
 .text.HAL_PCD_SetupStageCallback
                0x0800edc8        0xc ./USB_DEVICE/Target/usbd_conf.o
                0x0800edc8                HAL_PCD_SetupStageCallback
 .text.HAL_PCD_DataOutStageCallback
                0x0800edd4       0x14 ./USB_DEVICE/Target/usbd_conf.o
                0x0800edd4                HAL_PCD_DataOutStageCallback
 .text.HAL_PCD_DataInStageCallback
                0x0800ede8       0x14 ./USB_DEVICE/Target/usbd_conf.o
                0x0800ede8                HAL_PCD_DataInStageCallback
 .text.HAL_PCD_SOFCallback
                0x0800edfc        0x8 ./USB_DEVICE/Target/usbd_conf.o
                0x0800edfc                HAL_PCD_SOFCallback
 .text.HAL_PCD_ResetCallback
                0x0800ee04       0x2c ./USB_DEVICE/Target/usbd_conf.o
                0x0800ee04                HAL_PCD_ResetCallback
 .text.HAL_PCD_SuspendCallback
                0x0800ee30       0x30 ./USB_DEVICE/Target/usbd_conf.o
                0x0800ee30                HAL_PCD_SuspendCallback
 .text.HAL_PCD_ResumeCallback
                0x0800ee60        0x8 ./USB_DEVICE/Target/usbd_conf.o
                0x0800ee60                HAL_PCD_ResumeCallback
 .text.HAL_PCD_ISOOUTIncompleteCallback
                0x0800ee68        0x8 ./USB_DEVICE/Target/usbd_conf.o
                0x0800ee68                HAL_PCD_ISOOUTIncompleteCallback
 .text.HAL_PCD_ISOINIncompleteCallback
                0x0800ee70        0x8 ./USB_DEVICE/Target/usbd_conf.o
                0x0800ee70                HAL_PCD_ISOINIncompleteCallback
 .text.HAL_PCD_ConnectCallback
                0x0800ee78        0x8 ./USB_DEVICE/Target/usbd_conf.o
                0x0800ee78                HAL_PCD_ConnectCallback
 .text.HAL_PCD_DisconnectCallback
                0x0800ee80        0x8 ./USB_DEVICE/Target/usbd_conf.o
                0x0800ee80                HAL_PCD_DisconnectCallback
 .text.USBD_LL_Init
                0x0800ee88       0x64 ./USB_DEVICE/Target/usbd_conf.o
                0x0800ee88                USBD_LL_Init
 .text.USBD_LL_Start
                0x0800eeec       0x18 ./USB_DEVICE/Target/usbd_conf.o
                0x0800eeec                USBD_LL_Start
 .text.USBD_LL_OpenEP
                0x0800ef04       0x1c ./USB_DEVICE/Target/usbd_conf.o
                0x0800ef04                USBD_LL_OpenEP
 .text.USBD_LL_CloseEP
                0x0800ef20       0x18 ./USB_DEVICE/Target/usbd_conf.o
                0x0800ef20                USBD_LL_CloseEP
 .text.USBD_LL_FlushEP
                0x0800ef38       0x18 ./USB_DEVICE/Target/usbd_conf.o
                0x0800ef38                USBD_LL_FlushEP
 .text.USBD_LL_StallEP
                0x0800ef50       0x18 ./USB_DEVICE/Target/usbd_conf.o
                0x0800ef50                USBD_LL_StallEP
 .text.USBD_LL_ClearStallEP
                0x0800ef68       0x18 ./USB_DEVICE/Target/usbd_conf.o
                0x0800ef68                USBD_LL_ClearStallEP
 .text.USBD_LL_IsStallEP
                0x0800ef80       0x28 ./USB_DEVICE/Target/usbd_conf.o
                0x0800ef80                USBD_LL_IsStallEP
 .text.USBD_LL_SetUSBAddress
                0x0800efa8       0x18 ./USB_DEVICE/Target/usbd_conf.o
                0x0800efa8                USBD_LL_SetUSBAddress
 .text.USBD_LL_Transmit
                0x0800efc0       0x18 ./USB_DEVICE/Target/usbd_conf.o
                0x0800efc0                USBD_LL_Transmit
 .text.USBD_LL_PrepareReceive
                0x0800efd8       0x18 ./USB_DEVICE/Target/usbd_conf.o
                0x0800efd8                USBD_LL_PrepareReceive
 .text.USBD_LL_GetRxDataSize
                0x0800eff0        0x8 ./USB_DEVICE/Target/usbd_conf.o
                0x0800eff0                USBD_LL_GetRxDataSize
 .text.USBD_static_malloc
                0x0800eff8        0x8 ./USB_DEVICE/Target/usbd_conf.o
                0x0800eff8                USBD_static_malloc
 .text.USBD_static_free
                0x0800f000        0x4 ./USB_DEVICE/Target/usbd_conf.o
                0x0800f000                USBD_static_free
 .text.std      0x0800f004       0x6c C:/ST/STM32CubeIDE_1.14.1/STM32CubeIDE/plugins/com.st.stm32cube.ide.mcu.externaltools.gnu-tools-for-stm32.12.3.rel1.win32_1.0.200.202406191623/tools/bin/../lib/gcc/arm-none-eabi/12.3.1/../../../../arm-none-eabi/lib/thumb/v7e-m+fp/hard\libc_nano.a(libc_a-findfp.o)
 .text.stdio_exit_handler
                0x0800f070       0x18 C:/ST/STM32CubeIDE_1.14.1/STM32CubeIDE/plugins/com.st.stm32cube.ide.mcu.externaltools.gnu-tools-for-stm32.12.3.rel1.win32_1.0.200.202406191623/tools/bin/../lib/gcc/arm-none-eabi/12.3.1/../../../../arm-none-eabi/lib/thumb/v7e-m+fp/hard\libc_nano.a(libc_a-findfp.o)
 .text.cleanup_stdio
                0x0800f088       0x40 C:/ST/STM32CubeIDE_1.14.1/STM32CubeIDE/plugins/com.st.stm32cube.ide.mcu.externaltools.gnu-tools-for-stm32.12.3.rel1.win32_1.0.200.202406191623/tools/bin/../lib/gcc/arm-none-eabi/12.3.1/../../../../arm-none-eabi/lib/thumb/v7e-m+fp/hard\libc_nano.a(libc_a-findfp.o)
 .text.global_stdio_init.part.0
                0x0800f0c8       0x3c C:/ST/STM32CubeIDE_1.14.1/STM32CubeIDE/plugins/com.st.stm32cube.ide.mcu.externaltools.gnu-tools-for-stm32.12.3.rel1.win32_1.0.200.202406191623/tools/bin/../lib/gcc/arm-none-eabi/12.3.1/../../../../arm-none-eabi/lib/thumb/v7e-m+fp/hard\libc_nano.a(libc_a-findfp.o)
 .text.__sfp_lock_acquire
                0x0800f104        0xc C:/ST/STM32CubeIDE_1.14.1/STM32CubeIDE/plugins/com.st.stm32cube.ide.mcu.externaltools.gnu-tools-for-stm32.12.3.rel1.win32_1.0.200.202406191623/tools/bin/../lib/gcc/arm-none-eabi/12.3.1/../../../../arm-none-eabi/lib/thumb/v7e-m+fp/hard\libc_nano.a(libc_a-findfp.o)
                0x0800f104                __sfp_lock_acquire
 .text.__sfp_lock_release
                0x0800f110        0xc C:/ST/STM32CubeIDE_1.14.1/STM32CubeIDE/plugins/com.st.stm32cube.ide.mcu.externaltools.gnu-tools-for-stm32.12.3.rel1.win32_1.0.200.202406191623/tools/bin/../lib/gcc/arm-none-eabi/12.3.1/../../../../arm-none-eabi/lib/thumb/v7e-m+fp/hard\libc_nano.a(libc_a-findfp.o)
                0x0800f110                __sfp_lock_release
 .text.__sinit  0x0800f11c       0x30 C:/ST/STM32CubeIDE_1.14.1/STM32CubeIDE/plugins/com.st.stm32cube.ide.mcu.externaltools.gnu-tools-for-stm32.12.3.rel1.win32_1.0.200.202406191623/tools/bin/../lib/gcc/arm-none-eabi/12.3.1/../../../../arm-none-eabi/lib/thumb/v7e-m+fp/hard\libc_nano.a(libc_a-findfp.o)
                0x0800f11c                __sinit
 .text._fwalk_sglue
                0x0800f14c       0x3c C:/ST/STM32CubeIDE_1.14.1/STM32CubeIDE/plugins/com.st.stm32cube.ide.mcu.externaltools.gnu-tools-for-stm32.12.3.rel1.win32_1.0.200.202406191623/tools/bin/../lib/gcc/arm-none-eabi/12.3.1/../../../../arm-none-eabi/lib/thumb/v7e-m+fp/hard\libc_nano.a(libc_a-fwalk.o)
                0x0800f14c                _fwalk_sglue
 .text.printf   0x0800f188       0x24 C:/ST/STM32CubeIDE_1.14.1/STM32CubeIDE/plugins/com.st.stm32cube.ide.mcu.externaltools.gnu-tools-for-stm32.12.3.rel1.win32_1.0.200.202406191623/tools/bin/../lib/gcc/arm-none-eabi/12.3.1/../../../../arm-none-eabi/lib/thumb/v7e-m+fp/hard\libc_nano.a(libc_a-printf.o)
                0x0800f188                iprintf
                0x0800f188                printf
 .text.putchar  0x0800f1ac       0x10 C:/ST/STM32CubeIDE_1.14.1/STM32CubeIDE/plugins/com.st.stm32cube.ide.mcu.externaltools.gnu-tools-for-stm32.12.3.rel1.win32_1.0.200.202406191623/tools/bin/../lib/gcc/arm-none-eabi/12.3.1/../../../../arm-none-eabi/lib/thumb/v7e-m+fp/hard\libc_nano.a(libc_a-putchar.o)
                0x0800f1ac                putchar
 .text._puts_r  0x0800f1bc       0xaa C:/ST/STM32CubeIDE_1.14.1/STM32CubeIDE/plugins/com.st.stm32cube.ide.mcu.externaltools.gnu-tools-for-stm32.12.3.rel1.win32_1.0.200.202406191623/tools/bin/../lib/gcc/arm-none-eabi/12.3.1/../../../../arm-none-eabi/lib/thumb/v7e-m+fp/hard\libc_nano.a(libc_a-puts.o)
                0x0800f1bc                _puts_r
 *fill*         0x0800f266        0x2 
 .text.puts     0x0800f268       0x10 C:/ST/STM32CubeIDE_1.14.1/STM32CubeIDE/plugins/com.st.stm32cube.ide.mcu.externaltools.gnu-tools-for-stm32.12.3.rel1.win32_1.0.200.202406191623/tools/bin/../lib/gcc/arm-none-eabi/12.3.1/../../../../arm-none-eabi/lib/thumb/v7e-m+fp/hard\libc_nano.a(libc_a-puts.o)
                0x0800f268                puts
 .text.snprintf
                0x0800f278       0x68 C:/ST/STM32CubeIDE_1.14.1/STM32CubeIDE/plugins/com.st.stm32cube.ide.mcu.externaltools.gnu-tools-for-stm32.12.3.rel1.win32_1.0.200.202406191623/tools/bin/../lib/gcc/arm-none-eabi/12.3.1/../../../../arm-none-eabi/lib/thumb/v7e-m+fp/hard\libc_nano.a(libc_a-snprintf.o)
                0x0800f278                sniprintf
                0x0800f278                snprintf
 .text.__sread  0x0800f2e0       0x22 C:/ST/STM32CubeIDE_1.14.1/STM32CubeIDE/plugins/com.st.stm32cube.ide.mcu.externaltools.gnu-tools-for-stm32.12.3.rel1.win32_1.0.200.202406191623/tools/bin/../lib/gcc/arm-none-eabi/12.3.1/../../../../arm-none-eabi/lib/thumb/v7e-m+fp/hard\libc_nano.a(libc_a-stdio.o)
                0x0800f2e0                __sread
 .text.__swrite
                0x0800f302       0x38 C:/ST/STM32CubeIDE_1.14.1/STM32CubeIDE/plugins/com.st.stm32cube.ide.mcu.externaltools.gnu-tools-for-stm32.12.3.rel1.win32_1.0.200.202406191623/tools/bin/../lib/gcc/arm-none-eabi/12.3.1/../../../../arm-none-eabi/lib/thumb/v7e-m+fp/hard\libc_nano.a(libc_a-stdio.o)
                0x0800f302                __swrite
 .text.__sseek  0x0800f33a       0x24 C:/ST/STM32CubeIDE_1.14.1/STM32CubeIDE/plugins/com.st.stm32cube.ide.mcu.externaltools.gnu-tools-for-stm32.12.3.rel1.win32_1.0.200.202406191623/tools/bin/../lib/gcc/arm-none-eabi/12.3.1/../../../../arm-none-eabi/lib/thumb/v7e-m+fp/hard\libc_nano.a(libc_a-stdio.o)
                0x0800f33a                __sseek
 .text.__sclose
                0x0800f35e        0x8 C:/ST/STM32CubeIDE_1.14.1/STM32CubeIDE/plugins/com.st.stm32cube.ide.mcu.externaltools.gnu-tools-for-stm32.12.3.rel1.win32_1.0.200.202406191623/tools/bin/../lib/gcc/arm-none-eabi/12.3.1/../../../../arm-none-eabi/lib/thumb/v7e-m+fp/hard\libc_nano.a(libc_a-stdio.o)
                0x0800f35e                __sclose
 .text._vsnprintf_r
                0x0800f366       0x56 C:/ST/STM32CubeIDE_1.14.1/STM32CubeIDE/plugins/com.st.stm32cube.ide.mcu.externaltools.gnu-tools-for-stm32.12.3.rel1.win32_1.0.200.202406191623/tools/bin/../lib/gcc/arm-none-eabi/12.3.1/../../../../arm-none-eabi/lib/thumb/v7e-m+fp/hard\libc_nano.a(libc_a-vsnprintf.o)
                0x0800f366                _vsniprintf_r
                0x0800f366                _vsnprintf_r
 .text.vsnprintf
                0x0800f3bc       0x1c C:/ST/STM32CubeIDE_1.14.1/STM32CubeIDE/plugins/com.st.stm32cube.ide.mcu.externaltools.gnu-tools-for-stm32.12.3.rel1.win32_1.0.200.202406191623/tools/bin/../lib/gcc/arm-none-eabi/12.3.1/../../../../arm-none-eabi/lib/thumb/v7e-m+fp/hard\libc_nano.a(libc_a-vsnprintf.o)
                0x0800f3bc                vsniprintf
                0x0800f3bc                vsnprintf
 .text.__swbuf_r
                0x0800f3d8       0x7c C:/ST/STM32CubeIDE_1.14.1/STM32CubeIDE/plugins/com.st.stm32cube.ide.mcu.externaltools.gnu-tools-for-stm32.12.3.rel1.win32_1.0.200.202406191623/tools/bin/../lib/gcc/arm-none-eabi/12.3.1/../../../../arm-none-eabi/lib/thumb/v7e-m+fp/hard\libc_nano.a(libc_a-wbuf.o)
                0x0800f3d8                __swbuf_r
 .text.__swsetup_r
                0x0800f454       0xac C:/ST/STM32CubeIDE_1.14.1/STM32CubeIDE/plugins/com.st.stm32cube.ide.mcu.externaltools.gnu-tools-for-stm32.12.3.rel1.win32_1.0.200.202406191623/tools/bin/../lib/gcc/arm-none-eabi/12.3.1/../../../../arm-none-eabi/lib/thumb/v7e-m+fp/hard\libc_nano.a(libc_a-wsetup.o)
                0x0800f454                __swsetup_r
 .text.memset   0x0800f500       0x10 C:/ST/STM32CubeIDE_1.14.1/STM32CubeIDE/plugins/com.st.stm32cube.ide.mcu.externaltools.gnu-tools-for-stm32.12.3.rel1.win32_1.0.200.202406191623/tools/bin/../lib/gcc/arm-none-eabi/12.3.1/../../../../arm-none-eabi/lib/thumb/v7e-m+fp/hard\libc_nano.a(libc_a-memset.o)
                0x0800f500                memset
 .text._close_r
                0x0800f510       0x20 C:/ST/STM32CubeIDE_1.14.1/STM32CubeIDE/plugins/com.st.stm32cube.ide.mcu.externaltools.gnu-tools-for-stm32.12.3.rel1.win32_1.0.200.202406191623/tools/bin/../lib/gcc/arm-none-eabi/12.3.1/../../../../arm-none-eabi/lib/thumb/v7e-m+fp/hard\libc_nano.a(libc_a-closer.o)
                0x0800f510                _close_r
 .text._lseek_r
                0x0800f530       0x24 C:/ST/STM32CubeIDE_1.14.1/STM32CubeIDE/plugins/com.st.stm32cube.ide.mcu.externaltools.gnu-tools-for-stm32.12.3.rel1.win32_1.0.200.202406191623/tools/bin/../lib/gcc/arm-none-eabi/12.3.1/../../../../arm-none-eabi/lib/thumb/v7e-m+fp/hard\libc_nano.a(libc_a-lseekr.o)
                0x0800f530                _lseek_r
 .text._read_r  0x0800f554       0x24 C:/ST/STM32CubeIDE_1.14.1/STM32CubeIDE/plugins/com.st.stm32cube.ide.mcu.externaltools.gnu-tools-for-stm32.12.3.rel1.win32_1.0.200.202406191623/tools/bin/../lib/gcc/arm-none-eabi/12.3.1/../../../../arm-none-eabi/lib/thumb/v7e-m+fp/hard\libc_nano.a(libc_a-readr.o)
                0x0800f554                _read_r
 .text._write_r
                0x0800f578       0x24 C:/ST/STM32CubeIDE_1.14.1/STM32CubeIDE/plugins/com.st.stm32cube.ide.mcu.externaltools.gnu-tools-for-stm32.12.3.rel1.win32_1.0.200.202406191623/tools/bin/../lib/gcc/arm-none-eabi/12.3.1/../../../../arm-none-eabi/lib/thumb/v7e-m+fp/hard\libc_nano.a(libc_a-writer.o)
                0x0800f578                _write_r
 .text.__errno  0x0800f59c        0xc C:/ST/STM32CubeIDE_1.14.1/STM32CubeIDE/plugins/com.st.stm32cube.ide.mcu.externaltools.gnu-tools-for-stm32.12.3.rel1.win32_1.0.200.202406191623/tools/bin/../lib/gcc/arm-none-eabi/12.3.1/../../../../arm-none-eabi/lib/thumb/v7e-m+fp/hard\libc_nano.a(libc_a-errno.o)
                0x0800f59c                __errno
 .text.__libc_init_array
                0x0800f5a8       0x48 C:/ST/STM32CubeIDE_1.14.1/STM32CubeIDE/plugins/com.st.stm32cube.ide.mcu.externaltools.gnu-tools-for-stm32.12.3.rel1.win32_1.0.200.202406191623/tools/bin/../lib/gcc/arm-none-eabi/12.3.1/../../../../arm-none-eabi/lib/thumb/v7e-m+fp/hard\libc_nano.a(libc_a-init.o)
                0x0800f5a8                __libc_init_array
 .text.__retarget_lock_init_recursive
                0x0800f5f0        0x2 C:/ST/STM32CubeIDE_1.14.1/STM32CubeIDE/plugins/com.st.stm32cube.ide.mcu.externaltools.gnu-tools-for-stm32.12.3.rel1.win32_1.0.200.202406191623/tools/bin/../lib/gcc/arm-none-eabi/12.3.1/../../../../arm-none-eabi/lib/thumb/v7e-m+fp/hard\libc_nano.a(libc_a-lock.o)
                0x0800f5f0                __retarget_lock_init_recursive
 .text.__retarget_lock_acquire_recursive
                0x0800f5f2        0x2 C:/ST/STM32CubeIDE_1.14.1/STM32CubeIDE/plugins/com.st.stm32cube.ide.mcu.externaltools.gnu-tools-for-stm32.12.3.rel1.win32_1.0.200.202406191623/tools/bin/../lib/gcc/arm-none-eabi/12.3.1/../../../../arm-none-eabi/lib/thumb/v7e-m+fp/hard\libc_nano.a(libc_a-lock.o)
                0x0800f5f2                __retarget_lock_acquire_recursive
 .text.__retarget_lock_release_recursive
                0x0800f5f4        0x2 C:/ST/STM32CubeIDE_1.14.1/STM32CubeIDE/plugins/com.st.stm32cube.ide.mcu.externaltools.gnu-tools-for-stm32.12.3.rel1.win32_1.0.200.202406191623/tools/bin/../lib/gcc/arm-none-eabi/12.3.1/../../../../arm-none-eabi/lib/thumb/v7e-m+fp/hard\libc_nano.a(libc_a-lock.o)
                0x0800f5f4                __retarget_lock_release_recursive
 .text.memcpy   0x0800f5f6       0x1c C:/ST/STM32CubeIDE_1.14.1/STM32CubeIDE/plugins/com.st.stm32cube.ide.mcu.externaltools.gnu-tools-for-stm32.12.3.rel1.win32_1.0.200.202406191623/tools/bin/../lib/gcc/arm-none-eabi/12.3.1/../../../../arm-none-eabi/lib/thumb/v7e-m+fp/hard\libc_nano.a(libc_a-memcpy-stub.o)
                0x0800f5f6                memcpy
 *fill*         0x0800f612        0x2 
 .text._free_r  0x0800f614       0x94 C:/ST/STM32CubeIDE_1.14.1/STM32CubeIDE/plugins/com.st.stm32cube.ide.mcu.externaltools.gnu-tools-for-stm32.12.3.rel1.win32_1.0.200.202406191623/tools/bin/../lib/gcc/arm-none-eabi/12.3.1/../../../../arm-none-eabi/lib/thumb/v7e-m+fp/hard\libc_nano.a(libc_a-freer.o)
                0x0800f614                _free_r
 .text.sbrk_aligned
                0x0800f6a8       0x44 C:/ST/STM32CubeIDE_1.14.1/STM32CubeIDE/plugins/com.st.stm32cube.ide.mcu.externaltools.gnu-tools-for-stm32.12.3.rel1.win32_1.0.200.202406191623/tools/bin/../lib/gcc/arm-none-eabi/12.3.1/../../../../arm-none-eabi/lib/thumb/v7e-m+fp/hard\libc_nano.a(libc_a-mallocr.o)
 .text._malloc_r
                0x0800f6ec      0x100 C:/ST/STM32CubeIDE_1.14.1/STM32CubeIDE/plugins/com.st.stm32cube.ide.mcu.externaltools.gnu-tools-for-stm32.12.3.rel1.win32_1.0.200.202406191623/tools/bin/../lib/gcc/arm-none-eabi/12.3.1/../../../../arm-none-eabi/lib/thumb/v7e-m+fp/hard\libc_nano.a(libc_a-mallocr.o)
                0x0800f6ec                _malloc_r
 .text.__malloc_lock
                0x0800f7ec        0xc C:/ST/STM32CubeIDE_1.14.1/STM32CubeIDE/plugins/com.st.stm32cube.ide.mcu.externaltools.gnu-tools-for-stm32.12.3.rel1.win32_1.0.200.202406191623/tools/bin/../lib/gcc/arm-none-eabi/12.3.1/../../../../arm-none-eabi/lib/thumb/v7e-m+fp/hard\libc_nano.a(libc_a-mlock.o)
                0x0800f7ec                __malloc_lock
 .text.__malloc_unlock
                0x0800f7f8        0xc C:/ST/STM32CubeIDE_1.14.1/STM32CubeIDE/plugins/com.st.stm32cube.ide.mcu.externaltools.gnu-tools-for-stm32.12.3.rel1.win32_1.0.200.202406191623/tools/bin/../lib/gcc/arm-none-eabi/12.3.1/../../../../arm-none-eabi/lib/thumb/v7e-m+fp/hard\libc_nano.a(libc_a-mlock.o)
                0x0800f7f8                __malloc_unlock
 .text.__ssputs_r
                0x0800f804       0xb6 C:/ST/STM32CubeIDE_1.14.1/STM32CubeIDE/plugins/com.st.stm32cube.ide.mcu.externaltools.gnu-tools-for-stm32.12.3.rel1.win32_1.0.200.202406191623/tools/bin/../lib/gcc/arm-none-eabi/12.3.1/../../../../arm-none-eabi/lib/thumb/v7e-m+fp/hard\libc_nano.a(libc_a-nano-svfprintf.o)
                0x0800f804                __ssputs_r
 *fill*         0x0800f8ba        0x2 
 .text._svfprintf_r
                0x0800f8bc      0x1f8 C:/ST/STM32CubeIDE_1.14.1/STM32CubeIDE/plugins/com.st.stm32cube.ide.mcu.externaltools.gnu-tools-for-stm32.12.3.rel1.win32_1.0.200.202406191623/tools/bin/../lib/gcc/arm-none-eabi/12.3.1/../../../../arm-none-eabi/lib/thumb/v7e-m+fp/hard\libc_nano.a(libc_a-nano-svfprintf.o)
                0x0800f8bc                _svfiprintf_r
                0x0800f8bc                _svfprintf_r
 .text.__sfputc_r
                0x0800fab4       0x2e C:/ST/STM32CubeIDE_1.14.1/STM32CubeIDE/plugins/com.st.stm32cube.ide.mcu.externaltools.gnu-tools-for-stm32.12.3.rel1.win32_1.0.200.202406191623/tools/bin/../lib/gcc/arm-none-eabi/12.3.1/../../../../arm-none-eabi/lib/thumb/v7e-m+fp/hard\libc_nano.a(libc_a-nano-vfprintf.o)
 .text.__sfputs_r
                0x0800fae2       0x24 C:/ST/STM32CubeIDE_1.14.1/STM32CubeIDE/plugins/com.st.stm32cube.ide.mcu.externaltools.gnu-tools-for-stm32.12.3.rel1.win32_1.0.200.202406191623/tools/bin/../lib/gcc/arm-none-eabi/12.3.1/../../../../arm-none-eabi/lib/thumb/v7e-m+fp/hard\libc_nano.a(libc_a-nano-vfprintf.o)
                0x0800fae2                __sfputs_r
 *fill*         0x0800fb06        0x2 
 .text._vfprintf_r
                0x0800fb08      0x230 C:/ST/STM32CubeIDE_1.14.1/STM32CubeIDE/plugins/com.st.stm32cube.ide.mcu.externaltools.gnu-tools-for-stm32.12.3.rel1.win32_1.0.200.202406191623/tools/bin/../lib/gcc/arm-none-eabi/12.3.1/../../../../arm-none-eabi/lib/thumb/v7e-m+fp/hard\libc_nano.a(libc_a-nano-vfprintf.o)
                0x0800fb08                _vfprintf_r
                0x0800fb08                _vfiprintf_r
 .text._printf_common
                0x0800fd38       0xda C:/ST/STM32CubeIDE_1.14.1/STM32CubeIDE/plugins/com.st.stm32cube.ide.mcu.externaltools.gnu-tools-for-stm32.12.3.rel1.win32_1.0.200.202406191623/tools/bin/../lib/gcc/arm-none-eabi/12.3.1/../../../../arm-none-eabi/lib/thumb/v7e-m+fp/hard\libc_nano.a(libc_a-nano-vfprintf_i.o)
                0x0800fd38                _printf_common
 *fill*         0x0800fe12        0x2 
 .text._printf_i
                0x0800fe14      0x240 C:/ST/STM32CubeIDE_1.14.1/STM32CubeIDE/plugins/com.st.stm32cube.ide.mcu.externaltools.gnu-tools-for-stm32.12.3.rel1.win32_1.0.200.202406191623/tools/bin/../lib/gcc/arm-none-eabi/12.3.1/../../../../arm-none-eabi/lib/thumb/v7e-m+fp/hard\libc_nano.a(libc_a-nano-vfprintf_i.o)
                0x0800fe14                _printf_i
 .text.__sflush_r
                0x08010054      0x108 C:/ST/STM32CubeIDE_1.14.1/STM32CubeIDE/plugins/com.st.stm32cube.ide.mcu.externaltools.gnu-tools-for-stm32.12.3.rel1.win32_1.0.200.202406191623/tools/bin/../lib/gcc/arm-none-eabi/12.3.1/../../../../arm-none-eabi/lib/thumb/v7e-m+fp/hard\libc_nano.a(libc_a-fflush.o)
                0x08010054                __sflush_r
 .text._fflush_r
                0x0801015c       0x50 C:/ST/STM32CubeIDE_1.14.1/STM32CubeIDE/plugins/com.st.stm32cube.ide.mcu.externaltools.gnu-tools-for-stm32.12.3.rel1.win32_1.0.200.202406191623/tools/bin/../lib/gcc/arm-none-eabi/12.3.1/../../../../arm-none-eabi/lib/thumb/v7e-m+fp/hard\libc_nano.a(libc_a-fflush.o)
                0x0801015c                _fflush_r
 .text.__swhatbuf_r