../Core/Src/main.c:82:5:main	8	static
../Core/Src/main.c:134:6:SystemClock_Config	88	static
../Core/Src/main.c:180:13:MX_SDIO_SD_Init	4	static
../Core/Src/main.c:208:13:MX_SPI1_Init	8	static
../Core/Src/main.c:246:13:MX_TIM1_Init	96	static
../Core/Src/main.c:321:13:MX_TIM2_Init	32	static
../Core/Src/main.c:366:13:MX_USART1_UART_Init	8	static
../Core/Src/main.c:397:13:MX_DMA_Init	16	static
../Core/Src/main.c:418:13:MX_GPIO_Init	56	static
../Core/Src/main.c:496:6:Error_Handler	4	static,ignoring_inline_asm
