../Core/Src/stm32f4xx_hal_msp.c:69:6:HAL_MspInit	8	static
../Core/Src/stm32f4xx_hal_msp.c:92:6:HAL_SD_MspInit	72	static
../Core/Src/stm32f4xx_hal_msp.c:194:6:HAL_SD_MspDeInit	8	static
../Core/Src/stm32f4xx_hal_msp.c:236:6:HAL_SPI_MspInit	48	static
../Core/Src/stm32f4xx_hal_msp.c:281:6:HAL_SPI_MspDeInit	0	static
../Core/Src/stm32f4xx_hal_msp.c:311:6:HAL_TIM_Base_MspInit	16	static
../Core/Src/stm32f4xx_hal_msp.c:344:6:HAL_TIM_MspPostInit	40	static
../Core/Src/stm32f4xx_hal_msp.c:376:6:HAL_TIM_Base_MspDeInit	0	static
../Core/Src/stm32f4xx_hal_msp.c:415:6:HAL_UART_MspInit	48	static
../Core/Src/stm32f4xx_hal_msp.c:455:6:HAL_UART_MspDeInit	8	static
