../Core/Programmer/swd/utils.c:64:6:haltTarget.part.0	8	static
../Core/Programmer/swd/utils.c:51:10:readUniqueId	16	static
../Core/Programmer/swd/utils.c:64:6:haltTarget	24	static
../Core/Programmer/swd/utils.c:87:6:runTarget	8	static
../Core/Programmer/swd/utils.c:96:6:stepTarget	8	static
../Core/Programmer/swd/utils.c:109:5:getFlashSize	0	static
../Core/Programmer/swd/utils.c:131:5:getPageSize	0	static
../Core/Programmer/swd/utils.c:189:6:getDeviceName	0	static
../Core/Programmer/swd/utils.c:239:10:getTarWrap	0	static
../Core/Programmer/swd/utils.c:271:6:resetAndHaltTarget	24	static
../Core/Programmer/swd/utils.c:315:6:resetTarget	24	static
../Core/Programmer/swd/utils.c:365:6:hardResetTarget	8	static
../Core/Programmer/swd/utils.c:381:10:readMem	16	static
../Core/Programmer/swd/utils.c:402:6:writeMem	8	static
../Core/Programmer/swd/utils.c:413:6:waitForRegReady	16	static
../Core/Programmer/swd/utils.c:425:6:verifyDpId	0	static
../Core/Programmer/swd/utils.c:445:6:verifyAhbApId	0	static
../Core/Programmer/swd/utils.c:467:6:connectToTarget	32	static
