../Core/Programmer/swd/utils.c:49:6:haltTarget	32	static
../Core/Programmer/swd/utils.c:72:6:runTarget	8	static
../Core/Programmer/swd/utils.c:81:6:stepTarget	8	static
../Core/Programmer/swd/utils.c:186:6:hardResetTarget	8	static
../Core/Programmer/swd/utils.c:202:10:readMem	16	static
../Core/Programmer/swd/utils.c:223:6:writeMem	8	static
../Core/Programmer/swd/utils.c:92:6:resetAndHaltTarget	16	static
../Core/Programmer/swd/utils.c:136:6:resetTarget	16	static
../Core/Programmer/swd/utils.c:234:6:waitForRegReady	8	static
../Core/Programmer/swd/utils.c:246:6:verifyDpId	0	static
../Core/Programmer/swd/utils.c:262:6:verifyAhbApId	0	static
../Core/Programmer/swd/utils.c:280:6:connectToTarget	16	static
