../Core/Programmer/target/stm32h7_flash.c:10:6:Stm32h7_Flash_WaitOperation	32	static
../Core/Programmer/target/stm32h7_flash.c:59:6:Stm32h7_Flash_MassErase	16	static
../Core/Programmer/target/stm32h7_flash.c:117:6:Stm32h7_Flash_Unlock	16	static
../Core/Programmer/target/stm32h7_flash.c:162:6:Stm32h7_Flash_Lock	16	static
../Core/Programmer/target/stm32h7_flash.c:195:6:Stm32h7_Flash_Program	48	static
../Core/Programmer/target/stm32h7_flash.c:231:6:Stm32h7_Flash_OB_Unlock	8	static
../Core/Programmer/target/stm32h7_flash.c:256:6:Stm32h7_Flash_OB_Lock	8	static
../Core/Programmer/target/stm32h7_flash.c:309:6:Stm32h7_Flash_OB_Launch	16	static
../Core/Programmer/target/stm32h7_flash.c:347:6:Stm32h7_Flash_OB_Program	16	static
