../Core/Programmer/target/stm32c0_flash.c:74:6:Stm32c0_Flash_Unlock	8	static
../Core/Programmer/target/stm32c0_flash.c:100:6:Stm32c0_Flash_Lock	8	static
../Core/Programmer/target/stm32c0_flash.c:123:6:Stm32c0_Flash_WaitOperation	16	static
../Core/Programmer/target/stm32c0_flash.c:11:6:Stm32c0_Flash_MassErase	8	static
../Core/Programmer/target/stm32c0_flash.c:36:6:Stm32c0_Flash_Program	24	static
../Core/Programmer/target/stm32c0_flash.c:170:6:Stm32c0_Flash_OB_Lock	8	static
../Core/Programmer/target/stm32c0_flash.c:192:6:Stm32c0_Flash_OB_Unlock	8	static
../Core/Programmer/target/stm32c0_flash.c:236:10:Stm32c0_Flash_OB_GetUser	8	static
../Core/Programmer/target/stm32c0_flash.c:277:6:Stm32c0_Flash_OB_OptrConfig	24	static
../Core/Programmer/target/stm32c0_flash.c:294:6:Stm32c0_Flash_OB_Launch	8	static
../Core/Programmer/target/stm32c0_flash.c:316:6:Stm32c0_Flash_OB_Program	16	static
