../Core/Programmer/target/stm32c0_flash.c:72:6:Stm32c0_Flash_Unlock	8	static
../Core/Programmer/target/stm32c0_flash.c:98:6:Stm32c0_Flash_Lock	8	static
../Core/Programmer/target/stm32c0_flash.c:121:6:Stm32c0_Flash_WaitOperation	16	static
../Core/Programmer/target/stm32c0_flash.c:11:6:Stm32c0_Flash_MassErase	8	static
../Core/Programmer/target/stm32c0_flash.c:36:6:Stm32c0_Flash_Program	16	static
../Core/Programmer/target/stm32c0_flash.c:168:6:Stm32c0_Flash_OB_Lock	8	static
../Core/Programmer/target/stm32c0_flash.c:190:6:Stm32c0_Flash_OB_Unlock	8	static
../Core/Programmer/target/stm32c0_flash.c:234:10:Stm32c0_Flash_OB_GetUser	8	static
../Core/Programmer/target/stm32c0_flash.c:275:6:Stm32c0_Flash_OB_OptrConfig	24	static
../Core/Programmer/target/stm32c0_flash.c:292:6:Stm32c0_Flash_OB_Launch	8	static
../Core/Programmer/target/stm32c0_flash.c:314:6:Stm32c0_Flash_OB_Program	16	static
