../Core/Programmer/target/stm32h7_flash.c:11:6:Stm32h7_Flash_WaitOperation	32	static
../Core/Programmer/target/stm32h7_flash.c:60:6:Stm32h7_Flash_MassErase	16	static
../Core/Programmer/target/stm32h7_flash.c:118:6:Stm32h7_Flash_Unlock	16	static
../Core/Programmer/target/stm32h7_flash.c:163:6:Stm32h7_Flash_Lock	16	static
../Core/Programmer/target/stm32h7_flash.c:196:6:Stm32h7_Flash_Program	48	static
../Core/Programmer/target/stm32h7_flash.c:232:6:Stm32h7_Flash_OB_Unlock	8	static
../Core/Programmer/target/stm32h7_flash.c:257:6:Stm32h7_Flash_OB_Lock	8	static
../Core/Programmer/target/stm32h7_flash.c:310:6:Stm32h7_Flash_OB_Launch	16	static
../Core/Programmer/target/stm32h7_flash.c:348:6:Stm32h7_Flash_OB_Program	16	static
