../Core/Programmer/target/Target.c:337:6:Target_VerifyCallback	96	static
../Core/Programmer/target/Target.c:296:6:Target_ProgramCallback_STM32C0	48	static
../Core/Programmer/target/Target.c:98:22:Target_Connect	24	static
../Core/Programmer/target/Target.c:130:22:Target_Program	1112	static
../Core/Programmer/target/Target.c:207:22:Target_MassErase	8	static
../Core/Programmer/target/Target.c:369:22:Target_Verfify	832	static
../Core/Programmer/target/Target.c:431:22:Target_Proteciton_Unlock	8	static
../Core/Programmer/target/Target.c:43:6:Target_MainLoop	24	static
../Core/Programmer/target/Target.c:479:22:Target_Protection_Lock	8	static
../Core/Programmer/target/Target.c:510:6:Target_BuutonPush	0	static
../Core/Programmer/target/Target.c:533:6:Target_LedSet	0	static
../Core/Programmer/target/Target.c:538:1:__io_putchar	16	static
